List of keys from library : D:\CubeMod\New100MW1g18.bib                                                                                                     
(See file D:\CubeMod\New100MW1g18.lst)
*
*    INDEX OF KEYS ON THE LIBRARY 
*
*          ***  D:\CubeMod\New100MW1g18.bib                                                                                                       ***
*
*--------------------------------------------
*   D:\Cube\New100MW1g18.bib
*--------------------------------------------
*
*
*      NUMBER OF GROUPS  1
*
*
*         CREATE ON  8/15/19
*
*           AT  10:11: 2
*
** NUMERO DE GRUPOS =  1
** ----------------
   1 S18_00_        EC 1.8%. . SIN VQ. con separador                             TITLE: EC 1.8. . SIN VQ.  separadorec18cs1gf.cd
   2 S18_00_MEDIO   EC 1.8%. VALOR CENTRAL. SIN VQ. con separador                TITLE: EC 1.8. VALOR CENT. SIN VQ. ec18cs1gf.cd
   3 S18_00_TFMAX   EC 1.8%. TFUELmax=1000 C. SIN VQ. con separador              TITLE: EC 1.8. TFUELmax=1 C. SIN VQec18cs1gf.cd
   4 S18_00_TF700   EC 1.8%. TFUELmed=700 C. SIN VQ. con separador               TITLE: EC 1.8. TFUELmed=7C. SIN VQ.ec18cs1gf.cd
   5 S18_00_TFMIN   EC 1.8%. TFUELmin=284 C. SIN VQ. con separador               TITLE: EC 1.8. TFUELmin=2C. SIN VQ.ec18cs1gf.cd
   6 S18_00_TRMIN   EC 1.8%. TCOOLmin=284 C. SIN VQ. con separador               TITLE: EC 1.8. TCOOLmin=2C. SIN VQ.ec18cs1gf.cd
   7 S18_00_TRMAX   EC 1.8%. TCOOLmax=326 C. SIN VQ. con separador               TITLE: EC 1.8. TCOOLmax=3C. SIN VQ.ec18cs1gf.cd
   8 S18_00_DMAX    EC 1.8%. Temp Op_Dens Ref Max. SIN VQ. con separador         TITLE: EC 1.8. Temp Op_DeRef Max. Sec18cs1gf.cd
   9 S18_00_D550    EC 1.8%. Temp Op_Dens Ref Med. SIN VQ. con separador         TITLE: EC 1.8. Temp Op_DeRef Med. Sec18cs1gf.cd
  10 S18_00_DMIN    EC 1.8%. Temp Op_Dens Ref Min. SIN VQ. con separador         TITLE: EC 1.8. Temp Op_DeRef Min. Sec18cs1gf.cd
  11 S18_00_AIC12   EC 1.8%. BARRAS CONTROL 12 AIC. SIN VQ. con separador        TITLE: EC 1.8. BARRAS CONL 12 AIC. ec18cs1gf.cd
