 neutyp_eq

 Timestamp is 5dd3f54e (Tue Nov 19 10:59:42 2019)

 Preferred load address is 00400000

 Start         Length     Name                   Class
 0001:00000000 00052182H .text                   CODE
 0002:00000000 00000140H .idata$5                DATA
 0002:00000140 00001358H .rdata                  DATA
 0002:00001498 00000028H .idata$2                DATA
 0002:000014c0 00000014H .idata$3                DATA
 0002:000014d4 00000140H .idata$4                DATA
 0002:00001614 000005a6H .idata$6                DATA
 0002:00001bba 00000000H .edata                  DATA
 0003:00000000 00000004H .CRT$XCA                DATA
 0003:00000004 00000000H .CRT$XCU                DATA
 0003:00000004 00000004H .CRT$XCZ                DATA
 0003:00000008 00000004H .CRT$XIA                DATA
 0003:0000000c 00000008H .CRT$XIC                DATA
 0003:00000014 00000004H .CRT$XIZ                DATA
 0003:00000018 00000004H .CRT$XPA                DATA
 0003:0000001c 0000000cH .CRT$XPX                DATA
 0003:00000028 00000004H .CRT$XPZ                DATA
 0003:0000002c 00000004H .CRT$XTA                DATA
 0003:00000030 00000004H .CRT$XTZ                DATA
 0003:00000040 000167f0H .data                   DATA
 0003:00016830 00001e78H .bss                    DATA

  Address         Publics by Value              Rva+Base     Lib:Object

 0001:00000000       _utilitarios_float_        00403000 f   neutyp_eq.obj
 0001:00000020       _utilitarios_float@_diracof_ 00403020 f   neutyp_eq.obj
 0001:000002f0       _utilitarios_float@_diracoi_ 004032f0 f   neutyp_eq.obj
 0001:00000460       _MAIN__                    00403460 f   neutyp_eq.obj
 0001:00002620       _f_trim                    00405620 f   fj90f:jwe_ftrm.obj
 0001:00002670       _getarg_                   00405670 f   fj90i:jwe_sgta.obj
 0001:00002740       _jwe_iocf                  00405740 f   fj90i:jwe_iocf.obj
 0001:00004f10       _jwe_ifac                  00407f10 f   fj90i:jwe_iocf.obj
 0001:00005120       _jwe_iinf                  00408120 f   fj90i:jwe_iinf.obj
 0001:00005bc0       _jwe_ilst                  00408bc0 f   fj90i:jwe_ilst.obj
 0001:00006180       _jwe_xopt                  00409180 f   fj90i:jwe_xopt.obj
 0001:00007140       _jwe_xcop                  0040a140 f   fj90i:jwe_xopt.obj
 0001:000073a0       _jwe_xrcp                  0040a3a0 f   fj90i:jwe_xopt.obj
 0001:000073b0       _jwe_xstp                  0040a3b0 f   fj90i:jwe_xstp.obj
 0001:00007500       _jwe_xalc                  0040a500 f   fj90i:jwe_xalc.obj
 0001:00007960       _jwe_x_alloc_trace         0040a960 f   fj90i:jwe_xalc.obj
 0001:00007a90       _jwe_xdal                  0040aa90 f   fj90i:jwe_xdal.obj
 0001:00007e40       _jwe_iduf                  0040ae40 f   fj90i:jwe_iduf.obj
 0001:00008190       _jwe_xilc                  0040b190 f   fj90i:jwe_xilc.obj
 0001:000081d0       _jwe_xarg                  0040b1d0 f   fj90i:jwe_xarg.obj
 0001:00008310       _jwe_xint                  0040b310 f   fj90i:jwe_xint.obj
 0001:00008390       _jwe_isui                  0040b390 f   fj90i:jwe_isui.obj
 0001:000084c0       _jwe_isu1                  0040b4c0 f   fj90i:jwe_isui.obj
 0001:00008570       _jwe_icep                  0040b570 f   fj90i:jwe_icep.obj
 0001:00008630       _jwe_icui                  0040b630 f   fj90i:jwe_icui.obj
 0001:00008aa0       _jwe_iist                  0040baa0 f   fj90i:jwe_icui.obj
 0001:00008af0       _jwe_ifcf                  0040baf0 f   fj90i:jwe_ifcf.obj
 0001:00008c70       _jwe_ifcc                  0040bc70 f   fj90i:jwe_ifcc.obj
 0001:00008d30       _jwe_iflc                  0040bd30 f   fj90i:jwe_iflc.obj
 0001:00008f90       _jwe_iflo                  0040bf90 f   fj90i:jwe_iflo.obj
 0001:00009020       _jwe_ienv                  0040c020 f   fj90i:jwe_ienv.obj
 0001:000091a0       _jwe_isss                  0040c1a0 f   fj90i:jwe_isss.obj
 0001:000091b0       _jwe_ifnc                  0040c1b0 f   fj90i:jwe_ifnc.obj
 0001:00009460       _jwe_ifck                  0040c460 f   fj90i:jwe_ifck.obj
 0001:00009530       _jwe_igfn                  0040c530 f   fj90i:jwe_igfn.obj
 0001:000095e0       _jwe_iftx                  0040c5e0 f   fj90i:jwe_iftx.obj
 0001:00009740       _jwe_ifct                  0040c740 f   fj90i:jwe_ifct.obj
 0001:0000b860       _jwe_isob                  0040e860 f   fj90i:jwe_isob.obj
 0001:0000b990       _jwe_ifmt                  0040e990 f   fj90i:jwe_ifmt.obj
 0001:0000cf00       _jwe_inao                  0040ff00 f   fj90i:jwe_inao.obj
 0001:0000e560       _jwe_inai                  00411560 f   fj90i:jwe_inai.obj
 0001:0000f9d0       _jwe_inkw                  004129d0 f   fj90i:jwe_inai.obj
 0001:00010180       _jwe_inch                  00413180 f   fj90i:jwe_inai.obj
 0001:000101f0       _jwe_inc2                  004131f0 f   fj90i:jwe_inai.obj
 0001:00010230       _jwe_inhx                  00413230 f   fj90i:jwe_inai.obj
 0001:00010400       _jwe_inex                  00413400 f   fj90i:jwe_inai.obj
 0001:00010450       _jwe_inhc                  00413450 f   fj90i:jwe_inai.obj
 0001:000111a0       _jwe_ine1                  004141a0 f   fj90i:jwe_inai.obj
 0001:00011380       _jwe_ine2                  00414380 f   fj90i:jwe_inai.obj
 0001:000115a0       _jwe_ine3                  004145a0 f   fj90i:jwe_inai.obj
 0001:000116d0       _jwe_in_g                  004146d0 f   fj90i:jwe_inai.obj
 0001:000118c0       _jwe_insf                  004148c0 f   fj90i:jwe_inai.obj
 0001:00011940       _jwe_inah                  00414940 f   fj90i:jwe_inai.obj
 0001:000119a0       _jwe_ilni                  004149a0 f   fj90i:jwe_ilni.obj
 0001:00012d90       _jwe_igad                  00415d90 f   fj90i:jwe_igad.obj
 0001:00012db0       _jwe_ipid                  00415db0 f   fj90i:jwe_ipid.obj
 0001:00012e40       _jwe_iipg                  00415e40 f   fj90i:jwe_iipg.obj
 0001:00013190       _jwe_iedo                  00416190 f   fj90i:jwe_iedo.obj
 0001:00016220       _jwe_iedi                  00419220 f   fj90i:jwe_iedi.obj
 0001:00019850       _jwe_ildo                  0041c850 f   fj90i:jwe_ildo.obj
 0001:0001b090       _jwe_illd                  0041e090 f   fj90i:jwe_ildo.obj
 0001:0001b1c0       _jwe_ildi                  0041e1c0 f   fj90i:jwe_ildi.obj
 0001:0001be60       _jwe_iscf                  0041ee60 f   fj90i:jwe_iscf.obj
 0001:0001ca20       _jwe_xsns                  0041fa20 f   fj90i:jwe_xsns.obj
 0001:0001caa8       _jwe_xscr                  0041faa8 f   fj90i:jwe_xsns.obj
 0001:0001cb3c       _jwe_xgsr                  0041fb3c f   fj90i:jwe_xsns.obj
 0001:0001cbe0       _jwe_xexi                  0041fbe0 f   fj90i:jwe_xexi.obj
 0001:0001cc40       _jwe_epmp                  0041fc40 f   fj90i:jwe_eprt.obj
 0001:0001cd00       _jwe_eprt                  0041fd00 f   fj90i:jwe_eprt.obj
 0001:0001d1a0       _jwe_etpt                  004201a0 f   fj90i:jwe_etpt.obj
 0001:0001d1d0       _jwe_xalc_fast             004201d0 f   fj90i:jwe_xdta.obj
 0001:0001d3e0       _jwe_xdal_fast             004203e0 f   fj90i:jwe_xdta.obj
 0001:0001d680       _jwe_xget_align            00420680 f   fj90i:jwe_xdta.obj
 0001:0001d6f0       _jwe_xfree_align           004206f0 f   fj90i:jwe_xdta.obj
 0001:0001d710       _jwe_iumv                  00420710 f   fj90i:jwe_iumv.obj
 0001:0001f370       _jwe_idcf                  00422370 f   fj90i:jwe_idcf.obj
 0001:0001f7f0       _jwe_iluc                  004227f0 f   fj90i:jwe_iluc.obj
 0001:0001f900       _jwe_ioef                  00422900 f   fj90i:jwe_ioef.obj
 0001:0001f980       _jwe_iosf                  00422980 f   fj90i:jwe_iosf.obj
 0001:0001fb40       _jwe_eerm                  00422b40 f   fj90i:jwe_eerm.obj
 0001:0001ff90       _jwe_xbfh                  00422f90 f   fj90i:jwe_xbfh.obj
 0001:0001ffb0       _jwe_xbsg                  00422fb0 f   fj90i:jwe_xbsg.obj
 0001:00020000       _jwe_xend                  00423000 f   fj90i:jwe_xend.obj
 0001:00020120       _jwe_xtim                  00423120 f   fj90i:jwe_xtim.obj
 0001:000201e0       _jwe_ifss                  004231e0 f   fj90i:jwe_ifss.obj
 0001:000202d0       _jwe_icfc                  004232d0 f   fj90i:jwe_icfc.obj
 0001:00020300       _jwe_xexs                  00423300 f   fj90i:jwe_xexs.obj
 0001:00020320       _jwe_xets                  00423320 f   fj90i:jwe_xexs.obj
 0001:00020530       _jwe_xacp                  00423530 f   fj90i:jwe_xacp.obj
 0001:00020570       _jwe_eset                  00423570 f   fj90i:jwe_eset.obj
 0001:00020580       _jwe_icps                  00423580 f   fj90i:jwe_icps.obj
 0001:00020cf0       _jwe_icpt                  00423cf0 f   fj90i:jwe_icpt.obj
 0001:000214b0       _jwe_ifps                  004244b0 f   fj90i:jwe_ifps.obj
 0001:00021a10       _jwe_ioec                  00424a10 f   fj90i:jwe_ioec.obj
 0001:00021e10       _jwe_ifcr                  00424e10 f   fj90i:jwe_ifcr.obj
 0001:00021eb0       _jwe_iefn                  00424eb0 f   fj90i:jwe_iefn.obj
 0001:00022020       _jwe_ifcs                  00425020 f   fj90i:jwe_ifcs.obj
 0001:00022110       _jwe_ifcl                  00425110 f   fj90i:jwe_ifcl.obj
 0001:00022eb0       _jwe_ifan                  00425eb0 f   fj90i:jwe_ifan.obj
 0001:00023070       _jwe_irpp                  00426070 f   fj90i:jwe_irpp.obj
 0001:000236e0       _jwe_isdp                  004266e0 f   fj90i:jwe_isdp.obj
 0001:000238c0       _jwe_isd1                  004268c0 f   fj90i:jwe_isdp.obj
 0001:000239a0       _jwe_isd2                  004269a0 f   fj90i:jwe_isdp.obj
 0001:00023b00       _jwe_isls                  00426b00 f   fj90i:jwe_isdp.obj
 0001:00023b50       _jwe_ielo                  00426b50 f   fj90i:jwe_ielo.obj
 0001:000240f0       _jwe_inad                  004270f0 f   fj90i:jwe_inad.obj
 0001:000263c0       _jwe_inas                  004293c0 f   fj90i:jwe_inas.obj
 0001:000279a0       _jwe_indi                  0042a9a0 f   fj90i:jwe_inas.obj
 0001:000286e0       _jwe_icft                  0042b6e0 f   fj90i:jwe_icft.obj
 0001:0002bf50       _jwe_iric                  0042ef50 f   fj90i:jwe_irio.obj
 0001:0002ceb0       _jwe_iroc                  0042feb0 f   fj90i:jwe_irio.obj
 0001:0002ee70       _jwe_icbd                  00431e70 f   fj90i:jwe_icbd.obj
 0001:0002ef70       _jwe_icbdu                 00431f70 f   fj90i:jwe_icbd.obj
 0001:0002eff0       _jwe_icbdr                 00431ff0 f   fj90i:jwe_icbd.obj
 0001:0002f0c0       _jwe_ibtd                  004320c0 f   fj90i:jwe_ibtd.obj
 0001:0002f520       _jwe_ibtr                  00432520 f   fj90i:jwe_ibtr.obj
 0001:0002f710       _jwe_ibtru                 00432710 f   fj90i:jwe_ibtr.obj
 0001:0002f830       _jwe_ibtrr                 00432830 f   fj90i:jwe_ibtr.obj
 0001:0002fa20       _jwe_irms                  00432a20 f   fj90i:jwe_irms.obj
 0001:0002fb70       _jwe_inis                  00432b70 f   fj90i:jwe_inis.obj
 0001:0002fc70       _jwe_iims                  00432c70 f   fj90i:jwe_iims.obj
 0001:0002fd20       _jwe_icdb                  00432d20 f   fj90i:jwe_icdb.obj
 0001:0002feb0       _jwe_icdbu                 00432eb0 f   fj90i:jwe_icdb.obj
 0001:0002ff80       _jwe_idtb                  00432f80 f   fj90i:jwe_idtb.obj
 0001:000301b0       _jwe_idtbu                 004331b0 f   fj90i:jwe_idtb.obj
 0001:00030370       _jwe_idtr                  00433370 f   fj90i:jwe_idtr.obj
 0001:000304e0       _jwe_idtru                 004334e0 f   fj90i:jwe_idtr.obj
 0001:000305e0       _jwe_iczb                  004335e0 f   fj90i:jwe_iczb.obj
 0001:00030820       _jwe_icbb                  00433820 f   fj90i:jwe_icbb.obj
 0001:00030950       _jwe_icob                  00433950 f   fj90i:jwe_icob.obj
 0001:00030c30       _jwe_igrr                  00433c30 f   fj90i:jwe_igrr.obj
 0001:000311d0       _jwe_iedp                  004341d0 f   fj90i:jwe_iedp.obj
 0001:000313e0       _jwe_ifal                  004343e0 f   fj90i:jwe_ifal.obj
 0001:000315a0       _jwe_ifch                  004345a0 f   fj90i:jwe_ifch.obj
 0001:00031700       _jwe_xget_cpuid            00434700 f   fj90i:jwe_xcpu.obj
 0001:00031800       _jwe_ecnv                  00434800 f   fj90i:jwe_ecnv.obj
 0001:00031930       _jwe_xtyp                  00434930 f   fj90i:jwe_xtyp.obj
 0001:00031bd0       _jwe_iffo                  00434bd0 f   fj90i:jwe_iffo.obj
 0001:00032560       _jwe_iffi                  00435560 f   fj90i:jwe_iffi.obj
 0001:00032dd0       _jwe_iflb                  00435dd0 f   fj90i:jwe_iflb.obj
 0001:00032f40       _jwe_errr                  00435f40 f   fj90i:jwe_errr.obj
 0001:00033780       _jwe_einf                  00436780 f   fj90i:jwe_einf.obj
 0001:00033ad0       _jwe_eitm                  00436ad0 f   fj90i:jwe_eitm.obj
 0001:00033b00       _jwe_xpac                  00436b00 f   fj90i:jwe_xpac.obj
 0001:00033d00       _jwe_iged                  00436d00 f   fj90i:jwe_iend.obj
 0001:00033f40       _jwe_ieed                  00436f40 f   fj90i:jwe_iend.obj
 0001:00033fe0       _jwe_xfpe                  00436fe0 f   fj90i:jwe_xfpe.obj
 0001:000340c0       _jwe_xsko                  004370c0 f   fj90i:jwe_xsko.obj
 0001:000340f0       _jwe_xacv                  004370f0 f   fj90i:jwe_xacv.obj
 0001:00034120       _jwe_xacd                  00437120 f   fj90i:jwe_xacd.obj
 0001:00034130       _jwe_xesm                  00437130 f   fj90i:jwe_xesm.obj
 0001:000341d0       _jwe_etbm                  004371d0 f   fj90i:jwe_etbm.obj
 0001:000354b0       _jwe_xill                  004384b0 f   fj90i:jwe_xill.obj
 0001:000354e0       _jwe_xrdy                  004384e0 f   fj90i:jwe_xrdy.obj
 0001:000354f0       _jwe_iicn                  004384f0 f   fj90i:jwe_iicn.obj
 0001:00035830       _jwe_irpd                  00438830 f   fj90i:jwe_irpd.obj
 0001:00035db0       _jwe_irp1                  00438db0 f   fj90i:jwe_irpd.obj
 0001:00035e70       _jwe_irp2                  00438e70 f   fj90i:jwe_irpd.obj
 0001:00036040       _jwe_ijdj                  00439040 f   fj90i:jwe_ijdj.obj
 0001:000362a0       _jwe_imdj                  004392a0 f   fj90i:jwe_imdj.obj
 0001:000362f0       _jwe_imdju                 004392f0 f   fj90i:jwe_imdj.obj
 0001:00036350       _jwe_ifvsv                 00439350 f   fj90i:jwe_imdj.obj
 0001:000363b0       _jwe_ifvdu                 004393b0 f   fj90i:jwe_imdj.obj
 0001:000364f0       _jwe_ifvdv                 004394f0 f   fj90i:jwe_imdj.obj
 0001:00036670       _jwe_ijad                  00439670 f   fj90i:jwe_ijad.obj
 0001:000366f0       _jwe_ijmj                  004396f0 f   fj90i:jwe_ijmj.obj
 0001:00036840       _jwe_ifop                  00439840 f   fj90i:jwe_ifop.obj
 0001:000376f0       _jwe_emsg                  0043a6f0 f   fj90i:jwe_emsg.obj
 0001:00038650       _jwe_egtb                  0043b650 f   fj90i:jwe_ertb.obj
 0001:00038660       _jwe_ebtl                  0043b660 f   fj90i:jwe_ertb.obj
 0001:00038670       _jwe_etbl                  0043b670 f   fj90i:jwe_etbl.obj
 0001:000386a0       _jwe_etbe                  0043b6a0 f   fj90i:jwe_etbe.obj
 0001:000387a0       _jwe_etbn                  0043b7a0 f   fj90i:jwe_etbn.obj
 0001:000388c0       _jwe_etbg                  0043b8c0 f   fj90i:jwe_etbg.obj
 0001:00038a20       _jwe_etbs_dll              0043ba20 f   fj90i:jwe_etbs.obj
 0001:00038da0       _jwe_etbs                  0043bda0 f   fj90i:jwe_etbs.obj
 0001:00039150       _jwe_ijsb                  0043c150 f   fj90i:jwe_ijsb.obj
 0001:000391c0       _jwe_idpa                  0043c1c0 f   fj90i:jwe_idpa.obj
 0001:00039f70       _jwe_idpb                  0043cf70 f   fj90i:jwe_idpa.obj
 0001:0003a160       _jwe_idpe                  0043d160 f   fj90i:jwe_idpa.obj
 0001:0003a280       _jwe_idga                  0043d280 f   fj90i:jwe_idga.obj
 0001:0003a940       _jwe_idpt                  0043d940 f   fj90i:jwe_idpt.obj
 0001:0003b560       _jwe_idft                  0043e560 f   fj90i:jwe_idpt.obj
 0001:0003b740       _jwe_idgt                  0043e740 f   fj90i:jwe_idgt.obj
 0001:0003be00       _jwe_iupd                  0043ee00 f   fj90i:jwe_iupd.obj
 0001:0003c4b0       _jwe_iupd_error            0043f4b0 f   fj90i:jwe_iupd.obj
 0001:0003c550       _jwe_iugd                  0043f550 f   fj90i:jwe_iugd.obj
 0001:0003c9b0       _jwe_ibpd                  0043f9b0 f   fj90i:jwe_ibpd.obj
 0001:0003ccc0       _jwe_ibgd                  0043fcc0 f   fj90i:jwe_ibgd.obj
 0001:0003ce60       _jwe_ifpf                  0043fe60 f   fj90i:jwe_ifpf.obj
 0001:0003da90       _jwe_icpf                  00440a90 f   fj90i:jwe_icpf.obj
 0001:0003e9e0       _jwe_ifgf                  004419e0 f   fj90i:jwe_ifgf.obj
 0001:0003f160       _jwe_ipfd                  00442160 f   fj90i:jwe_ipfd.obj
 0001:0003fe80       _jwe_itfn                  00442e80 f   fj90i:jwe_itfn.obj
 0001:000401c0       _jwe_iifd                  004431c0 f   fj90i:jwe_iifd.obj
 0001:000404d0       _jwe_igfd                  004434d0 f   fj90i:jwe_igfd.obj
 0001:00040850       _jwe_itfd                  00443850 f   fj90i:jwe_itfd.obj
 0001:00040d20       _jwe_isfd                  00443d20 f   fj90i:jwe_isfd.obj
 0001:00040ea0       _jwe_irfd                  00443ea0 f   fj90i:jwe_irfd.obj
 0001:00040f90       _jwe_ibfd                  00443f90 f   fj90i:jwe_ibfd.obj
 0001:00041ca0       _jwe_ifgs                  00444ca0 f   fj90i:jwe_ifgs.obj
 0001:00041e70       _jwe_ifga                  00444e70 f   fj90i:jwe_ifga.obj
 0001:00041f20       _jwe_ipsd                  00444f20 f   fj90i:jwe_ipsd.obj
 0001:00042630       _jwe_ipad                  00445630 f   fj90i:jwe_ipad.obj
 0001:00042660       _jwe_itsn                  00445660 f   fj90i:jwe_itsn.obj
 0001:00042750       _jwe_ifpa                  00445750 f   fj90i:jwe_ifpa.obj
 0001:00042830       _jwe_igsd                  00445830 f   fj90i:jwe_igsd.obj
 0001:000429d0       _jwe_itsd                  004459d0 f   fj90i:jwe_itsd.obj
 0001:00042ae0       _jwe_issd                  00445ae0 f   fj90i:jwe_issd.obj
 0001:00042b40       _jwe_irsd                  00445b40 f   fj90i:jwe_irsd.obj
 0001:00042b90       _jwe_ibsd                  00445b90 f   fj90i:jwe_ibsd.obj
 0001:00042db0       _jwe_etxt                  00445db0 f   fj90i:jwe_etxt.obj
 0001:00042e10       _jwe_etbf                  00445e10 f   fj90i:jwe_etbf.obj
 0001:00043210       _jwe_itpt                  00446210 f   fj90i:jwe_itpt.obj
 0001:000432a0       _jwe_emso                  004462a0 f   fj90i:jwe_emso.obj
 0001:000432b0       _jwe_emss                  004462b0 f   fj90i:jwe_emss.obj
 0001:000432c0       _jwe_emsf                  004462c0 f   fj90i:jwe_emsf.obj
 0001:000432d0       _jwe_emsi                  004462d0 f   fj90i:jwe_emsi.obj
 0001:000432e0       _jwe_emsx                  004462e0 f   fj90i:jwe_emsx.obj
 0001:000432f0       _jwe_ems5                  004462f0 f   fj90i:jwe_ems5.obj
 0001:00043300       _jwe_ems4                  00446300 f   fj90i:jwe_ems4.obj
 0001:00043310       _jwe_ems3                  00446310 f   fj90i:jwe_ems3.obj
 0001:00043320       _jwe_ems2                  00446320 f   fj90i:jwe_ems2.obj
 0001:00043330       _jwe_ems1                  00446330 f   fj90i:jwe_ems1.obj
 0001:00043340       __alloca_probe             00446340 f   libc:chkstk.obj
 0001:00043340       __chkstk                   00446340 f   libc:chkstk.obj
 0001:0004336f       _mainCRTStartup            0044636f f   libc:crt0.obj
 0001:0004344e       __amsg_exit                0044644e f   libc:crt0.obj
 0001:00043497       ___initstdio               00446497 f   libc:_file.obj
 0001:0004353c       ___endstdio                0044653c f   libc:_file.obj
 0001:00043550       __stati64                  00446550 f   libc:stati64.obj
 0001:0004388f       __statusfp                 0044688f f   libc:ieee87.obj
 0001:000438a2       __clearfp                  004468a2 f   libc:ieee87.obj
 0001:000438b6       __control87                004468b6 f   libc:ieee87.obj
 0001:000438eb       __controlfp                004468eb f   libc:ieee87.obj
 0001:00043901       __fpreset                  00446901 f   libc:ieee87.obj
 0001:00043a7b       _fflush                    00446a7b f   libc:fflush.obj
 0001:00043ab6       __flush                    00446ab6 f   libc:fflush.obj
 0001:00043b12       __flushall                 00446b12 f   libc:fflush.obj
 0001:00043b88       _printf                    00446b88 f   libc:printf.obj
 0001:00043bb9       _getenv                    00446bb9 f   libc:getenv.obj
 0001:00043c36       __isctype                  00446c36 f   libc:isctype.obj
 0001:00043cb0       _strncpy                   00446cb0 f   libc:strncpy.obj
 0001:00043dae       _realloc                   00446dae f   libc:realloc.obj
 0001:0004404e       _malloc                    0044704e f   libc:malloc.obj
 0001:00044060       __nh_malloc                00447060 f   libc:malloc.obj
 0001:0004408c       __heap_alloc               0044708c f   libc:malloc.obj
 0001:00044100       _fputc                     00447100 f   libc:fputc.obj
 0001:00044124       _putc                      00447124 f   libc:fputc.obj
 0001:00044134       _sprintf                   00447134 f   libc:sprintf.obj
 0001:00044186       __tolower                  00447186 f   libc:tolower.obj
 0001:0004418e       _tolower                   0044718e f   libc:tolower.obj
 0001:00044259       _fgets                     00447259 f   libc:fgets.obj
 0001:000442b0       _memmove                   004472b0 f   libc:memmove.obj
 0001:000445f0       __CIpow                    004475f0 f   libc:pow.obj
 0001:00044609       _pow                       00447609 f   libc:pow.obj
 0001:0004480d       __fpmath                   0044780d f   libc:fpinit.obj
 0001:00044824       __fpclear                  00447824 f   libc:fpinit.obj
 0001:00044825       __cfltcvt_init             00447825 f   libc:fpinit.obj
 0001:0004485d       ___setfflag                0044785d f   libc:fpinit.obj
 0001:0004486d       _fclose                    0044786d f   libc:fclose.obj
 0001:000448c3       _fputs                     004478c3 f   libc:fputs.obj
 0001:00044906       __fsopen                   00447906 f   libc:fopen.obj
 0001:00044926       _fopen                     00447926 f   libc:fopen.obj
 0001:00044939       _strtol                    00447939 f   libc:strtol.obj
 0001:00044b58       _strtoul                   00447b58 f   libc:strtol.obj
 0001:00044b6f       _free                      00447b6f f   libc:free.obj
 0001:00044bd8       _abort                     00447bd8 f   libc:abort.obj
 0001:00044bef       __cinit                    00447bef f   libc:crt0dat.obj
 0001:00044c1c       _exit                      00447c1c f   libc:crt0dat.obj
 0001:00044c2d       __exit                     00447c2d f   libc:crt0dat.obj
 0001:00044c3e       __cexit                    00447c3e f   libc:crt0dat.obj
 0001:00044c4d       __c_exit                   00447c4d f   libc:crt0dat.obj
 0001:00044d0f       _fwrite                    00447d0f f   libc:fwrite.obj
 0001:00044e19       _fseek                     00447e19 f   libc:fseek.obj
 0001:00044ea5       _strerror                  00447ea5 f   libc:strerror.obj
 0001:00044ed1       __fstati64                 00447ed1 f   libc:fstati64.obj
 0001:00045165       __lseeki64                 00448165 f   libc:lseeki64.obj
 0001:00045218       __ftol                     00448218 f   libc:ftol.obj
 0001:0004523f       _isalpha                   0044823f f   libc:_ctype.obj
 0001:0004526d       _isupper                   0044826d f   libc:_ctype.obj
 0001:00045295       _islower                   00448295 f   libc:_ctype.obj
 0001:000452bd       _isdigit                   004482bd f   libc:_ctype.obj
 0001:000452e5       _isxdigit                  004482e5 f   libc:_ctype.obj
 0001:00045312       _isspace                   00448312 f   libc:_ctype.obj
 0001:0004533a       _ispunct                   0044833a f   libc:_ctype.obj
 0001:00045362       _isalnum                   00448362 f   libc:_ctype.obj
 0001:00045390       _isprint                   00448390 f   libc:_ctype.obj
 0001:000453be       _isgraph                   004483be f   libc:_ctype.obj
 0001:000453ec       _iscntrl                   004483ec f   libc:_ctype.obj
 0001:00045414       ___isascii                 00448414 f   libc:_ctype.obj
 0001:00045421       ___toascii                 00448421 f   libc:_ctype.obj
 0001:00045429       ___iscsymf                 00448429 f   libc:_ctype.obj
 0001:00045466       ___iscsym                  00448466 f   libc:_ctype.obj
 0001:000454a3       _fread                     004484a3 f   libc:fread.obj
 0001:0004558b       _ftell                     0044858b f   libc:ftell.obj
 0001:000456f0       _memcmp                    004486f0 f   libc:memcmp.obj
 0001:0004579c       __toupper                  0044879c f   libc:toupper.obj
 0001:000457a4       _toupper                   004487a4 f   libc:toupper.obj
 0001:00045870       _strncat                   00448870 f   libc:strncat.obj
 0001:000459a0       _strncmp                   004489a0 f   libc:strncmp.obj
 0001:000459d8       _atol                      004489d8 f   libc:atox.obj
 0001:00045a63       _atoi                      00448a63 f   libc:atox.obj
 0001:00045a6e       __atoi64                   00448a6e f   libc:atox.obj
 0001:00045b28       _setvbuf                   00448b28 f   libc:setvbuf.obj
 0001:00045bd0       __allrem                   00448bd0 f   libc:llrem.obj
 0001:00045c90       __alldiv                   00448c90 f   libc:lldiv.obj
 0001:00045d40       __allmul                   00448d40 f   libc:llmul.obj
 0001:00045d74       __flsbuf                   00448d74 f   libc:_flsbuf.obj
 0001:00045e89       _clearerr                  00448e89 f   libc:clearerr.obj
 0001:00045eb7       _rewind                    00448eb7 f   libc:rewind.obj
 0001:00045f0b       __XcptFilter               00448f0b f   libc:winxfltr.obj
 0001:0004608f       __setenvp                  0044908f f   libc:stdenvp.obj
 0001:00046148       __setargv                  00449148 f   libc:stdargv.obj
 0001:00046395       ___crtGetEnvironmentStringsA 00449395 f   libc:a_env.obj
 0001:000464c7       __ioinit                   004494c7 f   libc:ioinit.obj
 0001:00046672       __ioterm                   00449672 f   libc:ioinit.obj
 0001:00046695       __GetLinkerVersion         00449695 f   libc:heapinit.obj
 0001:000466c2       ___heap_select             004496c2 f   libc:heapinit.obj
 0001:0004680a       __heap_init                0044980a f   libc:heapinit.obj
 0001:00046867       __heap_term                00449867 f   libc:heapinit.obj
 0001:00046910       __global_unwind2           00449910 f   libc:exsup.obj
 0001:00046952       __local_unwind2            00449952 f   libc:exsup.obj
 0001:000469aa       __NLG_Return2              004499aa f   libc:exsup.obj
 0001:000469ba       __abnormal_termination     004499ba f   libc:exsup.obj
 0001:000469dd       __NLG_Notify1              004499dd f   libc:exsup.obj
 0001:000469e6       __NLG_Notify               004499e6 f   libc:exsup.obj
 0001:000469f9       __NLG_Dispatch             004499f9 f   libc:exsup.obj
 0001:00046a08       __except_handler3          00449a08 f   libc:exsup3.obj
 0001:00046ac5       __seh_longjmp_unwind@4     00449ac5 f   libc:exsup3.obj
 0001:00046ae0       __FF_MSGBANNER             00449ae0 f   libc:crt0msg.obj
 0001:00046b19       __NMSG_WRITE               00449b19 f   libc:crt0msg.obj
 0001:00046c6c       __GET_RTERRMSG             00449c6c f   libc:crt0msg.obj
 0001:00046c9d       _calloc                    00449c9d f   libc:calloc.obj
 0001:00046d4e       __fcloseall                00449d4e f   libc:closeall.obj
 0001:00046da6       __dosmaperr                00449da6 f   libc:dosmap.obj
 0001:00046e0d       ___dtoxmode                00449e0d f   libc:stat.obj
 0001:00046ec5       __stat                     00449ec5 f   libc:stat.obj
 0001:000471e8       ___loctotime_t             0044a1e8 f   libc:dtoxtime.obj
 0001:000472b0       _strlen                    0044a2b0 f   libc:strlen.obj
 0001:0004732b       __fullpath                 0044a32b f   libc:fullpath.obj
 0001:000473ce       __getdrive                 0044a3ce f   libc:drive.obj
 0001:00047411       __chdrive                  0044a411 f   libc:drive.obj
 0001:00047468       __mbctolower               0044a468 f   libc:mbtolwr.obj
 0001:000474e3       __mbspbrk                  0044a4e3 f   libc:mbspbrk.obj
 0001:00047568       __setdefaultprecision      0044a568 f   libc:fp8.obj
 0001:0004757a       __commit                   0044a57a f   libc:commit.obj
 0001:000475d1       _write                     0044a5d1 f   libc:write.obj
 0001:000475d1       __write                    0044a5d1 f   libc:write.obj
 0001:0004777e       __stbuf                    0044a77e f   libc:_sftbuf.obj
 0001:0004780b       __ftbuf                    0044a80b f   libc:_sftbuf.obj
 0001:00047848       __output                   0044a848 f   libc:output.obj
 0001:00048052       __mbsnbicoll               0044b052 f   libc:mbsnbico.obj
 0001:00048091       ___wtomb_environ           0044b091 f   libc:wtombenv.obj
 0001:000480ff       ___crtGetStringTypeA       0044b0ff f   libc:a_str.obj
 0001:00048248       __get_sbh_threshold        0044b248 f   libc:sbheap.obj
 0001:00048267       __set_sbh_threshold        0044b267 f   libc:sbheap.obj
 0001:0004831a       ___sbh_heap_init           0044b31a f   libc:sbheap.obj
 0001:00048362       ___sbh_find_block          0044b362 f   libc:sbheap.obj
 0001:0004838d       ___sbh_free_block          0044b38d f   libc:sbheap.obj
 0001:000486b6       ___sbh_alloc_block         0044b6b6 f   libc:sbheap.obj
 0001:000489bf       ___sbh_alloc_new_region    0044b9bf f   libc:sbheap.obj
 0001:00048a70       ___sbh_alloc_new_group     0044ba70 f   libc:sbheap.obj
 0001:00048b6b       ___sbh_resize_block        0044bb6b f   libc:sbheap.obj
 0001:00048e61       ___sbh_heapmin             0044be61 f   libc:sbheap.obj
 0001:00048f32       ___sbh_heap_check          0044bf32 f   libc:sbheap.obj
 0001:00049261       __get_old_sbh_threshold    0044c261 f   libc:sbheap.obj
 0001:00049267       __set_old_sbh_threshold    0044c267 f   libc:sbheap.obj
 0001:00049283       ___old_sbh_new_region      0044c283 f   libc:sbheap.obj
 0001:000493c7       ___old_sbh_release_region  0044c3c7 f   libc:sbheap.obj
 0001:0004941d       ___old_sbh_decommit_pages  0044c41d f   libc:sbheap.obj
 0001:000494df       ___old_sbh_find_block      0044c4df f   libc:sbheap.obj
 0001:00049536       ___old_sbh_free_block      0044c536 f   libc:sbheap.obj
 0001:0004957b       ___old_sbh_alloc_block     0044c57b f   libc:sbheap.obj
 0001:00049783       ___old_sbh_alloc_block_from_page 0044c783 f   libc:sbheap.obj
 0001:000498a7       ___old_sbh_resize_block    0044c8a7 f   libc:sbheap.obj
 0001:00049950       ___old_sbh_heap_check      0044c950 f   libc:sbheap.obj
 0001:00049aae       ?_set_new_handler@@YAP6AHI@ZP6AHI@Z@Z 0044caae f   libc:handler.obj
 0001:00049abe       ?_query_new_handler@@YAP6AHI@ZXZ 0044cabe f   libc:handler.obj
 0001:00049ac4       __callnewh                 0044cac4 f   libc:handler.obj
 0001:00049ae0       _memcpy                    0044cae0 f   libc:memcpy.obj
 0001:00049e15       ___crtLCMapStringA         0044ce15 f   libc:a_map.obj
 0001:0004a064       __filbuf                   0044d064 f   libc:_filbuf.obj
 0001:0004a151       __fFEXP                    0044d151 f   libc:87tran.obj
 0001:0004a1b8       __rtinfpopse               0044d1b8 f   libc:87tran.obj
 0001:0004a1ba       __rtinfnpopse              0044d1ba f   libc:87tran.obj
 0001:0004a1ca       __fFLN                     0044d1ca f   libc:87tran.obj
 0001:0004a27f       __rtinfpop                 0044d27f f   libc:87tran.obj
 0001:0004a281       __rtinfnpop                0044d281 f   libc:87tran.obj
 0001:0004a29e       __ffexpm1                  0044d29e f   libc:87tran.obj
 0001:0004a350       __trandisp1                0044d350 f   libc:87disp.obj
 0001:0004a3b7       __trandisp2                0044d3b7 f   libc:87disp.obj
 0001:0004a443       __rttospopde               0044d443 f   libc:87disp.obj
 0001:0004a448       __rttospop                 0044d448 f   libc:87disp.obj
 0001:0004a44a       __rtnospop                 0044d44a f   libc:87disp.obj
 0001:0004a44c       __rttosnpop                0044d44c f   libc:87disp.obj
 0001:0004a44d       __rtnospopde               0044d44d f   libc:87disp.obj
 0001:0004a454       __rtzeropop                0044d454 f   libc:87disp.obj
 0001:0004a456       __rtzeronpop               0044d456 f   libc:87disp.obj
 0001:0004a45b       __rtonepop                 0044d45b f   libc:87disp.obj
 0001:0004a45d       __rtonenpop                0044d45d f   libc:87disp.obj
 0001:0004a462       __tosnan1                  0044d462 f   libc:87disp.obj
 0001:0004a48d       __nosnan2                  0044d48d f   libc:87disp.obj
 0001:0004a48f       __tosnan2                  0044d48f f   libc:87disp.obj
 0001:0004a4b7       __nan2                     0044d4b7 f   libc:87disp.obj
 0001:0004a4f6       __rtindfpop                0044d4f6 f   libc:87disp.obj
 0001:0004a4f8       __rtindfnpop               0044d4f8 f   libc:87disp.obj
 0001:0004a509       __rttosnpopde              0044d509 f   libc:87disp.obj
 0001:0004a513       __rtchsifneg               0044d513 f   libc:87disp.obj
 0001:0004a520       __startTwoArgErrorHandling 0044d520 f   libc:genexcep.obj
 0001:0004a537       __startOneArgErrorHandling 0044d537 f   libc:genexcep.obj
 0001:0004a580       __twoToTOS                 0044d580 f   libc:common.obj
 0001:0004a595       __load_CW                  0044d595 f   libc:common.obj
 0001:0004a5ac       __convertTOStoQNaN         0044d5ac f   libc:common.obj
 0001:0004a5c5       __fload_withFB             0044d5c5 f   libc:common.obj
 0001:0004a608       __checkTOS_withFB          0044d608 f   libc:common.obj
 0001:0004a61e       __fast_exit                0044d61e f   libc:common.obj
 0001:0004a62b       __math_exit                0044d62b f   libc:common.obj
 0001:0004a655       __check_overflow_exit      0044d655 f   libc:common.obj
 0001:0004a669       __check_range_exit         0044d669 f   libc:common.obj
 0001:0004a70c       __powhlp                   0044d70c f   libc:powhlp.obj
 0001:0004a83c       __d_inttype                0044d83c f   libc:powhlp.obj
 0001:0004a8a1       __ms_p5_test_fdiv          0044d8a1 f   libc:testfdiv.obj
 0001:0004a8df       __ms_p5_mp_test_fdiv       0044d8df f   libc:testfdiv.obj
 0001:0004a908       __forcdecpt                0044d908 f   libc:cvt.obj
 0001:0004a962       __cropzeros                0044d962 f   libc:cvt.obj
 0001:0004a9b0       __positive                 0044d9b0 f   libc:cvt.obj
 0001:0004a9c8       __fassign                  0044d9c8 f   libc:cvt.obj
 0001:0004aa06       __cftoe                    0044da06 f   libc:cvt.obj
 0001:0004ab0a       __cftof                    0044db0a f   libc:cvt.obj
 0001:0004abe8       __cftog                    0044dbe8 f   libc:cvt.obj
 0001:0004accd       __cfltcvt                  0044dccd f   libc:cvt.obj
 0001:0004ad43       __close                    0044dd43 f   libc:close.obj
 0001:0004ad43       _close                     0044dd43 f   libc:close.obj
 0001:0004adf6       __freebuf                  0044ddf6 f   libc:_freebuf.obj
 0001:0004ae21       __openfile                 0044de21 f   libc:_open.obj
 0001:0004af91       __getstream                0044df91 f   libc:stream.obj
 0001:0004b009       _signal                    0044e009 f   libc:winsig.obj
 0001:0004b14d       _raise                     0044e14d f   libc:winsig.obj
 0001:0004b2bf       _lseek                     0044e2bf f   libc:lseek.obj
 0001:0004b2bf       __lseek                    0044e2bf f   libc:lseek.obj
 0001:0004b360       _strcpy                    0044e360 f   libc:strcat.obj
 0001:0004b370       _strcat                    0044e370 f   libc:strcat.obj
 0001:0004b450       __alloc_osfhnd             0044e450 f   libc:osfinfo.obj
 0001:0004b4e5       __set_osfhnd               0044e4e5 f   libc:osfinfo.obj
 0001:0004b55c       __free_osfhnd              0044e55c f   libc:osfinfo.obj
 0001:0004b5d6       __get_osfhandle            0044e5d6 f   libc:osfinfo.obj
 0001:0004b613       __open_osfhandle           0044e613 f   libc:osfinfo.obj
 0001:0004b6b0       __read                     0044e6b0 f   libc:read.obj
 0001:0004b6b0       _read                      0044e6b0 f   libc:read.obj
 0001:0004b8a6       __getbuf                   0044e8a6 f   libc:_getbuf.obj
 0001:0004b8ea       _isatty                    0044e8ea f   libc:isatty.obj
 0001:0004b8ea       __isatty                   0044e8ea f   libc:isatty.obj
 0001:0004b910       __setmbcp                  0044e910 f   libc:mbctype.obj
 0001:0004bcd4       __getmbcp                  0044ecd4 f   libc:mbctype.obj
 0001:0004bce4       ___initmbctable            0044ece4 f   libc:mbctype.obj
 0001:0004bd10       _strchr                    0044ed10 f   libc:strchr.obj
 0001:0004bd16       ___from_strstr_to_strchr   0044ed16 f   libc:strchr.obj
 0001:0004bdd0       _strstr                    0044edd0 f   libc:strstr.obj
 0001:0004be50       ___crtMessageBoxA          0044ee50 f   libc:crtmbox.obj
 0001:0004bee0       _memset                    0044eee0 f   libc:memset.obj
 0001:0004bf38       __mbsicmp                  0044ef38 f   libc:mbsicmp.obj
 0001:0004c0a6       __mbsrchr                  0044f0a6 f   libc:mbsrchr.obj
 0001:0004c106       ___tzset                   0044f106 f   libc:tzset.obj
 0001:0004c11b       __tzset                    0044f11b f   libc:tzset.obj
 0001:0004c379       __isindst                  0044f379 f   libc:tzset.obj
 0001:0004c665       __getcwd                   0044f665 f   libc:getcwd.obj
 0001:0004c665       _getcwd                    0044f665 f   libc:getcwd.obj
 0001:0004c678       __getdcwd                  0044f678 f   libc:getcwd.obj
 0001:0004c749       __validdrive               0044f749 f   libc:getcwd.obj
 0001:0004c780       _strpbrk                   0044f780 f   libc:strpbrk.obj
 0001:0004c7ba       _wctomb                    0044f7ba f   libc:wctomb.obj
 0001:0004c830       __aulldiv                  0044f830 f   libc:ulldiv.obj
 0001:0004c8a0       __aullrem                  0044f8a0 f   libc:ullrem.obj
 0001:0004c915       ___crtCompareStringA       0044f915 f   libc:a_cmp.obj
 0001:0004cbbd       ___crtsetenv               0044fbbd f   libc:setenv.obj
 0001:0004ce10       _fdiv_main_routine         0044fe10 f   libc:adj_fdiv.obj
 0001:0004cf27       __adj_fdiv_r               0044ff27 f   libc:adj_fdiv.obj
 0001:0004d3c6       __fdivp_sti_st             004503c6 f   libc:adj_fdiv.obj
 0001:0004d3d9       __fdivrp_sti_st            004503d9 f   libc:adj_fdiv.obj
 0001:0004d3ec       __adj_fdiv_m32             004503ec f   libc:adj_fdiv.obj
 0001:0004d438       __adj_fdiv_m64             00450438 f   libc:adj_fdiv.obj
 0001:0004d484       __adj_fdiv_m16i            00450484 f   libc:adj_fdiv.obj
 0001:0004d4b8       __adj_fdiv_m32i            004504b8 f   libc:adj_fdiv.obj
 0001:0004d4ec       __adj_fdivr_m32            004504ec f   libc:adj_fdiv.obj
 0001:0004d538       __adj_fdivr_m64            00450538 f   libc:adj_fdiv.obj
 0001:0004d584       __adj_fdivr_m16i           00450584 f   libc:adj_fdiv.obj
 0001:0004d5b8       __adj_fdivr_m32i           004505b8 f   libc:adj_fdiv.obj
 0001:0004d5ec       __safe_fdiv                004505ec f   libc:adj_fdiv.obj
 0001:0004d601       __safe_fdivr               00450601 f   libc:adj_fdiv.obj
 0001:0004d616       __fprem_common             00450616 f   libc:adj_fdiv.obj
 0001:0004d81c       __adj_fprem                0045081c f   libc:adj_fdiv.obj
 0001:0004d8ce       __fprem1_common            004508ce f   libc:adj_fdiv.obj
 0001:0004dad4       __adj_fprem1               00450ad4 f   libc:adj_fdiv.obj
 0001:0004db89       __safe_fprem               00450b89 f   libc:adj_fdiv.obj
 0001:0004db8f       __safe_fprem1              00450b8f f   libc:adj_fdiv.obj
 0001:0004db95       __adj_fpatan               00450b95 f   libc:adj_fdiv.obj
 0001:0004db98       __adj_fptan                00450b98 f   libc:adj_fdiv.obj
 0001:0004db9b       __87except                 00450b9b f   libc:87except.obj
 0001:0004dc6b       __set_exp                  00450c6b f   libc:util.obj
 0001:0004dc94       __get_exp                  00450c94 f   libc:util.obj
 0001:0004dca8       __add_exp                  00450ca8 f   libc:util.obj
 0001:0004dcd4       __set_bexp                 00450cd4 f   libc:util.obj
 0001:0004dcf8       __sptype                   00450cf8 f   libc:util.obj
 0001:0004dd52       __decomp                   00450d52 f   libc:util.obj
 0001:0004de13       __frnd                     00450e13 f   libc:frnd.obj
 0001:0004de25       __copysign                 00450e25 f   libc:ieeemisc.obj
 0001:0004de46       __chgsign                  00450e46 f   libc:ieeemisc.obj
 0001:0004de6b       __scalb                    00450e6b f   libc:ieeemisc.obj
 0001:0004de81       __logb                     00450e81 f   libc:ieeemisc.obj
 0001:0004df68       __nextafter                00450f68 f   libc:ieeemisc.obj
 0001:0004e1fd       __finite                   004511fd f   libc:ieeemisc.obj
 0001:0004e211       __isnan                    00451211 f   libc:ieeemisc.obj
 0001:0004e23f       __fpclass                  0045123f f   libc:ieeemisc.obj
 0001:0004e2d1       __ZeroTail                 004512d1 f   libc:intrncvt.obj
 0001:0004e31a       __IncMan                   0045131a f   libc:intrncvt.obj
 0001:0004e370       __RoundMan                 00451370 f   libc:intrncvt.obj
 0001:0004e3fc       __CopyMan                  004513fc f   libc:intrncvt.obj
 0001:0004e417       __FillZeroMan              00451417 f   libc:intrncvt.obj
 0001:0004e423       __IsZeroMan                00451423 f   libc:intrncvt.obj
 0001:0004e43e       __ShrMan                   0045143e f   libc:intrncvt.obj
 0001:0004e4cb       __ld12cvt                  004514cb f   libc:intrncvt.obj
 0001:0004e637       __ld12tod                  00451637 f   libc:intrncvt.obj
 0001:0004e64d       __ld12tof                  0045164d f   libc:intrncvt.obj
 0001:0004e663       __ld12told                 00451663 f   libc:intrncvt.obj
 0001:0004e6dd       __atodbl                   004516dd f   libc:intrncvt.obj
 0001:0004e70a       __atoldbl                  0045170a f   libc:intrncvt.obj
 0001:0004e738       __atoflt                   00451738 f   libc:intrncvt.obj
 0001:0004e765       __fptostr                  00451765 f   libc:_fptostr.obj
 0001:0004e7dc       __fltout                   004517dc f   libc:cfout.obj
 0001:0004e840       ___dtold                   00451840 f   libc:cfout.obj
 0001:0004e8f6       __fptrap                   004518f6 f   libc:crt0fp.obj
 0001:0004e8ff       _open                      004518ff f   libc:open.obj
 0001:0004e8ff       __open                     004518ff f   libc:open.obj
 0001:0004e916       __sopen                    00451916 f   libc:open.obj
 0001:0004ebd0       __strcmpi                  00451bd0 f   libc:stricmp.obj
 0001:0004ebd0       __stricmp                  00451bd0 f   libc:stricmp.obj
 0001:0004ec60       _strrchr                   00451c60 f   libc:strrchr.obj
 0001:0004ec90       _strcmp                    00451c90 f   libc:strcmp.obj
 0001:0004ed14       __mbschr                   00451d14 f   libc:mbschr.obj
 0001:0004ed87       __strdup                   00451d87 f   libc:strdup.obj
 0001:0004edb2       __handle_qnan1             00451db2 f   libc:fpexcept.obj
 0001:0004ee05       __handle_qnan2             00451e05 f   libc:fpexcept.obj
 0001:0004ee64       __except1                  00451e64 f   libc:fpexcept.obj
 0001:0004eefc       __except2                  00451efc f   libc:fpexcept.obj
 0001:0004efa1       __raise_exc                00451fa1 f   libc:fpexcept.obj
 0001:0004f254       __handle_exc               00452254 f   libc:fpexcept.obj
 0001:0004f46b       __umatherr                 0045246b f   libc:fpexcept.obj
 0001:0004f4f3       __set_errno                004524f3 f   libc:fpexcept.obj
 0001:0004f53e       __errcode                  0045253e f   libc:fpexcept.obj
 0001:0004f56b       __matherr                  0045256b f   libc:matherr.obj
 0001:0004f56e       __statfp                   0045256e f   libc:fpctrl.obj
 0001:0004f57c       __clrfp                    0045257c f   libc:fpctrl.obj
 0001:0004f58b       __ctrlfp                   0045258b f   libc:fpctrl.obj
 0001:0004f5ae       __set_statfp               004525ae f   libc:fpctrl.obj
 0001:0004f604       _ldexp                     00452604 f   libc:ldexp.obj
 0001:0004f7ea       ___addl                    004527ea f   libc:mantold.obj
 0001:0004f80b       ___add_12                  0045280b f   libc:mantold.obj
 0001:0004f869       ___shl_12                  00452869 f   libc:mantold.obj
 0001:0004f897       ___shr_12                  00452897 f   libc:mantold.obj
 0001:0004f8c4       ___mtold12                 004528c4 f   libc:mantold.obj
 0001:0004f98b       ___strgtold12              0045298b f   libc:strgtold.obj
 0001:0004fe5c       ___STRINGTOLD              00452e5c f   libc:strgtold.obj
 0001:0004fe98       _$I10_OUTPUT               00452e98 f   libc:x10fout.obj
 0001:0005012b       __chsize                   0045312b f   libc:chsize.obj
 0001:00050271       ___ld12mul                 00453271 f   libc:tenpow.obj
 0001:00050491       ___multtenpow12            00453491 f   libc:tenpow.obj
 0001:0005050d       __setmode                  0045350d f   libc:setmode.obj
 0001:00050584       _MessageBoxA@16            00453584 f   user32:USER32.dll
 0001:00050590       _GetCommandLineA@0         00453590 f   kernel32:KERNEL32.dll
 0001:00050596       _AllocConsole@0            00453596 f   kernel32:KERNEL32.dll
 0001:0005059c       _GetStdHandle@4            0045359c f   kernel32:KERNEL32.dll
 0001:000505a2       _QueryPerformanceCounter@4 004535a2 f   kernel32:KERNEL32.dll
 0001:000505a8       _QueryPerformanceFrequency@4 004535a8 f   kernel32:KERNEL32.dll
 0001:000505ae       _GetVersionExA@4           004535ae f   kernel32:KERNEL32.dll
 0001:000505b4       _GetProcAddress@8          004535b4 f   kernel32:KERNEL32.dll
 0001:000505ba       _GetModuleHandleA@4        004535ba f   kernel32:KERNEL32.dll
 0001:000505c0       _FormatMessageA@28         004535c0 f   kernel32:KERNEL32.dll
 0001:000505c6       _GetLastError@0            004535c6 f   kernel32:KERNEL32.dll
 0001:000505cc       _DeleteFileA@4             004535cc f   kernel32:KERNEL32.dll
 0001:000505d2       _WriteFile@20              004535d2 f   kernel32:KERNEL32.dll
 0001:000505d8       _ReadFile@20               004535d8 f   kernel32:KERNEL32.dll
 0001:000505de       _SetFilePointer@16         004535de f   kernel32:KERNEL32.dll
 0001:000505e4       _CreateFileA@28            004535e4 f   kernel32:KERNEL32.dll
 0001:000505ea       _CloseHandle@4             004535ea f   kernel32:KERNEL32.dll
 0001:000505f0       _GetFileSize@8             004535f0 f   kernel32:KERNEL32.dll
 0001:000505f6       _UnmapViewOfFile@4         004535f6 f   kernel32:KERNEL32.dll
 0001:000505fc       _IsBadReadPtr@8            004535fc f   kernel32:KERNEL32.dll
 0001:00050602       _MapViewOfFile@20          00453602 f   kernel32:KERNEL32.dll
 0001:00050608       _CreateFileMappingA@24     00453608 f   kernel32:KERNEL32.dll
 0001:0005060e       _GetFileType@4             0045360e f   kernel32:KERNEL32.dll
 0001:00050614       _GetFileAttributesA@4      00453614 f   kernel32:KERNEL32.dll
 0001:0005061a       _SearchPathA@24            0045361a f   kernel32:KERNEL32.dll
 0001:00050620       _LoadLibraryExA@12         00453620 f   kernel32:KERNEL32.dll
 0001:00050626       _GetVersion@0              00453626 f   kernel32:KERNEL32.dll
 0001:0005062c       _ExitProcess@4             0045362c f   kernel32:KERNEL32.dll
 0001:00050632       _FindClose@4               00453632 f   kernel32:KERNEL32.dll
 0001:00050638       _FileTimeToSystemTime@8    00453638 f   kernel32:KERNEL32.dll
 0001:0005063e       _FileTimeToLocalFileTime@8 0045363e f   kernel32:KERNEL32.dll
 0001:00050644       _GetDriveTypeA@4           00453644 f   kernel32:KERNEL32.dll
 0001:0005064a       _FindFirstFileA@8          0045364a f   kernel32:KERNEL32.dll
 0001:00050650       _HeapReAlloc@16            00453650 f   kernel32:KERNEL32.dll
 0001:00050656       _HeapAlloc@12              00453656 f   kernel32:KERNEL32.dll
 0001:0005065c       _HeapFree@12               0045365c f   kernel32:KERNEL32.dll
 0001:00050662       _TerminateProcess@8        00453662 f   kernel32:KERNEL32.dll
 0001:00050668       _GetCurrentProcess@0       00453668 f   kernel32:KERNEL32.dll
 0001:0005066e       _GetFileInformationByHandle@8 0045366e f   kernel32:KERNEL32.dll
 0001:00050674       _PeekNamedPipe@24          00453674 f   kernel32:KERNEL32.dll
 0001:0005067a       _UnhandledExceptionFilter@4 0045367a f   kernel32:KERNEL32.dll
 0001:00050680       _GetModuleFileNameA@12     00453680 f   kernel32:KERNEL32.dll
 0001:00050686       _FreeEnvironmentStringsA@4 00453686 f   kernel32:KERNEL32.dll
 0001:0005068c       _FreeEnvironmentStringsW@4 0045368c f   kernel32:KERNEL32.dll
 0001:00050692       _WideCharToMultiByte@32    00453692 f   kernel32:KERNEL32.dll
 0001:00050698       _GetEnvironmentStrings@0   00453698 f   kernel32:KERNEL32.dll
 0001:0005069e       _GetEnvironmentStringsW@0  0045369e f   kernel32:KERNEL32.dll
 0001:000506a4       _SetHandleCount@4          004536a4 f   kernel32:KERNEL32.dll
 0001:000506aa       _GetStartupInfoA@4         004536aa f   kernel32:KERNEL32.dll
 0001:000506b0       _GetEnvironmentVariableA@12 004536b0 f   kernel32:KERNEL32.dll
 0001:000506b6       _HeapDestroy@4             004536b6 f   kernel32:KERNEL32.dll
 0001:000506bc       _HeapCreate@12             004536bc f   kernel32:KERNEL32.dll
 0001:000506c2       _VirtualFree@12            004536c2 f   kernel32:KERNEL32.dll
 0001:000506c8       _RtlUnwind@16              004536c8 f   kernel32:KERNEL32.dll
 0001:000506ce       _GetFullPathNameA@16       004536ce f   kernel32:KERNEL32.dll
 0001:000506d4       _GetCurrentDirectoryA@8    004536d4 f   kernel32:KERNEL32.dll
 0001:000506da       _SetCurrentDirectoryA@4    004536da f   kernel32:KERNEL32.dll
 0001:000506e0       _FlushFileBuffers@4        004536e0 f   kernel32:KERNEL32.dll
 0001:000506e6       _MultiByteToWideChar@24    004536e6 f   kernel32:KERNEL32.dll
 0001:000506ec       _GetStringTypeA@20         004536ec f   kernel32:KERNEL32.dll
 0001:000506f2       _GetStringTypeW@16         004536f2 f   kernel32:KERNEL32.dll
 0001:000506f8       _VirtualAlloc@16           004536f8 f   kernel32:KERNEL32.dll
 0001:000506fe       _IsBadWritePtr@8           004536fe f   kernel32:KERNEL32.dll
 0001:00050704       _LCMapStringA@24           00453704 f   kernel32:KERNEL32.dll
 0001:0005070a       _LCMapStringW@24           0045370a f   kernel32:KERNEL32.dll
 0001:00050710       _SetConsoleCtrlHandler@8   00453710 f   kernel32:KERNEL32.dll
 0001:00050716       _SetStdHandle@8            00453716 f   kernel32:KERNEL32.dll
 0001:0005071c       _GetCPInfo@8               0045371c f   kernel32:KERNEL32.dll
 0001:00050722       _GetACP@0                  00453722 f   kernel32:KERNEL32.dll
 0001:00050728       _GetOEMCP@0                00453728 f   kernel32:KERNEL32.dll
 0001:0005072e       _LoadLibraryA@4            0045372e f   kernel32:KERNEL32.dll
 0001:00050734       _GetTimeZoneInformation@4  00453734 f   kernel32:KERNEL32.dll
 0001:0005073a       _CompareStringA@24         0045373a f   kernel32:KERNEL32.dll
 0001:00050740       _CompareStringW@24         00453740 f   kernel32:KERNEL32.dll
 0001:00050746       _SetEnvironmentVariableA@8 00453746 f   kernel32:KERNEL32.dll
 0001:0005074c       _RaiseException@16         0045374c f   kernel32:KERNEL32.dll
 0001:00050752       _SetEndOfFile@4            00453752 f   kernel32:KERNEL32.dll
 0001:00050760       _jwe_fjci                  00453760 f   fj90f:jwe_fjci.obj
 0001:00050790       _jwe_fvav                  00453790 f   fj90f:jwe_fu8f.obj
 0001:000507e0       _jwe_fumu                  004537e0 f   fj90f:jwe_fu8f.obj
 0001:00050870       _jwe_fvvv                  00453870 f   fj90f:jwe_fu8f.obj
 0001:000508c0       _jwe_fjcv                  004538c0 f   fj90f:jwe_fjcv.obj
 0001:000508e0       _jwe_fjdu                  004538e0 f   fj90f:jwe_fjdu.obj
 0001:00050a80       _jwe_fnzb                  00453a80 f   fj90f:jwe_fnzb.obj
 0001:00050bc0       _f_a8sb                    00453bc0 f   fj90f:jwe_fjsb.obj
 0001:00050d30       _g_dbleq                   00453d30 f   fj90g:jwe_gdbq.obj
 0001:00050f00       _g_aqcj                    00453f00 f   fj90g:jwe_gqcj.obj
 0001:00051090       _main                      00454090 f   fj90i:jwe_xrt0.obj
 0001:00051180       __fstat                    00454180 f   libc:fstat.obj
 0001:00051180       _fstat                     00454180 f   libc:fstat.obj
 0001:000513f8       __fileno                   004543f8 f   libc:fileno.obj
 0001:000513f8       _fileno                    004543f8 f   libc:fileno.obj
 0001:00051400       __cprintf                  00454400 f   libc:cprintf.obj
 0001:00051400       _cprintf                   00454400 f   libc:cprintf.obj
 0001:00051be2       __tempnam                  00454be2 f   libc:tempnam.obj
 0001:00051be2       _tempnam                   00454be2 f   libc:tempnam.obj
 0001:00051dc9       _remove                    00454dc9 f   libc:unlink.obj
 0001:00051df3       _unlink                    00454df3 f   libc:unlink.obj
 0001:00051df3       __unlink                   00454df3 f   libc:unlink.obj
 0001:00051e00       _strnicmp                  00454e00 f   libc:strnicmp.obj
 0001:00051e00       __strnicmp                 00454e00 f   libc:strnicmp.obj
 0001:00051ead       __putch                    00454ead f   libc:putch.obj
 0001:00051ef1       __itoa                     00454ef1 f   libc:xtoa.obj
 0001:00051f7a       __ltoa                     00454f7a f   libc:xtoa.obj
 0001:00051fa4       __ultoa                    00454fa4 f   libc:xtoa.obj
 0001:00051fbf       __i64toa                   00454fbf f   libc:xtoa.obj
 0001:00052076       __ui64toa                  00455076 f   libc:xtoa.obj
 0001:00052091       __rmtmp                    00455091 f   libc:rmtmp.obj
 0001:000520cd       __access                   004550cd f   libc:access.obj
 0001:00052111       ___initconin               00455111 f   libc:initcon.obj
 0001:00052130       ___initconout              00455130 f   libc:initcon.obj
 0001:0005214f       ___termcon                 0045514f f   libc:initcon.obj
 0001:0005217c       _WriteConsoleA@20          0045517c f   kernel32:KERNEL32.dll
 0002:00000000       __imp__PeekNamedPipe@24    00456000     kernel32:KERNEL32.dll
 0002:00000004       __imp__GetCommandLineA@0   00456004     kernel32:KERNEL32.dll
 0002:00000008       __imp__AllocConsole@0      00456008     kernel32:KERNEL32.dll
 0002:0000000c       __imp__GetStdHandle@4      0045600c     kernel32:KERNEL32.dll
 0002:00000010       __imp__QueryPerformanceCounter@4 00456010     kernel32:KERNEL32.dll
 0002:00000014       __imp__QueryPerformanceFrequency@4 00456014     kernel32:KERNEL32.dll
 0002:00000018       __imp__GetVersionExA@4     00456018     kernel32:KERNEL32.dll
 0002:0000001c       __imp__GetProcAddress@8    0045601c     kernel32:KERNEL32.dll
 0002:00000020       __imp__GetModuleHandleA@4  00456020     kernel32:KERNEL32.dll
 0002:00000024       __imp__FormatMessageA@28   00456024     kernel32:KERNEL32.dll
 0002:00000028       __imp__GetLastError@0      00456028     kernel32:KERNEL32.dll
 0002:0000002c       __imp__DeleteFileA@4       0045602c     kernel32:KERNEL32.dll
 0002:00000030       __imp__WriteFile@20        00456030     kernel32:KERNEL32.dll
 0002:00000034       __imp__ReadFile@20         00456034     kernel32:KERNEL32.dll
 0002:00000038       __imp__SetFilePointer@16   00456038     kernel32:KERNEL32.dll
 0002:0000003c       __imp__CreateFileA@28      0045603c     kernel32:KERNEL32.dll
 0002:00000040       __imp__CloseHandle@4       00456040     kernel32:KERNEL32.dll
 0002:00000044       __imp__GetFileSize@8       00456044     kernel32:KERNEL32.dll
 0002:00000048       __imp__UnmapViewOfFile@4   00456048     kernel32:KERNEL32.dll
 0002:0000004c       __imp__IsBadReadPtr@8      0045604c     kernel32:KERNEL32.dll
 0002:00000050       __imp__MapViewOfFile@20    00456050     kernel32:KERNEL32.dll
 0002:00000054       __imp__CreateFileMappingA@24 00456054     kernel32:KERNEL32.dll
 0002:00000058       __imp__GetFileType@4       00456058     kernel32:KERNEL32.dll
 0002:0000005c       __imp__GetFileAttributesA@4 0045605c     kernel32:KERNEL32.dll
 0002:00000060       __imp__SearchPathA@24      00456060     kernel32:KERNEL32.dll
 0002:00000064       __imp__LoadLibraryExA@12   00456064     kernel32:KERNEL32.dll
 0002:00000068       __imp__GetVersion@0        00456068     kernel32:KERNEL32.dll
 0002:0000006c       __imp__ExitProcess@4       0045606c     kernel32:KERNEL32.dll
 0002:00000070       __imp__FindClose@4         00456070     kernel32:KERNEL32.dll
 0002:00000074       __imp__FileTimeToSystemTime@8 00456074     kernel32:KERNEL32.dll
 0002:00000078       __imp__FileTimeToLocalFileTime@8 00456078     kernel32:KERNEL32.dll
 0002:0000007c       __imp__GetDriveTypeA@4     0045607c     kernel32:KERNEL32.dll
 0002:00000080       __imp__FindFirstFileA@8    00456080     kernel32:KERNEL32.dll
 0002:00000084       __imp__HeapReAlloc@16      00456084     kernel32:KERNEL32.dll
 0002:00000088       __imp__HeapAlloc@12        00456088     kernel32:KERNEL32.dll
 0002:0000008c       __imp__HeapFree@12         0045608c     kernel32:KERNEL32.dll
 0002:00000090       __imp__TerminateProcess@8  00456090     kernel32:KERNEL32.dll
 0002:00000094       __imp__GetCurrentProcess@0 00456094     kernel32:KERNEL32.dll
 0002:00000098       __imp__GetFileInformationByHandle@8 00456098     kernel32:KERNEL32.dll
 0002:0000009c       __imp__WriteConsoleA@20    0045609c     kernel32:KERNEL32.dll
 0002:000000a0       __imp__UnhandledExceptionFilter@4 004560a0     kernel32:KERNEL32.dll
 0002:000000a4       __imp__GetModuleFileNameA@12 004560a4     kernel32:KERNEL32.dll
 0002:000000a8       __imp__FreeEnvironmentStringsA@4 004560a8     kernel32:KERNEL32.dll
 0002:000000ac       __imp__FreeEnvironmentStringsW@4 004560ac     kernel32:KERNEL32.dll
 0002:000000b0       __imp__WideCharToMultiByte@32 004560b0     kernel32:KERNEL32.dll
 0002:000000b4       __imp__GetEnvironmentStrings@0 004560b4     kernel32:KERNEL32.dll
 0002:000000b8       __imp__GetEnvironmentStringsW@0 004560b8     kernel32:KERNEL32.dll
 0002:000000bc       __imp__SetHandleCount@4    004560bc     kernel32:KERNEL32.dll
 0002:000000c0       __imp__GetStartupInfoA@4   004560c0     kernel32:KERNEL32.dll
 0002:000000c4       __imp__GetEnvironmentVariableA@12 004560c4     kernel32:KERNEL32.dll
 0002:000000c8       __imp__HeapDestroy@4       004560c8     kernel32:KERNEL32.dll
 0002:000000cc       __imp__HeapCreate@12       004560cc     kernel32:KERNEL32.dll
 0002:000000d0       __imp__VirtualFree@12      004560d0     kernel32:KERNEL32.dll
 0002:000000d4       __imp__RtlUnwind@16        004560d4     kernel32:KERNEL32.dll
 0002:000000d8       __imp__GetFullPathNameA@16 004560d8     kernel32:KERNEL32.dll
 0002:000000dc       __imp__GetCurrentDirectoryA@8 004560dc     kernel32:KERNEL32.dll
 0002:000000e0       __imp__SetCurrentDirectoryA@4 004560e0     kernel32:KERNEL32.dll
 0002:000000e4       __imp__FlushFileBuffers@4  004560e4     kernel32:KERNEL32.dll
 0002:000000e8       __imp__MultiByteToWideChar@24 004560e8     kernel32:KERNEL32.dll
 0002:000000ec       __imp__GetStringTypeA@20   004560ec     kernel32:KERNEL32.dll
 0002:000000f0       __imp__GetStringTypeW@16   004560f0     kernel32:KERNEL32.dll
 0002:000000f4       __imp__VirtualAlloc@16     004560f4     kernel32:KERNEL32.dll
 0002:000000f8       __imp__IsBadWritePtr@8     004560f8     kernel32:KERNEL32.dll
 0002:000000fc       __imp__LCMapStringA@24     004560fc     kernel32:KERNEL32.dll
 0002:00000100       __imp__LCMapStringW@24     00456100     kernel32:KERNEL32.dll
 0002:00000104       __imp__SetConsoleCtrlHandler@8 00456104     kernel32:KERNEL32.dll
 0002:00000108       __imp__SetStdHandle@8      00456108     kernel32:KERNEL32.dll
 0002:0000010c       __imp__GetCPInfo@8         0045610c     kernel32:KERNEL32.dll
 0002:00000110       __imp__GetACP@0            00456110     kernel32:KERNEL32.dll
 0002:00000114       __imp__GetOEMCP@0          00456114     kernel32:KERNEL32.dll
 0002:00000118       __imp__LoadLibraryA@4      00456118     kernel32:KERNEL32.dll
 0002:0000011c       __imp__GetTimeZoneInformation@4 0045611c     kernel32:KERNEL32.dll
 0002:00000120       __imp__CompareStringA@24   00456120     kernel32:KERNEL32.dll
 0002:00000124       __imp__CompareStringW@24   00456124     kernel32:KERNEL32.dll
 0002:00000128       __imp__SetEnvironmentVariableA@8 00456128     kernel32:KERNEL32.dll
 0002:0000012c       __imp__RaiseException@16   0045612c     kernel32:KERNEL32.dll
 0002:00000130       __imp__SetEndOfFile@4      00456130     kernel32:KERNEL32.dll
 0002:00000134       \177KERNEL32_NULL_THUNK_DATA 00456134     kernel32:KERNEL32.dll
 0002:00000138       __imp__MessageBoxA@16      00456138     user32:USER32.dll
 0002:0000013c       \177USER32_NULL_THUNK_DATA 0045613c     user32:USER32.dll
 0002:00000198       _jwe_sz__utilitarios_float_ 00456198     neutyp_eq.obj
 0002:0000019c       _jwe_sz__utilitarios_float@_diracof_ 0045619c     neutyp_eq.obj
 0002:000001a0       _jwe_sz__utilitarios_float@_diracoi_ 004561a0     neutyp_eq.obj
 0002:000001a4       _jwe_ssn__utilitarios_float@_diracoi_ 004561a4     neutyp_eq.obj
 0002:000002a4       _jwe_ssn__utilitarios_float@_diracof_ 004562a4     neutyp_eq.obj
 0002:00000434       _jwe_sz__MAIN__            00456434     neutyp_eq.obj
 0002:00000438       _jwe_ssn__MAIN__           00456438     neutyp_eq.obj
 0002:00000800       __real@3fb999999999999a    00456800     fj90i:jwe_inao.obj
 0002:00000808       __real@0000000000000000    00456808     fj90i:jwe_inao.obj
 0002:00000810       __real@3fb2492492492492    00456810     fj90i:jwe_irio.obj
 0002:00000818       __real@4024000000000000    00456818     fj90i:jwe_irio.obj
 0002:00000820       __real@3e112e0be826d695    00456820     fj90i:jwe_irio.obj
 0002:00000828       __real@bfb2492492492492    00456828     fj90i:jwe_irio.obj
 0002:00000830       __real@416312d000000000    00456830     fj90i:jwe_irio.obj
 0002:00000838       __real@3ff0000000000000    00456838     fj90i:jwe_irio.obj
 0002:00000840       __real@4180000000000000    00456840     fj90i:jwe_irio.obj
 0002:00000848       __real@bfb999999999999a    00456848     fj90i:jwe_irio.obj
 0002:000008b4       ??_C@_03MNBA@?4?1?2?$AA@   004568b4     libc:stati64.obj
 0002:000008b8       ??_C@_02DIIM@?$DP?$CK?$AA@ 004568b8     libc:stati64.obj
 0002:000008bc       ??_C@_0BH@PHHF@__GLOBAL_HEAP_SELECTED?$AA@ 004568bc     libc:heapinit.obj
 0002:000008d4       ??_C@_0BF@BBGL@__MSVCRT_HEAP_SELECT?$AA@ 004568d4     libc:heapinit.obj
 0002:000008ec       ??_C@_0P@GGKG@runtime?5error?5?$AA@ 004568ec     libc:crt0msg.obj
 0002:000008fc       ??_C@_02PIMC@?$AN?6?$AA@   004568fc     libc:crt0msg.obj
 0002:00000900       ??_C@_0O@DELO@TLOSS?5error?$AN?6?$AA@ 00456900     libc:crt0msg.obj
 0002:00000910       ??_C@_0N@OMLL@SING?5error?$AN?6?$AA@ 00456910     libc:crt0msg.obj
 0002:00000920       ??_C@_0P@OJAK@DOMAIN?5error?$AN?6?$AA@ 00456920     libc:crt0msg.obj
 0002:00000930       ??_C@_0CF@EANP@R6028?$AN?6?9?5unable?5to?5initialize?5he@ 00456930     libc:crt0msg.obj
 0002:00000958       ??_C@_0DF@ECGN@R6027?$AN?6?9?5not?5enough?5space?5for?5lo@ 00456958     libc:crt0msg.obj
 0002:00000990       ??_C@_0DF@FKAC@R6026?$AN?6?9?5not?5enough?5space?5for?5st@ 00456990     libc:crt0msg.obj
 0002:000009c8       ??_C@_0CG@DPMN@R6025?$AN?6?9?5pure?5virtual?5function?5c@ 004569c8     libc:crt0msg.obj
 0002:000009f0       ??_C@_0DF@CKIP@R6024?$AN?6?9?5not?5enough?5space?5for?5_o@ 004569f0     libc:crt0msg.obj
 0002:00000a28       ??_C@_0CJ@GGOE@R6019?$AN?6?9?5unable?5to?5open?5console?5@ 00456a28     libc:crt0msg.obj
 0002:00000a54       ??_C@_0CB@LBOB@R6018?$AN?6?9?5unexpected?5heap?5error?$AN?6@ 00456a54     libc:crt0msg.obj
 0002:00000a78       ??_C@_0CN@FPEG@R6017?$AN?6?9?5unexpected?5multithread?5@ 00456a78     libc:crt0msg.obj
 0002:00000aa8       ??_C@_0CM@OBIC@R6016?$AN?6?9?5not?5enough?5space?5for?5th@ 00456aa8     libc:crt0msg.obj
 0002:00000ad4       ??_C@_0CB@HPAL@?$AN?6abnormal?5program?5termination?$AN?6@ 00456ad4     libc:crt0msg.obj
 0002:00000af8       ??_C@_0CM@JOOB@R6009?$AN?6?9?5not?5enough?5space?5for?5en@ 00456af8     libc:crt0msg.obj
 0002:00000b24       ??_C@_0CK@OIBL@R6008?$AN?6?9?5not?5enough?5space?5for?5ar@ 00456b24     libc:crt0msg.obj
 0002:00000b50       ??_C@_0CF@LKPB@R6002?$AN?6?9?5floating?5point?5not?5load@ 00456b50     libc:crt0msg.obj
 0002:00000b78       ??_C@_0CF@JPDF@Microsoft?5Visual?5C?$CL?$CL?5Runtime?5Lib@ 00456b78     libc:crt0msg.obj
 0002:00000ba0       ??_C@_02JJJH@?6?6?$AA@     00456ba0     libc:crt0msg.obj
 0002:00000ba4       ??_C@_0BK@DEOK@Runtime?5Error?$CB?6?6Program?3?5?$AA@ 00456ba4     libc:crt0msg.obj
 0002:00000bc0       ??_C@_03NAME@?4?4?4?$AA@   00456bc0     libc:crt0msg.obj
 0002:00000bc4       ??_C@_0BH@NNCD@?$DMprogram?5name?5unknown?$DO?$AA@ 00456bc4     libc:crt0msg.obj
 0002:00000bdc       ??_C@_04GGNP@?4com?$AA@    00456bdc     libc:stat.obj
 0002:00000be4       ??_C@_04KBDN@?4bat?$AA@    00456be4     libc:stat.obj
 0002:00000bec       ??_C@_04LFKF@?4cmd?$AA@    00456bec     libc:stat.obj
 0002:00000bf4       ??_C@_04NFOM@?4exe?$AA@    00456bf4     libc:stat.obj
 0002:00000bfc       ___lookuptable             00456bfc     libc:output.obj
 0002:00000c58       ??_C@_1O@POHA@?$AA?$CI?$AAn?$AAu?$AAl?$AAl?$AA?$CJ?$AA?$AA@ 00456c58     libc:output.obj
 0002:00000c68       ??_C@_06ONKE@?$CInull?$CJ?$AA@ 00456c68     libc:output.obj
 0002:00000c70       ??_C@_01A@?$AA?$AA@        00456c70     libc:a_str.obj
 0002:00000c74       ??_C@_13A@?$AA?$AA?$AA?$AA@ 00456c74     libc:a_str.obj
 0002:00000ca8       __DEFAULT_CW_in_mem        00456ca8     libc:common.obj
 0002:00000caa       __pi_by_2_to_61            00456caa     libc:common.obj
 0002:00000ce8       __real@8@3fff8000000000000000 00456ce8     libc:powhlp.obj
 0002:00000cf0       __real@8@00000000000000000000 00456cf0     libc:powhlp.obj
 0002:00000cf8       __real@8@40008000000000000000 00456cf8     libc:powhlp.obj
 0002:00000d00       __real@8@4015800bf60000000000 00456d00     libc:testfdiv.obj
 0002:00000d08       __real@8@4014bffffc0000000000 00456d08     libc:testfdiv.obj
 0002:00000d10       ??_C@_0BK@JEGK@IsProcessorFeaturePresent?$AA@ 00456d10     libc:testfdiv.obj
 0002:00000d2c       ??_C@_08OBID@KERNEL32?$AA@ 00456d2c     libc:testfdiv.obj
 0002:00000d38       ??_C@_05OFLO@e?$CL000?$AA@ 00456d38     libc:cvt.obj
 0002:00000d40       ??_C@_0BG@JPLP@Illegal?5byte?5sequence?$AA@ 00456d40     libc:syserr.obj
 0002:00000d58       ??_C@_0BE@FLBN@Directory?5not?5empty?$AA@ 00456d58     libc:syserr.obj
 0002:00000d6c       ??_C@_0BJ@KAFL@Function?5not?5implemented?$AA@ 00456d6c     libc:syserr.obj
 0002:00000d88       ??_C@_0BD@CEML@No?5locks?5available?$AA@ 00456d88     libc:syserr.obj
 0002:00000d9c       ??_C@_0BC@GADJ@Filename?5too?5long?$AA@ 00456d9c     libc:syserr.obj
 0002:00000db0       ??_C@_0BK@FNFN@Resource?5deadlock?5avoided?$AA@ 00456db0     libc:syserr.obj
 0002:00000dcc       ??_C@_0BB@EALI@Result?5too?5large?$AA@ 00456dcc     libc:syserr.obj
 0002:00000de0       ??_C@_0N@FIAN@Domain?5error?$AA@ 00456de0     libc:syserr.obj
 0002:00000df0       ??_C@_0M@CLKF@Broken?5pipe?$AA@ 00456df0     libc:syserr.obj
 0002:00000dfc       ??_C@_0P@OFDM@Too?5many?5links?$AA@ 00456dfc     libc:syserr.obj
 0002:00000e0c       ??_C@_0BG@OHDM@Read?9only?5file?5system?$AA@ 00456e0c     libc:syserr.obj
 0002:00000e24       ??_C@_0N@NGPA@Invalid?5seek?$AA@ 00456e24     libc:syserr.obj
 0002:00000e34       ??_C@_0BI@DMFE@No?5space?5left?5on?5device?$AA@ 00456e34     libc:syserr.obj
 0002:00000e4c       ??_C@_0P@OPNK@File?5too?5large?$AA@ 00456e4c     libc:syserr.obj
 0002:00000e5c       ??_C@_0CE@BADJ@Inappropriate?5I?1O?5control?5operat@ 00456e5c     libc:syserr.obj
 0002:00000e80       ??_C@_0BE@COOK@Too?5many?5open?5files?$AA@ 00456e80     libc:syserr.obj
 0002:00000e94       ??_C@_0BO@ELHF@Too?5many?5open?5files?5in?5system?$AA@ 00456e94     libc:syserr.obj
 0002:00000eb4       ??_C@_0BB@IHAB@Invalid?5argument?$AA@ 00456eb4     libc:syserr.obj
 0002:00000ec8       ??_C@_0P@NDNC@Is?5a?5directory?$AA@ 00456ec8     libc:syserr.obj
 0002:00000ed8       ??_C@_0BA@JMMO@Not?5a?5directory?$AA@ 00456ed8     libc:syserr.obj
 0002:00000ee8       ??_C@_0P@GFAI@No?5such?5device?$AA@ 00456ee8     libc:syserr.obj
 0002:00000ef8       ??_C@_0O@KHHM@Improper?5link?$AA@ 00456ef8     libc:syserr.obj
 0002:00000f08       ??_C@_0M@EPHJ@File?5exists?$AA@ 00456f08     libc:syserr.obj
 0002:00000f14       ??_C@_0BA@LPOH@Resource?5device?$AA@ 00456f14     libc:syserr.obj
 0002:00000f24       ??_C@_0O@NOFB@Unknown?5error?$AA@ 00456f24     libc:syserr.obj
 0002:00000f34       ??_C@_0M@MLJM@Bad?5address?$AA@ 00456f34     libc:syserr.obj
 0002:00000f40       ??_C@_0BC@DJON@Permission?5denied?$AA@ 00456f40     libc:syserr.obj
 0002:00000f54       ??_C@_0BB@KDDC@Not?5enough?5space?$AA@ 00456f54     libc:syserr.obj
 0002:00000f68       ??_C@_0CB@BBBH@Resource?5temporarily?5unavailable@ 00456f68     libc:syserr.obj
 0002:00000f8c       ??_C@_0BD@ODIH@No?5child?5processes?$AA@ 00456f8c     libc:syserr.obj
 0002:00000fa0       ??_C@_0BE@CDDH@Bad?5file?5descriptor?$AA@ 00456fa0     libc:syserr.obj
 0002:00000fb4       ??_C@_0BC@BICL@Exec?5format?5error?$AA@ 00456fb4     libc:syserr.obj
 0002:00000fc8       ??_C@_0BC@IGMC@Arg?5list?5too?5long?$AA@ 00456fc8     libc:syserr.obj
 0002:00000fdc       ??_C@_0BK@HLB@No?5such?5device?5or?5address?$AA@ 00456fdc     libc:syserr.obj
 0002:00000ff8       ??_C@_0BD@MPKK@Input?1output?5error?$AA@ 00456ff8     libc:syserr.obj
 0002:0000100c       ??_C@_0BK@ODCM@Interrupted?5function?5call?$AA@ 0045700c     libc:syserr.obj
 0002:00001028       ??_C@_0BA@BPKN@No?5such?5process?$AA@ 00457028     libc:syserr.obj
 0002:00001038       ??_C@_0BK@IEMO@No?5such?5file?5or?5directory?$AA@ 00457038     libc:syserr.obj
 0002:00001054       ??_C@_0BI@IIAE@Operation?5not?5permitted?$AA@ 00457054     libc:syserr.obj
 0002:0000106c       ??_C@_08KKBH@No?5error?$AA@ 0045706c     libc:syserr.obj
 0002:00001078       ??_C@_0BD@NJFP@GetLastActivePopup?$AA@ 00457078     libc:crtmbox.obj
 0002:0000108c       ??_C@_0BA@GILI@GetActiveWindow?$AA@ 0045708c     libc:crtmbox.obj
 0002:0000109c       ??_C@_0M@PKCK@MessageBoxA?$AA@ 0045709c     libc:crtmbox.obj
 0002:000010a8       ??_C@_0L@HKL@user32?4dll?$AA@ 004570a8     libc:crtmbox.obj
 0002:000010b4       ___dnames                  004570b4     libc:timeset.obj
 0002:000010cc       ___mnames                  004570cc     libc:timeset.obj
 0002:000010f4       ??_C@_02JHIA@TZ?$AA@       004570f4     libc:tzset.obj
 0002:00001110       ??_C@_03GAFO@_yn?$AA@      00457110     libc:fpexcept.obj
 0002:00001114       ??_C@_03GNLD@_y1?$AA@      00457114     libc:fpexcept.obj
 0002:00001118       ??_C@_03MHCE@_y0?$AA@      00457118     libc:fpexcept.obj
 0002:0000111c       ??_C@_05PAK@frexp?$AA@     0045711c     libc:fpexcept.obj
 0002:00001124       ??_C@_04JKCH@fmod?$AA@     00457124     libc:fpexcept.obj
 0002:0000112c       ??_C@_06GGHF@_hypot?$AA@   0045712c     libc:fpexcept.obj
 0002:00001134       ??_C@_05JNMC@_cabs?$AA@    00457134     libc:fpexcept.obj
 0002:0000113c       ??_C@_05MEKH@ldexp?$AA@    0045713c     libc:fpexcept.obj
 0002:00001144       ??_C@_04KAOJ@modf?$AA@     00457144     libc:fpexcept.obj
 0002:0000114c       ??_C@_04EHAJ@fabs?$AA@     0045714c     libc:fpexcept.obj
 0002:00001154       ??_C@_05MFBN@floor?$AA@    00457154     libc:fpexcept.obj
 0002:0000115c       ??_C@_04JJMP@ceil?$AA@     0045715c     libc:fpexcept.obj
 0002:00001164       ??_C@_03JLPI@tan?$AA@      00457164     libc:fpexcept.obj
 0002:00001168       ??_C@_03DLFL@cos?$AA@      00457168     libc:fpexcept.obj
 0002:0000116c       ??_C@_03JAMN@sin?$AA@      0045716c     libc:fpexcept.obj
 0002:00001170       ??_C@_04LMBE@sqrt?$AA@     00457170     libc:fpexcept.obj
 0002:00001178       ??_C@_05BFPO@atan2?$AA@    00457178     libc:fpexcept.obj
 0002:00001180       ??_C@_04EAGN@atan?$AA@     00457180     libc:fpexcept.obj
 0002:00001188       ??_C@_04OAMO@acos?$AA@     00457188     libc:fpexcept.obj
 0002:00001190       ??_C@_04ELFI@asin?$AA@     00457190     libc:fpexcept.obj
 0002:00001198       ??_C@_04LFAD@tanh?$AA@     00457198     libc:fpexcept.obj
 0002:000011a0       ??_C@_04PFKD@cosh?$AA@     004571a0     libc:fpexcept.obj
 0002:000011a8       ??_C@_04NPAI@sinh?$AA@     004571a8     libc:fpexcept.obj
 0002:000011b0       ??_C@_05IJHH@log10?$AA@    004571b0     libc:fpexcept.obj
 0002:000011b8       ??_C@_03BGKD@log?$AA@      004571b8     libc:fpexcept.obj
 0002:000011bc       ??_C@_03EGFG@pow?$AA@      004571bc     libc:fpexcept.obj
 0002:000011c0       ??_C@_03CDGJ@exp?$AA@      004571c0     libc:fpexcept.obj
 0002:000011c4       ??_C@_06PAPI@1?$CDQNAN?$AA@ 004571c4     libc:x10fout.obj
 0002:000011cc       ??_C@_05BGNL@1?$CDINF?$AA@ 004571cc     libc:x10fout.obj
 0002:000011d4       ??_C@_05EDPF@1?$CDIND?$AA@ 004571d4     libc:x10fout.obj
 0002:000011dc       ??_C@_06LKFM@1?$CDSNAN?$AA@ 004571dc     libc:x10fout.obj
 0002:0000147c       ??_C@_01PJCK@?4?$AA@       0045747c     libc:tempnam.obj
 0002:00001480       ??_C@_01PCFE@?2?$AA@       00457480     libc:tempnam.obj
 0002:00001484       ??_C@_03LDNL@TMP?$AA@      00457484     libc:tempnam.obj
 0002:00001488       ??_C@_06MICP@CONIN$?$AA@   00457488     libc:initcon.obj
 0002:00001490       ??_C@_07GLCC@CONOUT$?$AA@  00457490     libc:initcon.obj
 0002:00001498       __IMPORT_DESCRIPTOR_USER32 00457498     user32:USER32.dll
 0002:000014ac       __IMPORT_DESCRIPTOR_KERNEL32 004574ac     kernel32:KERNEL32.dll
 0002:000014c0       __NULL_IMPORT_DESCRIPTOR   004574c0     user32:USER32.dll
 0003:00000000       ___xc_a                    00458000     libc:crt0init.obj
 0003:00000004       ___xc_z                    00458004     libc:crt0init.obj
 0003:00000008       ___xi_a                    00458008     libc:crt0init.obj
 0003:00000014       ___xi_z                    00458014     libc:crt0init.obj
 0003:00000018       ___xp_a                    00458018     libc:crt0init.obj
 0003:00000028       ___xp_z                    00458028     libc:crt0init.obj
 0003:0000002c       ___xt_a                    0045802c     libc:crt0init.obj
 0003:00000030       ___xt_z                    00458030     libc:crt0init.obj
 0003:000017f8       _jwe_lca                   004597f8     fj90i:jwe_xilc.obj
 0003:00003ed0       _jwe_efcs                  0045bed0     fj90i:jwe_eerm.obj
 0003:00005e98       _jwe_iend                  0045de98     fj90i:jwe_iend.obj
 0003:000067a8       _jwe_ertb                  0045e7a8     fj90i:jwe_ertb.obj
 0003:000082bc       _jwe_emto                  004602bc     fj90i:jwe_emso.obj
 0003:000082c0       _jwe_emno                  004602c0     fj90i:jwe_emso.obj
 0003:000082d0       _jwe_emio                  004602d0     fj90i:jwe_emso.obj
 0003:00008ad8       _jwe_emts                  00460ad8     fj90i:jwe_emss.obj
 0003:00008ae4       _jwe_emns                  00460ae4     fj90i:jwe_emss.obj
 0003:00008b04       _jwe_emis                  00460b04     fj90i:jwe_emss.obj
 0003:0000af70       _jwe_emtf                  00462f70     fj90i:jwe_emsf.obj
 0003:0000af78       _jwe_emnf                  00462f78     fj90i:jwe_emsf.obj
 0003:0000af90       _jwe_emif                  00462f90     fj90i:jwe_emsf.obj
 0003:0000ba20       _jwe_emti                  00463a20     fj90i:jwe_emsi.obj
 0003:0000ba40       _jwe_emni                  00463a40     fj90i:jwe_emsi.obj
 0003:0000ba88       _jwe_emii                  00463a88     fj90i:jwe_emsi.obj
 0003:0000c668       _jwe_emtx                  00464668     fj90i:jwe_emsx.obj
 0003:0000c674       _jwe_emnx                  00464674     fj90i:jwe_emsx.obj
 0003:0000c694       _jwe_emix                  00464694     fj90i:jwe_emsx.obj
 0003:0000ce40       _jwe_edeb                  00464e40     fj90i:jwe_ems5.obj
 0003:0000d228       _jwe_esub                  00465228     fj90i:jwe_ems5.obj
 0003:0000d768       _jwe_esyt                  00465768     fj90i:jwe_ems5.obj
 0003:0000da48       _jwe_emt5                  00465a48     fj90i:jwe_ems5.obj
 0003:0000da54       _jwe_emn5                  00465a54     fj90i:jwe_ems5.obj
 0003:0000da74       _jwe_emi5                  00465a74     fj90i:jwe_ems5.obj
 0003:0000ebd8       _jwe_efn1                  00466bd8     fj90i:jwe_ems4.obj
 0003:0000fbb0       _jwe_efn2                  00467bb0     fj90i:jwe_ems4.obj
 0003:00010010       _jwe_emt4                  00468010     fj90i:jwe_ems4.obj
 0003:00010018       _jwe_emn4                  00468018     fj90i:jwe_ems4.obj
 0003:00010030       _jwe_emi4                  00468030     fj90i:jwe_ems4.obj
 0003:000105c0       _jwe_eili                  004685c0     fj90i:jwe_ems3.obj
 0003:00010b58       _jwe_eifm                  00468b58     fj90i:jwe_ems3.obj
 0003:00011270       _jwe_eide                  00469270     fj90i:jwe_ems3.obj
 0003:00011550       _jwe_emt3                  00469550     fj90i:jwe_ems3.obj
 0003:0001155c       _jwe_emn3                  0046955c     fj90i:jwe_ems3.obj
 0003:0001157c       _jwe_emi3                  0046957c     fj90i:jwe_ems3.obj
 0003:00011a18       _jwe_eifc                  00469a18     fj90i:jwe_ems2.obj
 0003:00012648       _jwe_eisp                  0046a648     fj90i:jwe_ems2.obj
 0003:00012d20       _jwe_eics                  0046ad20     fj90i:jwe_ems2.obj
 0003:00012f00       _jwe_emt2                  0046af00     fj90i:jwe_ems2.obj
 0003:00012f0c       _jwe_emn2                  0046af0c     fj90i:jwe_ems2.obj
 0003:00012f2c       _jwe_emi2                  0046af2c     fj90i:jwe_ems2.obj
 0003:00013148       _jwe_estm                  0046b148     fj90i:jwe_ems1.obj
 0003:000133a8       _jwe_eexm                  0046b3a8     fj90i:jwe_ems1.obj
 0003:000135c8       _jwe_eimc                  0046b5c8     fj90i:jwe_ems1.obj
 0003:00013748       _jwe_emt1                  0046b748     fj90i:jwe_ems1.obj
 0003:00013758       _jwe_emn1                  0046b758     fj90i:jwe_ems1.obj
 0003:00013778       _jwe_emi1                  0046b778     fj90i:jwe_ems1.obj
 0003:00013780       __aexit_rtn                0046b780     libc:crt0.obj
 0003:00013784       ___app_type                0046b784     libc:crt0.obj
 0003:00013788       __iob                      0046b788     libc:_file.obj
 0003:00013a08       __pctype                   0046ba08     libc:ctype.obj
 0003:00013a0c       __pwctype                  0046ba0c     libc:ctype.obj
 0003:00013a10       __ctype                    0046ba10     libc:ctype.obj
 0003:00013c14       ___mb_cur_max              0046bc14     libc:nlsdata1.obj
 0003:00013c18       ___decimal_point           0046bc18     libc:nlsdata1.obj
 0003:00013c1c       ___decimal_point_length    0046bc1c     libc:nlsdata1.obj
 0003:00013c20       __half                     0046bc20     libc:pow.obj
 0003:00013c2c       __fltused                  0046bc2c     libc:fpinit.obj
[...]
 0001:00018d00       _jwe_iioe                  0041bd00 f   fj90i:jwe_iedi.obj
 0001:00019070       _jwe_iios                  0041c070 f   fj90i:jwe_iedi.obj
 0001:00019380       _jwe_iige                  0041c380 f   fj90i:jwe_iedi.obj
 0001:000193a0       _jwe_iine                  0041c3a0 f   fj90i:jwe_iedi.obj
 0001:000193b0       _jwe_iief                  0041c3b0 f   fj90i:jwe_iedi.obj
 0001:000197a0       _jwe_iiqe                  0041c7a0 f   fj90i:jwe_iedi.obj
 0001:000131b0       _jwe_iofe                  004161b0 f   fj90i:jwe_iedo.obj
 0001:00013420       _jwe_ioed                  00416420 f   fj90i:jwe_iedo.obj
 0001:00013da0       _jwe_ior0                  00416da0 f   fj90i:jwe_iedo.obj
 0001:00013f30       _jwe_ioni                  00416f30 f   fj90i:jwe_iedo.obj
 0001:00013ff0       _jwe_ioic                  00416ff0 f   fj90i:jwe_iedo.obj
 0001:00014210       _jwe_ioge                  00417210 f   fj90i:jwe_iedo.obj
 0001:00014250       _jwe_iocl                  00417250 f   fj90i:jwe_iedo.obj
 0001:00014280       _jwe_ioie                  00417280 f   fj90i:jwe_iedo.obj
 0001:00014540       _jwe_ioig                  00417540 f   fj90i:jwe_iedo.obj
 0001:000147e0       _jwe_iole                  004177e0 f   fj90i:jwe_iedo.obj
 0001:000148c0       _jwe_ioaw                  004178c0 f   fj90i:jwe_iedo.obj
 0001:00014950       _jwe_ioae                  00417950 f   fj90i:jwe_iedo.obj
 0001:00014980       _jwe_iozs                  00417980 f   fj90i:jwe_iedo.obj
 0001:00014bd0       _jwe_ioze                  00417bd0 f   fj90i:jwe_iedo.obj
 0001:00014dd0       _jwe_ioen                  00417dd0 f   fj90i:jwe_iedo.obj
 0001:00015280       _jwe_ioes                  00418280 f   fj90i:jwe_iedo.obj
 0001:00015620       _jwe_iore                  00418620 f   fj90i:jwe_iedo.obj
 0001:000156b0       _jwe_iobs                  004186b0 f   fj90i:jwe_iedo.obj
 0001:000159a0       _jwe_iobe                  004189a0 f   fj90i:jwe_iedo.obj
 0001:00015c50       _jwe_ioos                  00418c50 f   fj90i:jwe_iedo.obj
 0001:00016000       _jwe_iooe                  00419000 f   fj90i:jwe_iedo.obj
 0001:00016210       _jwe_ione                  00419210 f   fj90i:jwe_iedo.obj
 0001:00013110       _jwe_iife                  00416110 f   fj90i:jwe_iipg.obj
 0001:000119c0       _jwe_ilno                  004149c0 f   fj90i:jwe_ilni.obj
 0001:00011ac0       _jwe_iln1                  00414ac0 f   fj90i:jwe_ilni.obj
 0001:00011bf0       _jwe_iln2                  00414bf0 f   fj90i:jwe_ilni.obj
 0001:00011c10       _jwe_ilnp                  00414c10 f   fj90i:jwe_ilni.obj
 0001:000125b0       _jwe_ilnr                  004155b0 f   fj90i:jwe_ilni.obj
 0001:00012680       _jwe_ilng                  00415680 f   fj90i:jwe_ilni.obj
 0001:000126f0       _jwe_ilnc                  004156f0 f   fj90i:jwe_ilni.obj
 0001:00012810       _jwe_ilns                  00415810 f   fj90i:jwe_ilni.obj
 0001:000128f0       _jwe_ilnl                  004158f0 f   fj90i:jwe_ilni.obj
 0001:00012af0       _jwe_ilne                  00415af0 f   fj90i:jwe_ilni.obj
 0001:00012d20       _jwe_ilnf                  00415d20 f   fj90i:jwe_ilni.obj
 0001:00010620       _jwe_inip                  00413620 f   fj90i:jwe_inai.obj
 0001:00010780       _jwe_inss                  00413780 f   fj90i:jwe_inai.obj
 0001:00010a60       _jwe_inar                  00413a60 f   fj90i:jwe_inai.obj
 0001:00010e60       _jwe_insb                  00413e60 f   fj90i:jwe_inai.obj
 0001:000110e0       _jwe_inst                  004140e0 f   fj90i:jwe_inai.obj
 0001:0000d120       _jwe_incs                  00410120 f   fj90i:jwe_inao.obj
 0001:0000d2b0       _jwe_inct                  004102b0 f   fj90i:jwe_inao.obj
 0001:0000d480       _jwe_inon                  00410480 f   fj90i:jwe_inao.obj
 0001:0000d550       _jwe_invo                  00410550 f   fj90i:jwe_inao.obj
 0001:0000e0f0       _jwe_inop                  004110f0 f   fj90i:jwe_inao.obj
 0001:0000e1c0       _jwe_in_n                  004111c0 f   fj90i:jwe_inao.obj
 0001:0000e240       _jwe_inoe                  00411240 f   fj90i:jwe_inao.obj
 0001:0000e2e0       _jwe_in_c                  004112e0 f   fj90i:jwe_inao.obj
 0001:0000e3b0       _jwe_in_r                  004113b0 f   fj90i:jwe_inao.obj
 0001:0000cbb0       _jwe_imch                  0040fbb0 f   fj90i:jwe_ifmt.obj
 0001:0000cd00       _jwe_imgp                  0040fd00 f   fj90i:jwe_ifmt.obj
 0001:0000cd60       _jwe_impp                  0040fd60 f   fj90i:jwe_ifmt.obj
 0001:0000cdf0       _jwe_ifme                  0040fdf0 f   fj90i:jwe_ifmt.obj
 0001:000097d0       _jwe_isip                  0040c7d0 f   fj90i:jwe_ifct.obj
 0001:0000b590       _jwe_ifrp                  0040e590 f   fj90i:jwe_ifct.obj
 0001:0000b5d0       _jwe_ifer                  0040e5d0 f   fj90i:jwe_ifct.obj
 0001:0000b6c0       _jwe_ifcg                  0040e6c0 f   fj90i:jwe_ifct.obj
 0001:0000b7a0       _jwe_iftc                  0040e7a0 f   fj90i:jwe_ifct.obj
 0001:00008e50       _jwe_errproc               0040be50 f   fj90i:jwe_iflc.obj
 0001:00007cd0       _jwe_error_call            0040acd0 f   fj90i:jwe_xdal.obj
 0001:00007710       _jwe_error_call            0040a710 f   fj90i:jwe_xalc.obj
 0001:00006390       _jwe_xsch                  00409390 f   fj90i:jwe_xopt.obj
 0001:000059f0       _jwe_iifg                  004089f0 f   fj90i:jwe_iinf.obj
 0001:00005ab0       _jwe_iifp                  00408ab0 f   fj90i:jwe_iinf.obj
 0001:00002db0       _jwe_iop0                  00405db0 f   fj90i:jwe_iocf.obj
 0001:00003280       _jwe_iocl                  00406280 f   fj90i:jwe_iocf.obj
 0001:000034a0       _jwe_iop1                  004064a0 f   fj90i:jwe_iocf.obj
 0001:00003f70       _jwe_iop2                  00406f70 f   fj90i:jwe_iocf.obj
 0001:00004140       _jwe_iop3                  00407140 f   fj90i:jwe_iocf.obj
 0001:000041b0       _jwe_iop5                  004071b0 f   fj90i:jwe_iocf.obj
 0001:00004260       _jwe_iop4                  00407260 f   fj90i:jwe_iocf.obj
 0001:00004320       _jwe_iop6                  00407320 f   fj90i:jwe_iocf.obj
 0001:000043a0       _jwe_iop7                  004073a0 f   fj90i:jwe_iocf.obj
 0001:000045a0       _jwe_iopc                  004075a0 f   fj90i:jwe_iocf.obj
 0001:00004670       _jwe_iopw                  00407670 f   fj90i:jwe_iocf.obj
 0001:000048f0       _jwe_iope                  004078f0 f   fj90i:jwe_iocf.obj
 0001:00004b10       _jwe_iops                  00407b10 f   fj90i:jwe_iocf.obj
 0001:00004bc0       _jwe_iop8                  00407bc0 f   fj90i:jwe_iocf.obj
 0001:00051f1e       _xtoa                      00454f1e f   libc:xtoa.obj
 0001:00051ff0       _x64toa@20                 00454ff0 f   libc:xtoa.obj
 0001:00051d7d       __stripquote               00454d7d f   libc:tempnam.obj
 0001:00051411       _output                    00454411 f   libc:cprintf.obj
 0001:00051b3e       _write_char                00454b3e f   libc:cprintf.obj
 0001:00051b58       _write_multi_char          00454b58 f   libc:cprintf.obj
 0001:00051b84       _write_string              00454b84 f   libc:cprintf.obj
 0001:00051bb7       _get_int_arg               00454bb7 f   libc:cprintf.obj
 0001:00051bc4       _get_int64_arg             00454bc4 f   libc:cprintf.obj
 0001:00051bd4       _get_short_arg             00454bd4 f   libc:cprintf.obj
 0001:0004f519       __get_fname                00452519 f   libc:fpexcept.obj
 0001:0004cf34       label0                     0044ff34 f   libc:adj_fdiv.obj
 0001:0004cf3a       label1                     0044ff3a f   libc:adj_fdiv.obj
 0001:0004cf3f       label2                     0044ff3f f   libc:adj_fdiv.obj
 0001:0004cf45       label3                     0044ff45 f   libc:adj_fdiv.obj
 0001:0004cf4a       label4                     0044ff4a f   libc:adj_fdiv.obj
 0001:0004cf50       label5                     0044ff50 f   libc:adj_fdiv.obj
 0001:0004cf56       label6                     0044ff56 f   libc:adj_fdiv.obj
 0001:0004cf5c       label7                     0044ff5c f   libc:adj_fdiv.obj
 0001:0004cf62       label8                     0044ff62 f   libc:adj_fdiv.obj
 0001:0004cf7e       label9                     0044ff7e f   libc:adj_fdiv.obj
 0001:0004cf83       label10                    0044ff83 f   libc:adj_fdiv.obj
 0001:0004cf99       label11                    0044ff99 f   libc:adj_fdiv.obj
 0001:0004cf9e       label12                    0044ff9e f   libc:adj_fdiv.obj
 0001:0004cfba       label13                    0044ffba f   libc:adj_fdiv.obj
 0001:0004cfca       label14                    0044ffca f   libc:adj_fdiv.obj
 0001:0004cfde       label15                    0044ffde f   libc:adj_fdiv.obj
 0001:0004cfee       label16                    0044ffee f   libc:adj_fdiv.obj
 0001:0004d00e       label17                    0045000e f   libc:adj_fdiv.obj
 0001:0004d013       label18                    00450013 f   libc:adj_fdiv.obj
 0001:0004d02d       label19                    0045002d f   libc:adj_fdiv.obj
 0001:0004d032       label20                    00450032 f   libc:adj_fdiv.obj
 0001:0004d052       label21                    00450052 f   libc:adj_fdiv.obj
 0001:0004d066       label22                    00450066 f   libc:adj_fdiv.obj
 0001:0004d07e       label23                    0045007e f   libc:adj_fdiv.obj
 0001:0004d092       label24                    00450092 f   libc:adj_fdiv.obj
 0001:0004d0b2       label25                    004500b2 f   libc:adj_fdiv.obj
 0001:0004d0b7       label26                    004500b7 f   libc:adj_fdiv.obj
 0001:0004d0d1       label27                    004500d1 f   libc:adj_fdiv.obj
 0001:0004d0d6       label28                    004500d6 f   libc:adj_fdiv.obj
 0001:0004d0f6       label29                    004500f6 f   libc:adj_fdiv.obj
 0001:0004d10a       label30                    0045010a f   libc:adj_fdiv.obj
 0001:0004d122       label31                    00450122 f   libc:adj_fdiv.obj
 0001:0004d136       label32                    00450136 f   libc:adj_fdiv.obj
 0001:0004d156       label33                    00450156 f   libc:adj_fdiv.obj
 0001:0004d15b       label34                    0045015b f   libc:adj_fdiv.obj
 0001:0004d175       label35                    00450175 f   libc:adj_fdiv.obj
 0001:0004d17a       label36                    0045017a f   libc:adj_fdiv.obj
 0001:0004d19a       label37                    0045019a f   libc:adj_fdiv.obj
 0001:0004d1ae       label38                    004501ae f   libc:adj_fdiv.obj
 0001:0004d1c6       label39                    004501c6 f   libc:adj_fdiv.obj
 0001:0004d1da       label40                    004501da f   libc:adj_fdiv.obj
 0001:0004d1fa       label41                    004501fa f   libc:adj_fdiv.obj
 0001:0004d1ff       label42                    004501ff f   libc:adj_fdiv.obj
 0001:0004d219       label43                    00450219 f   libc:adj_fdiv.obj
 0001:0004d21e       label44                    0045021e f   libc:adj_fdiv.obj
 0001:0004d23e       label45                    0045023e f   libc:adj_fdiv.obj
 0001:0004d252       label46                    00450252 f   libc:adj_fdiv.obj
 0001:0004d26a       label47                    0045026a f   libc:adj_fdiv.obj
 0001:0004d27e       label48                    0045027e f   libc:adj_fdiv.obj
 0001:0004d29e       label49                    0045029e f   libc:adj_fdiv.obj
 0001:0004d2a3       label50                    004502a3 f   libc:adj_fdiv.obj
 0001:0004d2bd       label51                    004502bd f   libc:adj_fdiv.obj
 0001:0004d2c2       label52                    004502c2 f   libc:adj_fdiv.obj
 0001:0004d2e2       label53                    004502e2 f   libc:adj_fdiv.obj
 0001:0004d2f6       label54                    004502f6 f   libc:adj_fdiv.obj
 0001:0004d30e       label55                    0045030e f   libc:adj_fdiv.obj
 0001:0004d322       label56                    00450322 f   libc:adj_fdiv.obj
 0001:0004d342       label57                    00450342 f   libc:adj_fdiv.obj
 0001:0004d347       label58                    00450347 f   libc:adj_fdiv.obj
 0001:0004d361       label59                    00450361 f   libc:adj_fdiv.obj
 0001:0004d366       label60                    00450366 f   libc:adj_fdiv.obj
 0001:0004d386       label61                    00450386 f   libc:adj_fdiv.obj
 0001:0004d39a       label62                    0045039a f   libc:adj_fdiv.obj
 0001:0004d3b2       label63                    004503b2 f   libc:adj_fdiv.obj
 0001:0004cd44       _findenv                   0044fd44 f   libc:setenv.obj
 0001:0004cd9c       _copy_environ              0044fd9c f   libc:setenv.obj
 0001:0004cb92       _strncnt                   0044fb92 f   libc:a_cmp.obj
 0001:0004c525       _cvtdate                   0044f525 f   libc:tzset.obj
 0001:0004baa9       _getSystemCP               0044eaa9 f   libc:mbctype.obj
 0001:0004baf3       _CPtoLCID                  0044eaf3 f   libc:mbctype.obj
 0001:0004bb26       _setSBCS                   0044eb26 f   libc:mbctype.obj
 0001:0004bb4f       _setSBUpLow                0044eb4f f   libc:mbctype.obj
 0001:0004b115       _ctrlevent_capture@4       0044e115 f   libc:winsig.obj
 0001:0004b27a       _siglookup                 0044e27a f   libc:winsig.obj
 0001:0004ac83       __cftoe_g                  0044dc83 f   libc:cvt.obj
 0001:0004acaa       __cftof_g                  0044dcaa f   libc:cvt.obj
 0001:0004ad1e       __shift                    0044dd1e f   libc:cvt.obj
 0001:0004a151       fFEXP                      0044d151 f   libc:87tran.obj
 0001:0004a291       _rtforexpinf               0044d291 f   libc:87tran.obj
 0001:0004a039       _strncnt                   0044d039 f   libc:a_map.obj
 0001:00049b50       LeadUp1                    0044cb50 f   libc:memcpy.obj
 0001:00049b7c       LeadUp2                    0044cb7c f   libc:memcpy.obj
 0001:00049ba0       LeadUp3                    0044cba0 f   libc:memcpy.obj
 0001:00049c1f       UnwindUp0                  0044cc1f f   libc:memcpy.obj
 0001:00049c0c       UnwindUp1                  0044cc0c f   libc:memcpy.obj
 0001:00049c04       UnwindUp2                  0044cc04 f   libc:memcpy.obj
 0001:00049bfc       UnwindUp3                  0044cbfc f   libc:memcpy.obj
 0001:00049bf4       UnwindUp4                  0044cbf4 f   libc:memcpy.obj
 0001:00049bec       UnwindUp5                  0044cbec f   libc:memcpy.obj
 0001:00049be4       UnwindUp6                  0044cbe4 f   libc:memcpy.obj
 0001:00049bdc       UnwindUp7                  0044cbdc f   libc:memcpy.obj
 0001:00049c38       TrailUp0                   0044cc38 f   libc:memcpy.obj
 0001:00049c40       TrailUp1                   0044cc40 f   libc:memcpy.obj
 0001:00049c4c       TrailUp2                   0044cc4c f   libc:memcpy.obj
 0001:00049c60       TrailUp3                   0044cc60 f   libc:memcpy.obj
 0001:00049cd8       LeadDown1                  0044ccd8 f   libc:memcpy.obj
 0001:00049cf8       LeadDown2                  0044ccf8 f   libc:memcpy.obj
 0001:00049d20       LeadDown3                  0044cd20 f   libc:memcpy.obj
 0001:00049d74       UnwindDown7                0044cd74 f   libc:memcpy.obj
 0001:00049d7c       UnwindDown6                0044cd7c f   libc:memcpy.obj
 0001:00049d84       UnwindDown5                0044cd84 f   libc:memcpy.obj
 0001:00049d8c       UnwindDown4                0044cd8c f   libc:memcpy.obj
 0001:00049d94       UnwindDown3                0044cd94 f   libc:memcpy.obj
 0001:00049d9c       UnwindDown2                0044cd9c f   libc:memcpy.obj
 0001:00049da4       UnwindDown1                0044cda4 f   libc:memcpy.obj
 0001:00049db7       UnwindDown0                0044cdb7 f   libc:memcpy.obj
 0001:00049dd0       TrailDown0                 0044cdd0 f   libc:memcpy.obj
 0001:00049dd8       TrailDown1                 0044cdd8 f   libc:memcpy.obj
 0001:00049de8       TrailDown2                 0044cde8 f   libc:memcpy.obj
 0001:00049dfc       TrailDown3                 0044cdfc f   libc:memcpy.obj
 0001:00047f89       _write_char                0044af89 f   libc:output.obj
 0001:00047fbe       _write_multi_char          0044afbe f   libc:output.obj
 0001:00047fef       _write_string              0044afef f   libc:output.obj
 0001:00048027       _get_int_arg               0044b027 f   libc:output.obj
 0001:00048034       _get_int64_arg             0044b034 f   libc:output.obj
 0001:00048044       _get_short_arg             0044b044 f   libc:output.obj
 0001:00047178       _IsRootUNCName             0044a178 f   libc:stat.obj
 0001:00046928       _gu_return                 00449928 f   libc:exsup.obj
 0001:00046930       __unwind_handler           00449930 f   libc:exsup.obj
 0001:000461e1       _parse_cmdline             004491e1 f   libc:stdargv.obj
 0001:0004604c       _xcptlookup                0044904c f   libc:winxfltr.obj
 0001:00044c5c       _doexit                    00447c5c f   libc:crt0dat.obj
 0001:00044cf5       __initterm                 00447cf5 f   libc:crt0dat.obj
 0001:00044950       _strtoxl                   00447950 f   libc:strtol.obj
 0001:00044320       LeadUp1                    00447320 f   libc:memmove.obj
 0001:0004434c       LeadUp2                    0044734c f   libc:memmove.obj
 0001:00044370       LeadUp3                    00447370 f   libc:memmove.obj
 0001:000443ef       UnwindUp0                  004473ef f   libc:memmove.obj
 0001:000443dc       UnwindUp1                  004473dc f   libc:memmove.obj
 0001:000443d4       UnwindUp2                  004473d4 f   libc:memmove.obj
 0001:000443cc       UnwindUp3                  004473cc f   libc:memmove.obj
 0001:000443c4       UnwindUp4                  004473c4 f   libc:memmove.obj
 0001:000443bc       UnwindUp5                  004473bc f   libc:memmove.obj
 0001:000443b4       UnwindUp6                  004473b4 f   libc:memmove.obj
 0001:000443ac       UnwindUp7                  004473ac f   libc:memmove.obj
 0001:00044408       TrailUp0                   00447408 f   libc:memmove.obj
 0001:00044410       TrailUp1                   00447410 f   libc:memmove.obj
 0001:0004441c       TrailUp2                   0044741c f   libc:memmove.obj
 0001:00044430       TrailUp3                   00447430 f   libc:memmove.obj
 0001:000444a8       LeadDown1                  004474a8 f   libc:memmove.obj
 0001:000444c8       LeadDown2                  004474c8 f   libc:memmove.obj
 0001:000444f0       LeadDown3                  004474f0 f   libc:memmove.obj
 0001:00044544       UnwindDown7                00447544 f   libc:memmove.obj
 0001:0004454c       UnwindDown6                0044754c f   libc:memmove.obj
 0001:00044554       UnwindDown5                00447554 f   libc:memmove.obj
 0001:0004455c       UnwindDown4                0044755c f   libc:memmove.obj
 0001:00044564       UnwindDown3                00447564 f   libc:memmove.obj
 0001:0004456c       UnwindDown2                0044756c f   libc:memmove.obj
 0001:00044574       UnwindDown1                00447574 f   libc:memmove.obj
 0001:00044587       UnwindDown0                00447587 f   libc:memmove.obj
 0001:000445a0       TrailDown0                 004475a0 f   libc:memmove.obj
 0001:000445a8       TrailDown1                 004475a8 f   libc:memmove.obj
 0001:000445b8       TrailDown2                 004475b8 f   libc:memmove.obj
 0001:000445cc       TrailDown3                 004475cc f   libc:memmove.obj
 0001:00043b1b       _flsall                    00446b1b f   libc:fflush.obj
 0001:0004392b       __abstract_cw              0044692b f   libc:ieee87.obj
 0001:000439bd       __hw_cw                    004469bd f   libc:ieee87.obj
 0001:00043a46       __abstract_sw              00446a46 f   libc:ieee87.obj
 0001:0004381f       _IsRootUNCName             0044681f f   libc:stati64.obj
 0001:00043473       _fast_error_exit           00446473 f   libc:crt0.obj
