 neutyp

 Timestamp is 5dd56afd (Wed Nov 20 13:34:05 2019)

 Preferred load address is 00400000

 Start         Length     Name                   Class
 0001:00000000 000524b2H .text                   CODE
 0002:00000000 00000140H .idata$5                DATA
 0002:00000140 000013b8H .rdata                  DATA
 0002:000014f8 00000028H .idata$2                DATA
 0002:00001520 00000014H .idata$3                DATA
 0002:00001534 00000140H .idata$4                DATA
 0002:00001674 000005a6H .idata$6                DATA
 0002:00001c1a 00000000H .edata                  DATA
 0003:00000000 00000004H .CRT$XCA                DATA
 0003:00000004 00000000H .CRT$XCU                DATA
 0003:00000004 00000004H .CRT$XCZ                DATA
 0003:00000008 00000004H .CRT$XIA                DATA
 0003:0000000c 00000008H .CRT$XIC                DATA
 0003:00000014 00000004H .CRT$XIZ                DATA
 0003:00000018 00000004H .CRT$XPA                DATA
 0003:0000001c 0000000cH .CRT$XPX                DATA
 0003:00000028 00000004H .CRT$XPZ                DATA
 0003:0000002c 00000004H .CRT$XTA                DATA
 0003:00000030 00000004H .CRT$XTZ                DATA
 0003:00000040 000169b0H .data                   DATA
 0003:000169f0 00001e78H .bss                    DATA

  Address         Publics by Value              Rva+Base     Lib:Object

 0001:00000000       _utilitarios_float_        00403000 f   neutyp.obj
 0001:00000020       _utilitarios_float@_diracof_ 00403020 f   neutyp.obj
 0001:000002f0       _utilitarios_float@_diracoi_ 004032f0 f   neutyp.obj
 0001:00000460       _MAIN__                    00403460 f   neutyp.obj
 0001:00002950       _f_trim                    00405950 f   fj90f:jwe_ftrm.obj
 0001:000029a0       _getarg_                   004059a0 f   fj90i:jwe_sgta.obj
 0001:00002a70       _jwe_iocf                  00405a70 f   fj90i:jwe_iocf.obj
 0001:00005240       _jwe_ifac                  00408240 f   fj90i:jwe_iocf.obj
 0001:00005450       _jwe_iinf                  00408450 f   fj90i:jwe_iinf.obj
 0001:00005ef0       _jwe_ilst                  00408ef0 f   fj90i:jwe_ilst.obj
 0001:000064b0       _jwe_xopt                  004094b0 f   fj90i:jwe_xopt.obj
 0001:00007470       _jwe_xcop                  0040a470 f   fj90i:jwe_xopt.obj
 0001:000076d0       _jwe_xrcp                  0040a6d0 f   fj90i:jwe_xopt.obj
 0001:000076e0       _jwe_xstp                  0040a6e0 f   fj90i:jwe_xstp.obj
 0001:00007830       _jwe_xalc                  0040a830 f   fj90i:jwe_xalc.obj
 0001:00007c90       _jwe_x_alloc_trace         0040ac90 f   fj90i:jwe_xalc.obj
 0001:00007dc0       _jwe_xdal                  0040adc0 f   fj90i:jwe_xdal.obj
 0001:00008170       _jwe_iduf                  0040b170 f   fj90i:jwe_iduf.obj
 0001:000084c0       _jwe_xilc                  0040b4c0 f   fj90i:jwe_xilc.obj
 0001:00008500       _jwe_xarg                  0040b500 f   fj90i:jwe_xarg.obj
 0001:00008640       _jwe_xint                  0040b640 f   fj90i:jwe_xint.obj
 0001:000086c0       _jwe_isui                  0040b6c0 f   fj90i:jwe_isui.obj
 0001:000087f0       _jwe_isu1                  0040b7f0 f   fj90i:jwe_isui.obj
 0001:000088a0       _jwe_icep                  0040b8a0 f   fj90i:jwe_icep.obj
 0001:00008960       _jwe_icui                  0040b960 f   fj90i:jwe_icui.obj
 0001:00008dd0       _jwe_iist                  0040bdd0 f   fj90i:jwe_icui.obj
 0001:00008e20       _jwe_ifcf                  0040be20 f   fj90i:jwe_ifcf.obj
 0001:00008fa0       _jwe_ifcc                  0040bfa0 f   fj90i:jwe_ifcc.obj
 0001:00009060       _jwe_iflc                  0040c060 f   fj90i:jwe_iflc.obj
 0001:000092c0       _jwe_iflo                  0040c2c0 f   fj90i:jwe_iflo.obj
 0001:00009350       _jwe_ienv                  0040c350 f   fj90i:jwe_ienv.obj
 0001:000094d0       _jwe_isss                  0040c4d0 f   fj90i:jwe_isss.obj
 0001:000094e0       _jwe_ifnc                  0040c4e0 f   fj90i:jwe_ifnc.obj
 0001:00009790       _jwe_ifck                  0040c790 f   fj90i:jwe_ifck.obj
 0001:00009860       _jwe_igfn                  0040c860 f   fj90i:jwe_igfn.obj
 0001:00009910       _jwe_iftx                  0040c910 f   fj90i:jwe_iftx.obj
 0001:00009a70       _jwe_ifct                  0040ca70 f   fj90i:jwe_ifct.obj
 0001:0000bb90       _jwe_isob                  0040eb90 f   fj90i:jwe_isob.obj
 0001:0000bcc0       _jwe_ifmt                  0040ecc0 f   fj90i:jwe_ifmt.obj
 0001:0000d230       _jwe_inao                  00410230 f   fj90i:jwe_inao.obj
 0001:0000e890       _jwe_inai                  00411890 f   fj90i:jwe_inai.obj
 0001:0000fd00       _jwe_inkw                  00412d00 f   fj90i:jwe_inai.obj
 0001:000104b0       _jwe_inch                  004134b0 f   fj90i:jwe_inai.obj
 0001:00010520       _jwe_inc2                  00413520 f   fj90i:jwe_inai.obj
 0001:00010560       _jwe_inhx                  00413560 f   fj90i:jwe_inai.obj
 0001:00010730       _jwe_inex                  00413730 f   fj90i:jwe_inai.obj
 0001:00010780       _jwe_inhc                  00413780 f   fj90i:jwe_inai.obj
 0001:000114d0       _jwe_ine1                  004144d0 f   fj90i:jwe_inai.obj
 0001:000116b0       _jwe_ine2                  004146b0 f   fj90i:jwe_inai.obj
 0001:000118d0       _jwe_ine3                  004148d0 f   fj90i:jwe_inai.obj
 0001:00011a00       _jwe_in_g                  00414a00 f   fj90i:jwe_inai.obj
 0001:00011bf0       _jwe_insf                  00414bf0 f   fj90i:jwe_inai.obj
 0001:00011c70       _jwe_inah                  00414c70 f   fj90i:jwe_inai.obj
 0001:00011cd0       _jwe_ilni                  00414cd0 f   fj90i:jwe_ilni.obj
 0001:000130c0       _jwe_igad                  004160c0 f   fj90i:jwe_igad.obj
 0001:000130e0       _jwe_ipid                  004160e0 f   fj90i:jwe_ipid.obj
 0001:00013170       _jwe_iipg                  00416170 f   fj90i:jwe_iipg.obj
 0001:000134c0       _jwe_iedo                  004164c0 f   fj90i:jwe_iedo.obj
 0001:00016550       _jwe_iedi                  00419550 f   fj90i:jwe_iedi.obj
 0001:00019b80       _jwe_ildo                  0041cb80 f   fj90i:jwe_ildo.obj
 0001:0001b3c0       _jwe_illd                  0041e3c0 f   fj90i:jwe_ildo.obj
 0001:0001b4f0       _jwe_ildi                  0041e4f0 f   fj90i:jwe_ildi.obj
 0001:0001c190       _jwe_iscf                  0041f190 f   fj90i:jwe_iscf.obj
 0001:0001cd50       _jwe_xsns                  0041fd50 f   fj90i:jwe_xsns.obj
 0001:0001cdd8       _jwe_xscr                  0041fdd8 f   fj90i:jwe_xsns.obj
 0001:0001ce6c       _jwe_xgsr                  0041fe6c f   fj90i:jwe_xsns.obj
 0001:0001cf10       _jwe_xexi                  0041ff10 f   fj90i:jwe_xexi.obj
 0001:0001cf70       _jwe_epmp                  0041ff70 f   fj90i:jwe_eprt.obj
 0001:0001d030       _jwe_eprt                  00420030 f   fj90i:jwe_eprt.obj
 0001:0001d4d0       _jwe_etpt                  004204d0 f   fj90i:jwe_etpt.obj
 0001:0001d500       _jwe_xalc_fast             00420500 f   fj90i:jwe_xdta.obj
 0001:0001d710       _jwe_xdal_fast             00420710 f   fj90i:jwe_xdta.obj
 0001:0001d9b0       _jwe_xget_align            004209b0 f   fj90i:jwe_xdta.obj
 0001:0001da20       _jwe_xfree_align           00420a20 f   fj90i:jwe_xdta.obj
 0001:0001da40       _jwe_iumv                  00420a40 f   fj90i:jwe_iumv.obj
 0001:0001f6a0       _jwe_idcf                  004226a0 f   fj90i:jwe_idcf.obj
 0001:0001fb20       _jwe_iluc                  00422b20 f   fj90i:jwe_iluc.obj
 0001:0001fc30       _jwe_ioef                  00422c30 f   fj90i:jwe_ioef.obj
 0001:0001fcb0       _jwe_iosf                  00422cb0 f   fj90i:jwe_iosf.obj
 0001:0001fe70       _jwe_eerm                  00422e70 f   fj90i:jwe_eerm.obj
 0001:000202c0       _jwe_xbfh                  004232c0 f   fj90i:jwe_xbfh.obj
 0001:000202e0       _jwe_xbsg                  004232e0 f   fj90i:jwe_xbsg.obj
 0001:00020330       _jwe_xend                  00423330 f   fj90i:jwe_xend.obj
 0001:00020450       _jwe_xtim                  00423450 f   fj90i:jwe_xtim.obj
 0001:00020510       _jwe_ifss                  00423510 f   fj90i:jwe_ifss.obj
 0001:00020600       _jwe_icfc                  00423600 f   fj90i:jwe_icfc.obj
 0001:00020630       _jwe_xexs                  00423630 f   fj90i:jwe_xexs.obj
 0001:00020650       _jwe_xets                  00423650 f   fj90i:jwe_xexs.obj
 0001:00020860       _jwe_xacp                  00423860 f   fj90i:jwe_xacp.obj
 0001:000208a0       _jwe_eset                  004238a0 f   fj90i:jwe_eset.obj
 0001:000208b0       _jwe_icps                  004238b0 f   fj90i:jwe_icps.obj
 0001:00021020       _jwe_icpt                  00424020 f   fj90i:jwe_icpt.obj
 0001:000217e0       _jwe_ifps                  004247e0 f   fj90i:jwe_ifps.obj
 0001:00021d40       _jwe_ioec                  00424d40 f   fj90i:jwe_ioec.obj
 0001:00022140       _jwe_ifcr                  00425140 f   fj90i:jwe_ifcr.obj
 0001:000221e0       _jwe_iefn                  004251e0 f   fj90i:jwe_iefn.obj
 0001:00022350       _jwe_ifcs                  00425350 f   fj90i:jwe_ifcs.obj
 0001:00022440       _jwe_ifcl                  00425440 f   fj90i:jwe_ifcl.obj
 0001:000231e0       _jwe_ifan                  004261e0 f   fj90i:jwe_ifan.obj
 0001:000233a0       _jwe_irpp                  004263a0 f   fj90i:jwe_irpp.obj
 0001:00023a10       _jwe_isdp                  00426a10 f   fj90i:jwe_isdp.obj
 0001:00023bf0       _jwe_isd1                  00426bf0 f   fj90i:jwe_isdp.obj
 0001:00023cd0       _jwe_isd2                  00426cd0 f   fj90i:jwe_isdp.obj
 0001:00023e30       _jwe_isls                  00426e30 f   fj90i:jwe_isdp.obj
 0001:00023e80       _jwe_ielo                  00426e80 f   fj90i:jwe_ielo.obj
 0001:00024420       _jwe_inad                  00427420 f   fj90i:jwe_inad.obj
 0001:000266f0       _jwe_inas                  004296f0 f   fj90i:jwe_inas.obj
 0001:00027cd0       _jwe_indi                  0042acd0 f   fj90i:jwe_inas.obj
 0001:00028a10       _jwe_icft                  0042ba10 f   fj90i:jwe_icft.obj
 0001:0002c280       _jwe_iric                  0042f280 f   fj90i:jwe_irio.obj
 0001:0002d1e0       _jwe_iroc                  004301e0 f   fj90i:jwe_irio.obj
 0001:0002f1a0       _jwe_icbd                  004321a0 f   fj90i:jwe_icbd.obj
 0001:0002f2a0       _jwe_icbdu                 004322a0 f   fj90i:jwe_icbd.obj
 0001:0002f320       _jwe_icbdr                 00432320 f   fj90i:jwe_icbd.obj
 0001:0002f3f0       _jwe_ibtd                  004323f0 f   fj90i:jwe_ibtd.obj
 0001:0002f850       _jwe_ibtr                  00432850 f   fj90i:jwe_ibtr.obj
 0001:0002fa40       _jwe_ibtru                 00432a40 f   fj90i:jwe_ibtr.obj
 0001:0002fb60       _jwe_ibtrr                 00432b60 f   fj90i:jwe_ibtr.obj
 0001:0002fd50       _jwe_irms                  00432d50 f   fj90i:jwe_irms.obj
 0001:0002fea0       _jwe_inis                  00432ea0 f   fj90i:jwe_inis.obj
 0001:0002ffa0       _jwe_iims                  00432fa0 f   fj90i:jwe_iims.obj
 0001:00030050       _jwe_icdb                  00433050 f   fj90i:jwe_icdb.obj
 0001:000301e0       _jwe_icdbu                 004331e0 f   fj90i:jwe_icdb.obj
 0001:000302b0       _jwe_idtb                  004332b0 f   fj90i:jwe_idtb.obj
 0001:000304e0       _jwe_idtbu                 004334e0 f   fj90i:jwe_idtb.obj
 0001:000306a0       _jwe_idtr                  004336a0 f   fj90i:jwe_idtr.obj
 0001:00030810       _jwe_idtru                 00433810 f   fj90i:jwe_idtr.obj
 0001:00030910       _jwe_iczb                  00433910 f   fj90i:jwe_iczb.obj
 0001:00030b50       _jwe_icbb                  00433b50 f   fj90i:jwe_icbb.obj
 0001:00030c80       _jwe_icob                  00433c80 f   fj90i:jwe_icob.obj
 0001:00030f60       _jwe_igrr                  00433f60 f   fj90i:jwe_igrr.obj
 0001:00031500       _jwe_iedp                  00434500 f   fj90i:jwe_iedp.obj
 0001:00031710       _jwe_ifal                  00434710 f   fj90i:jwe_ifal.obj
 0001:000318d0       _jwe_ifch                  004348d0 f   fj90i:jwe_ifch.obj
 0001:00031a30       _jwe_xget_cpuid            00434a30 f   fj90i:jwe_xcpu.obj
 0001:00031b30       _jwe_ecnv                  00434b30 f   fj90i:jwe_ecnv.obj
 0001:00031c60       _jwe_xtyp                  00434c60 f   fj90i:jwe_xtyp.obj
 0001:00031f00       _jwe_iffo                  00434f00 f   fj90i:jwe_iffo.obj
 0001:00032890       _jwe_iffi                  00435890 f   fj90i:jwe_iffi.obj
 0001:00033100       _jwe_iflb                  00436100 f   fj90i:jwe_iflb.obj
 0001:00033270       _jwe_errr                  00436270 f   fj90i:jwe_errr.obj
 0001:00033ab0       _jwe_einf                  00436ab0 f   fj90i:jwe_einf.obj
 0001:00033e00       _jwe_eitm                  00436e00 f   fj90i:jwe_eitm.obj
 0001:00033e30       _jwe_xpac                  00436e30 f   fj90i:jwe_xpac.obj
 0001:00034030       _jwe_iged                  00437030 f   fj90i:jwe_iend.obj
 0001:00034270       _jwe_ieed                  00437270 f   fj90i:jwe_iend.obj
 0001:00034310       _jwe_xfpe                  00437310 f   fj90i:jwe_xfpe.obj
 0001:000343f0       _jwe_xsko                  004373f0 f   fj90i:jwe_xsko.obj
 0001:00034420       _jwe_xacv                  00437420 f   fj90i:jwe_xacv.obj
 0001:00034450       _jwe_xacd                  00437450 f   fj90i:jwe_xacd.obj
 0001:00034460       _jwe_xesm                  00437460 f   fj90i:jwe_xesm.obj
 0001:00034500       _jwe_etbm                  00437500 f   fj90i:jwe_etbm.obj
 0001:000357e0       _jwe_xill                  004387e0 f   fj90i:jwe_xill.obj
 0001:00035810       _jwe_xrdy                  00438810 f   fj90i:jwe_xrdy.obj
 0001:00035820       _jwe_iicn                  00438820 f   fj90i:jwe_iicn.obj
 0001:00035b60       _jwe_irpd                  00438b60 f   fj90i:jwe_irpd.obj
 0001:000360e0       _jwe_irp1                  004390e0 f   fj90i:jwe_irpd.obj
 0001:000361a0       _jwe_irp2                  004391a0 f   fj90i:jwe_irpd.obj
 0001:00036370       _jwe_ijdj                  00439370 f   fj90i:jwe_ijdj.obj
 0001:000365d0       _jwe_imdj                  004395d0 f   fj90i:jwe_imdj.obj
 0001:00036620       _jwe_imdju                 00439620 f   fj90i:jwe_imdj.obj
 0001:00036680       _jwe_ifvsv                 00439680 f   fj90i:jwe_imdj.obj
 0001:000366e0       _jwe_ifvdu                 004396e0 f   fj90i:jwe_imdj.obj
 0001:00036820       _jwe_ifvdv                 00439820 f   fj90i:jwe_imdj.obj
 0001:000369a0       _jwe_ijad                  004399a0 f   fj90i:jwe_ijad.obj
 0001:00036a20       _jwe_ijmj                  00439a20 f   fj90i:jwe_ijmj.obj
 0001:00036b70       _jwe_ifop                  00439b70 f   fj90i:jwe_ifop.obj
 0001:00037a20       _jwe_emsg                  0043aa20 f   fj90i:jwe_emsg.obj
 0001:00038980       _jwe_egtb                  0043b980 f   fj90i:jwe_ertb.obj
 0001:00038990       _jwe_ebtl                  0043b990 f   fj90i:jwe_ertb.obj
 0001:000389a0       _jwe_etbl                  0043b9a0 f   fj90i:jwe_etbl.obj
 0001:000389d0       _jwe_etbe                  0043b9d0 f   fj90i:jwe_etbe.obj
 0001:00038ad0       _jwe_etbn                  0043bad0 f   fj90i:jwe_etbn.obj
 0001:00038bf0       _jwe_etbg                  0043bbf0 f   fj90i:jwe_etbg.obj
 0001:00038d50       _jwe_etbs_dll              0043bd50 f   fj90i:jwe_etbs.obj
 0001:000390d0       _jwe_etbs                  0043c0d0 f   fj90i:jwe_etbs.obj
 0001:00039480       _jwe_ijsb                  0043c480 f   fj90i:jwe_ijsb.obj
 0001:000394f0       _jwe_idpa                  0043c4f0 f   fj90i:jwe_idpa.obj
 0001:0003a2a0       _jwe_idpb                  0043d2a0 f   fj90i:jwe_idpa.obj
 0001:0003a490       _jwe_idpe                  0043d490 f   fj90i:jwe_idpa.obj
 0001:0003a5b0       _jwe_idga                  0043d5b0 f   fj90i:jwe_idga.obj
 0001:0003ac70       _jwe_idpt                  0043dc70 f   fj90i:jwe_idpt.obj
 0001:0003b890       _jwe_idft                  0043e890 f   fj90i:jwe_idpt.obj
 0001:0003ba70       _jwe_idgt                  0043ea70 f   fj90i:jwe_idgt.obj
 0001:0003c130       _jwe_iupd                  0043f130 f   fj90i:jwe_iupd.obj
 0001:0003c7e0       _jwe_iupd_error            0043f7e0 f   fj90i:jwe_iupd.obj
 0001:0003c880       _jwe_iugd                  0043f880 f   fj90i:jwe_iugd.obj
 0001:0003cce0       _jwe_ibpd                  0043fce0 f   fj90i:jwe_ibpd.obj
 0001:0003cff0       _jwe_ibgd                  0043fff0 f   fj90i:jwe_ibgd.obj
 0001:0003d190       _jwe_ifpf                  00440190 f   fj90i:jwe_ifpf.obj
 0001:0003ddc0       _jwe_icpf                  00440dc0 f   fj90i:jwe_icpf.obj
 0001:0003ed10       _jwe_ifgf                  00441d10 f   fj90i:jwe_ifgf.obj
 0001:0003f490       _jwe_ipfd                  00442490 f   fj90i:jwe_ipfd.obj
 0001:000401b0       _jwe_itfn                  004431b0 f   fj90i:jwe_itfn.obj
 0001:000404f0       _jwe_iifd                  004434f0 f   fj90i:jwe_iifd.obj
 0001:00040800       _jwe_igfd                  00443800 f   fj90i:jwe_igfd.obj
 0001:00040b80       _jwe_itfd                  00443b80 f   fj90i:jwe_itfd.obj
 0001:00041050       _jwe_isfd                  00444050 f   fj90i:jwe_isfd.obj
 0001:000411d0       _jwe_irfd                  004441d0 f   fj90i:jwe_irfd.obj
 0001:000412c0       _jwe_ibfd                  004442c0 f   fj90i:jwe_ibfd.obj
 0001:00041fd0       _jwe_ifgs                  00444fd0 f   fj90i:jwe_ifgs.obj
 0001:000421a0       _jwe_ifga                  004451a0 f   fj90i:jwe_ifga.obj
 0001:00042250       _jwe_ipsd                  00445250 f   fj90i:jwe_ipsd.obj
 0001:00042960       _jwe_ipad                  00445960 f   fj90i:jwe_ipad.obj
 0001:00042990       _jwe_itsn                  00445990 f   fj90i:jwe_itsn.obj
 0001:00042a80       _jwe_ifpa                  00445a80 f   fj90i:jwe_ifpa.obj
 0001:00042b60       _jwe_igsd                  00445b60 f   fj90i:jwe_igsd.obj
 0001:00042d00       _jwe_itsd                  00445d00 f   fj90i:jwe_itsd.obj
 0001:00042e10       _jwe_issd                  00445e10 f   fj90i:jwe_issd.obj
 0001:00042e70       _jwe_irsd                  00445e70 f   fj90i:jwe_irsd.obj
 0001:00042ec0       _jwe_ibsd                  00445ec0 f   fj90i:jwe_ibsd.obj
 0001:000430e0       _jwe_etxt                  004460e0 f   fj90i:jwe_etxt.obj
 0001:00043140       _jwe_etbf                  00446140 f   fj90i:jwe_etbf.obj
 0001:00043540       _jwe_itpt                  00446540 f   fj90i:jwe_itpt.obj
 0001:000435d0       _jwe_emso                  004465d0 f   fj90i:jwe_emso.obj
 0001:000435e0       _jwe_emss                  004465e0 f   fj90i:jwe_emss.obj
 0001:000435f0       _jwe_emsf                  004465f0 f   fj90i:jwe_emsf.obj
 0001:00043600       _jwe_emsi                  00446600 f   fj90i:jwe_emsi.obj
 0001:00043610       _jwe_emsx                  00446610 f   fj90i:jwe_emsx.obj
 0001:00043620       _jwe_ems5                  00446620 f   fj90i:jwe_ems5.obj
 0001:00043630       _jwe_ems4                  00446630 f   fj90i:jwe_ems4.obj
 0001:00043640       _jwe_ems3                  00446640 f   fj90i:jwe_ems3.obj
 0001:00043650       _jwe_ems2                  00446650 f   fj90i:jwe_ems2.obj
 0001:00043660       _jwe_ems1                  00446660 f   fj90i:jwe_ems1.obj
 0001:00043670       __alloca_probe             00446670 f   libc:chkstk.obj
 0001:00043670       __chkstk                   00446670 f   libc:chkstk.obj
 0001:0004369f       _mainCRTStartup            0044669f f   libc:crt0.obj
 0001:0004377e       __amsg_exit                0044677e f   libc:crt0.obj
 0001:000437c7       ___initstdio               004467c7 f   libc:_file.obj
 0001:0004386c       ___endstdio                0044686c f   libc:_file.obj
 0001:00043880       __stati64                  00446880 f   libc:stati64.obj
 0001:00043bbf       __statusfp                 00446bbf f   libc:ieee87.obj
 0001:00043bd2       __clearfp                  00446bd2 f   libc:ieee87.obj
 0001:00043be6       __control87                00446be6 f   libc:ieee87.obj
 0001:00043c1b       __controlfp                00446c1b f   libc:ieee87.obj
 0001:00043c31       __fpreset                  00446c31 f   libc:ieee87.obj
 0001:00043dab       _fflush                    00446dab f   libc:fflush.obj
 0001:00043de6       __flush                    00446de6 f   libc:fflush.obj
 0001:00043e42       __flushall                 00446e42 f   libc:fflush.obj
 0001:00043eb8       _printf                    00446eb8 f   libc:printf.obj
 0001:00043ee9       _getenv                    00446ee9 f   libc:getenv.obj
 0001:00043f66       __isctype                  00446f66 f   libc:isctype.obj
 0001:00043fe0       _strncpy                   00446fe0 f   libc:strncpy.obj
 0001:000440de       _realloc                   004470de f   libc:realloc.obj
 0001:0004437e       _malloc                    0044737e f   libc:malloc.obj
 0001:00044390       __nh_malloc                00447390 f   libc:malloc.obj
 0001:000443bc       __heap_alloc               004473bc f   libc:malloc.obj
 0001:00044430       _fputc                     00447430 f   libc:fputc.obj
 0001:00044454       _putc                      00447454 f   libc:fputc.obj
 0001:00044464       _sprintf                   00447464 f   libc:sprintf.obj
 0001:000444b6       __tolower                  004474b6 f   libc:tolower.obj
 0001:000444be       _tolower                   004474be f   libc:tolower.obj
 0001:00044589       _fgets                     00447589 f   libc:fgets.obj
 0001:000445e0       _memmove                   004475e0 f   libc:memmove.obj
 0001:00044920       __CIpow                    00447920 f   libc:pow.obj
 0001:00044939       _pow                       00447939 f   libc:pow.obj
 0001:00044b3d       __fpmath                   00447b3d f   libc:fpinit.obj
 0001:00044b54       __fpclear                  00447b54 f   libc:fpinit.obj
 0001:00044b55       __cfltcvt_init             00447b55 f   libc:fpinit.obj
 0001:00044b8d       ___setfflag                00447b8d f   libc:fpinit.obj
 0001:00044b9d       _fclose                    00447b9d f   libc:fclose.obj
 0001:00044bf3       _fputs                     00447bf3 f   libc:fputs.obj
 0001:00044c36       __fsopen                   00447c36 f   libc:fopen.obj
 0001:00044c56       _fopen                     00447c56 f   libc:fopen.obj
 0001:00044c69       _strtol                    00447c69 f   libc:strtol.obj
 0001:00044e88       _strtoul                   00447e88 f   libc:strtol.obj
 0001:00044e9f       _free                      00447e9f f   libc:free.obj
 0001:00044f08       _abort                     00447f08 f   libc:abort.obj
 0001:00044f1f       __cinit                    00447f1f f   libc:crt0dat.obj
 0001:00044f4c       _exit                      00447f4c f   libc:crt0dat.obj
 0001:00044f5d       __exit                     00447f5d f   libc:crt0dat.obj
 0001:00044f6e       __cexit                    00447f6e f   libc:crt0dat.obj
 0001:00044f7d       __c_exit                   00447f7d f   libc:crt0dat.obj
 0001:0004503f       _fwrite                    0044803f f   libc:fwrite.obj
 0001:00045149       _fseek                     00448149 f   libc:fseek.obj
 0001:000451d5       _strerror                  004481d5 f   libc:strerror.obj
 0001:00045201       __fstati64                 00448201 f   libc:fstati64.obj
 0001:00045495       __lseeki64                 00448495 f   libc:lseeki64.obj
 0001:00045548       __ftol                     00448548 f   libc:ftol.obj
 0001:0004556f       _isalpha                   0044856f f   libc:_ctype.obj
 0001:0004559d       _isupper                   0044859d f   libc:_ctype.obj
 0001:000455c5       _islower                   004485c5 f   libc:_ctype.obj
 0001:000455ed       _isdigit                   004485ed f   libc:_ctype.obj
 0001:00045615       _isxdigit                  00448615 f   libc:_ctype.obj
 0001:00045642       _isspace                   00448642 f   libc:_ctype.obj
 0001:0004566a       _ispunct                   0044866a f   libc:_ctype.obj
 0001:00045692       _isalnum                   00448692 f   libc:_ctype.obj
 0001:000456c0       _isprint                   004486c0 f   libc:_ctype.obj
 0001:000456ee       _isgraph                   004486ee f   libc:_ctype.obj
 0001:0004571c       _iscntrl                   0044871c f   libc:_ctype.obj
 0001:00045744       ___isascii                 00448744 f   libc:_ctype.obj
 0001:00045751       ___toascii                 00448751 f   libc:_ctype.obj
 0001:00045759       ___iscsymf                 00448759 f   libc:_ctype.obj
 0001:00045796       ___iscsym                  00448796 f   libc:_ctype.obj
 0001:000457d3       _fread                     004487d3 f   libc:fread.obj
 0001:000458bb       _ftell                     004488bb f   libc:ftell.obj
 0001:00045a20       _memcmp                    00448a20 f   libc:memcmp.obj
 0001:00045acc       __toupper                  00448acc f   libc:toupper.obj
 0001:00045ad4       _toupper                   00448ad4 f   libc:toupper.obj
 0001:00045ba0       _strncat                   00448ba0 f   libc:strncat.obj
 0001:00045cd0       _strncmp                   00448cd0 f   libc:strncmp.obj
 0001:00045d08       _atol                      00448d08 f   libc:atox.obj
 0001:00045d93       _atoi                      00448d93 f   libc:atox.obj
 0001:00045d9e       __atoi64                   00448d9e f   libc:atox.obj
 0001:00045e58       _setvbuf                   00448e58 f   libc:setvbuf.obj
 0001:00045f00       __allrem                   00448f00 f   libc:llrem.obj
 0001:00045fc0       __alldiv                   00448fc0 f   libc:lldiv.obj
 0001:00046070       __allmul                   00449070 f   libc:llmul.obj
 0001:000460a4       __flsbuf                   004490a4 f   libc:_flsbuf.obj
 0001:000461b9       _clearerr                  004491b9 f   libc:clearerr.obj
 0001:000461e7       _rewind                    004491e7 f   libc:rewind.obj
 0001:0004623b       __XcptFilter               0044923b f   libc:winxfltr.obj
 0001:000463bf       __setenvp                  004493bf f   libc:stdenvp.obj
 0001:00046478       __setargv                  00449478 f   libc:stdargv.obj
 0001:000466c5       ___crtGetEnvironmentStringsA 004496c5 f   libc:a_env.obj
 0001:000467f7       __ioinit                   004497f7 f   libc:ioinit.obj
 0001:000469a2       __ioterm                   004499a2 f   libc:ioinit.obj
 0001:000469c5       __GetLinkerVersion         004499c5 f   libc:heapinit.obj
 0001:000469f2       ___heap_select             004499f2 f   libc:heapinit.obj
 0001:00046b3a       __heap_init                00449b3a f   libc:heapinit.obj
 0001:00046b97       __heap_term                00449b97 f   libc:heapinit.obj
 0001:00046c40       __global_unwind2           00449c40 f   libc:exsup.obj
 0001:00046c82       __local_unwind2            00449c82 f   libc:exsup.obj
 0001:00046cda       __NLG_Return2              00449cda f   libc:exsup.obj
 0001:00046cea       __abnormal_termination     00449cea f   libc:exsup.obj
 0001:00046d0d       __NLG_Notify1              00449d0d f   libc:exsup.obj
 0001:00046d16       __NLG_Notify               00449d16 f   libc:exsup.obj
 0001:00046d29       __NLG_Dispatch             00449d29 f   libc:exsup.obj
 0001:00046d38       __except_handler3          00449d38 f   libc:exsup3.obj
 0001:00046df5       __seh_longjmp_unwind@4     00449df5 f   libc:exsup3.obj
 0001:00046e10       __FF_MSGBANNER             00449e10 f   libc:crt0msg.obj
 0001:00046e49       __NMSG_WRITE               00449e49 f   libc:crt0msg.obj
 0001:00046f9c       __GET_RTERRMSG             00449f9c f   libc:crt0msg.obj
 0001:00046fcd       _calloc                    00449fcd f   libc:calloc.obj
 0001:0004707e       __fcloseall                0044a07e f   libc:closeall.obj
 0001:000470d6       __dosmaperr                0044a0d6 f   libc:dosmap.obj
 0001:0004713d       ___dtoxmode                0044a13d f   libc:stat.obj
 0001:000471f5       __stat                     0044a1f5 f   libc:stat.obj
 0001:00047518       ___loctotime_t             0044a518 f   libc:dtoxtime.obj
 0001:000475e0       _strlen                    0044a5e0 f   libc:strlen.obj
 0001:0004765b       __fullpath                 0044a65b f   libc:fullpath.obj
 0001:000476fe       __getdrive                 0044a6fe f   libc:drive.obj
 0001:00047741       __chdrive                  0044a741 f   libc:drive.obj
 0001:00047798       __mbctolower               0044a798 f   libc:mbtolwr.obj
 0001:00047813       __mbspbrk                  0044a813 f   libc:mbspbrk.obj
 0001:00047898       __setdefaultprecision      0044a898 f   libc:fp8.obj
 0001:000478aa       __commit                   0044a8aa f   libc:commit.obj
 0001:00047901       _write                     0044a901 f   libc:write.obj
 0001:00047901       __write                    0044a901 f   libc:write.obj
 0001:00047aae       __stbuf                    0044aaae f   libc:_sftbuf.obj
 0001:00047b3b       __ftbuf                    0044ab3b f   libc:_sftbuf.obj
 0001:00047b78       __output                   0044ab78 f   libc:output.obj
 0001:00048382       __mbsnbicoll               0044b382 f   libc:mbsnbico.obj
 0001:000483c1       ___wtomb_environ           0044b3c1 f   libc:wtombenv.obj
 0001:0004842f       ___crtGetStringTypeA       0044b42f f   libc:a_str.obj
 0001:00048578       __get_sbh_threshold        0044b578 f   libc:sbheap.obj
 0001:00048597       __set_sbh_threshold        0044b597 f   libc:sbheap.obj
 0001:0004864a       ___sbh_heap_init           0044b64a f   libc:sbheap.obj
 0001:00048692       ___sbh_find_block          0044b692 f   libc:sbheap.obj
 0001:000486bd       ___sbh_free_block          0044b6bd f   libc:sbheap.obj
 0001:000489e6       ___sbh_alloc_block         0044b9e6 f   libc:sbheap.obj
 0001:00048cef       ___sbh_alloc_new_region    0044bcef f   libc:sbheap.obj
 0001:00048da0       ___sbh_alloc_new_group     0044bda0 f   libc:sbheap.obj
 0001:00048e9b       ___sbh_resize_block        0044be9b f   libc:sbheap.obj
 0001:00049191       ___sbh_heapmin             0044c191 f   libc:sbheap.obj
 0001:00049262       ___sbh_heap_check          0044c262 f   libc:sbheap.obj
 0001:00049591       __get_old_sbh_threshold    0044c591 f   libc:sbheap.obj
 0001:00049597       __set_old_sbh_threshold    0044c597 f   libc:sbheap.obj
 0001:000495b3       ___old_sbh_new_region      0044c5b3 f   libc:sbheap.obj
 0001:000496f7       ___old_sbh_release_region  0044c6f7 f   libc:sbheap.obj
 0001:0004974d       ___old_sbh_decommit_pages  0044c74d f   libc:sbheap.obj
 0001:0004980f       ___old_sbh_find_block      0044c80f f   libc:sbheap.obj
 0001:00049866       ___old_sbh_free_block      0044c866 f   libc:sbheap.obj
 0001:000498ab       ___old_sbh_alloc_block     0044c8ab f   libc:sbheap.obj
 0001:00049ab3       ___old_sbh_alloc_block_from_page 0044cab3 f   libc:sbheap.obj
 0001:00049bd7       ___old_sbh_resize_block    0044cbd7 f   libc:sbheap.obj
 0001:00049c80       ___old_sbh_heap_check      0044cc80 f   libc:sbheap.obj
 0001:00049dde       ?_set_new_handler@@YAP6AHI@ZP6AHI@Z@Z 0044cdde f   libc:handler.obj
 0001:00049dee       ?_query_new_handler@@YAP6AHI@ZXZ 0044cdee f   libc:handler.obj
 0001:00049df4       __callnewh                 0044cdf4 f   libc:handler.obj
 0001:00049e10       _memcpy                    0044ce10 f   libc:memcpy.obj
 0001:0004a145       ___crtLCMapStringA         0044d145 f   libc:a_map.obj
 0001:0004a394       __filbuf                   0044d394 f   libc:_filbuf.obj
 0001:0004a481       __fFEXP                    0044d481 f   libc:87tran.obj
 0001:0004a4e8       __rtinfpopse               0044d4e8 f   libc:87tran.obj
 0001:0004a4ea       __rtinfnpopse              0044d4ea f   libc:87tran.obj
 0001:0004a4fa       __fFLN                     0044d4fa f   libc:87tran.obj
 0001:0004a5af       __rtinfpop                 0044d5af f   libc:87tran.obj
 0001:0004a5b1       __rtinfnpop                0044d5b1 f   libc:87tran.obj
 0001:0004a5ce       __ffexpm1                  0044d5ce f   libc:87tran.obj
 0001:0004a680       __trandisp1                0044d680 f   libc:87disp.obj
 0001:0004a6e7       __trandisp2                0044d6e7 f   libc:87disp.obj
 0001:0004a773       __rttospopde               0044d773 f   libc:87disp.obj
 0001:0004a778       __rttospop                 0044d778 f   libc:87disp.obj
 0001:0004a77a       __rtnospop                 0044d77a f   libc:87disp.obj
 0001:0004a77c       __rttosnpop                0044d77c f   libc:87disp.obj
 0001:0004a77d       __rtnospopde               0044d77d f   libc:87disp.obj
 0001:0004a784       __rtzeropop                0044d784 f   libc:87disp.obj
 0001:0004a786       __rtzeronpop               0044d786 f   libc:87disp.obj
 0001:0004a78b       __rtonepop                 0044d78b f   libc:87disp.obj
 0001:0004a78d       __rtonenpop                0044d78d f   libc:87disp.obj
 0001:0004a792       __tosnan1                  0044d792 f   libc:87disp.obj
 0001:0004a7bd       __nosnan2                  0044d7bd f   libc:87disp.obj
 0001:0004a7bf       __tosnan2                  0044d7bf f   libc:87disp.obj
 0001:0004a7e7       __nan2                     0044d7e7 f   libc:87disp.obj
 0001:0004a826       __rtindfpop                0044d826 f   libc:87disp.obj
 0001:0004a828       __rtindfnpop               0044d828 f   libc:87disp.obj
 0001:0004a839       __rttosnpopde              0044d839 f   libc:87disp.obj
 0001:0004a843       __rtchsifneg               0044d843 f   libc:87disp.obj
 0001:0004a850       __startTwoArgErrorHandling 0044d850 f   libc:genexcep.obj
 0001:0004a867       __startOneArgErrorHandling 0044d867 f   libc:genexcep.obj
 0001:0004a8b0       __twoToTOS                 0044d8b0 f   libc:common.obj
 0001:0004a8c5       __load_CW                  0044d8c5 f   libc:common.obj
 0001:0004a8dc       __convertTOStoQNaN         0044d8dc f   libc:common.obj
 0001:0004a8f5       __fload_withFB             0044d8f5 f   libc:common.obj
 0001:0004a938       __checkTOS_withFB          0044d938 f   libc:common.obj
 0001:0004a94e       __fast_exit                0044d94e f   libc:common.obj
 0001:0004a95b       __math_exit                0044d95b f   libc:common.obj
 0001:0004a985       __check_overflow_exit      0044d985 f   libc:common.obj
 0001:0004a999       __check_range_exit         0044d999 f   libc:common.obj
 0001:0004aa3c       __powhlp                   0044da3c f   libc:powhlp.obj
 0001:0004ab6c       __d_inttype                0044db6c f   libc:powhlp.obj
 0001:0004abd1       __ms_p5_test_fdiv          0044dbd1 f   libc:testfdiv.obj
 0001:0004ac0f       __ms_p5_mp_test_fdiv       0044dc0f f   libc:testfdiv.obj
 0001:0004ac38       __forcdecpt                0044dc38 f   libc:cvt.obj
 0001:0004ac92       __cropzeros                0044dc92 f   libc:cvt.obj
 0001:0004ace0       __positive                 0044dce0 f   libc:cvt.obj
 0001:0004acf8       __fassign                  0044dcf8 f   libc:cvt.obj
 0001:0004ad36       __cftoe                    0044dd36 f   libc:cvt.obj
 0001:0004ae3a       __cftof                    0044de3a f   libc:cvt.obj
 0001:0004af18       __cftog                    0044df18 f   libc:cvt.obj
 0001:0004affd       __cfltcvt                  0044dffd f   libc:cvt.obj
 0001:0004b073       __close                    0044e073 f   libc:close.obj
 0001:0004b073       _close                     0044e073 f   libc:close.obj
 0001:0004b126       __freebuf                  0044e126 f   libc:_freebuf.obj
 0001:0004b151       __openfile                 0044e151 f   libc:_open.obj
 0001:0004b2c1       __getstream                0044e2c1 f   libc:stream.obj
 0001:0004b339       _signal                    0044e339 f   libc:winsig.obj
 0001:0004b47d       _raise                     0044e47d f   libc:winsig.obj
 0001:0004b5ef       _lseek                     0044e5ef f   libc:lseek.obj
 0001:0004b5ef       __lseek                    0044e5ef f   libc:lseek.obj
 0001:0004b690       _strcpy                    0044e690 f   libc:strcat.obj
 0001:0004b6a0       _strcat                    0044e6a0 f   libc:strcat.obj
 0001:0004b780       __alloc_osfhnd             0044e780 f   libc:osfinfo.obj
 0001:0004b815       __set_osfhnd               0044e815 f   libc:osfinfo.obj
 0001:0004b88c       __free_osfhnd              0044e88c f   libc:osfinfo.obj
 0001:0004b906       __get_osfhandle            0044e906 f   libc:osfinfo.obj
 0001:0004b943       __open_osfhandle           0044e943 f   libc:osfinfo.obj
 0001:0004b9e0       __read                     0044e9e0 f   libc:read.obj
 0001:0004b9e0       _read                      0044e9e0 f   libc:read.obj
 0001:0004bbd6       __getbuf                   0044ebd6 f   libc:_getbuf.obj
 0001:0004bc1a       _isatty                    0044ec1a f   libc:isatty.obj
 0001:0004bc1a       __isatty                   0044ec1a f   libc:isatty.obj
 0001:0004bc40       __setmbcp                  0044ec40 f   libc:mbctype.obj
 0001:0004c004       __getmbcp                  0044f004 f   libc:mbctype.obj
 0001:0004c014       ___initmbctable            0044f014 f   libc:mbctype.obj
 0001:0004c040       _strchr                    0044f040 f   libc:strchr.obj
 0001:0004c046       ___from_strstr_to_strchr   0044f046 f   libc:strchr.obj
 0001:0004c100       _strstr                    0044f100 f   libc:strstr.obj
 0001:0004c180       ___crtMessageBoxA          0044f180 f   libc:crtmbox.obj
 0001:0004c210       _memset                    0044f210 f   libc:memset.obj
 0001:0004c268       __mbsicmp                  0044f268 f   libc:mbsicmp.obj
 0001:0004c3d6       __mbsrchr                  0044f3d6 f   libc:mbsrchr.obj
 0001:0004c436       ___tzset                   0044f436 f   libc:tzset.obj
 0001:0004c44b       __tzset                    0044f44b f   libc:tzset.obj
 0001:0004c6a9       __isindst                  0044f6a9 f   libc:tzset.obj
 0001:0004c995       __getcwd                   0044f995 f   libc:getcwd.obj
 0001:0004c995       _getcwd                    0044f995 f   libc:getcwd.obj
 0001:0004c9a8       __getdcwd                  0044f9a8 f   libc:getcwd.obj
 0001:0004ca79       __validdrive               0044fa79 f   libc:getcwd.obj
 0001:0004cab0       _strpbrk                   0044fab0 f   libc:strpbrk.obj
 0001:0004caea       _wctomb                    0044faea f   libc:wctomb.obj
 0001:0004cb60       __aulldiv                  0044fb60 f   libc:ulldiv.obj
 0001:0004cbd0       __aullrem                  0044fbd0 f   libc:ullrem.obj
 0001:0004cc45       ___crtCompareStringA       0044fc45 f   libc:a_cmp.obj
 0001:0004ceed       ___crtsetenv               0044feed f   libc:setenv.obj
 0001:0004d140       _fdiv_main_routine         00450140 f   libc:adj_fdiv.obj
 0001:0004d257       __adj_fdiv_r               00450257 f   libc:adj_fdiv.obj
 0001:0004d6f6       __fdivp_sti_st             004506f6 f   libc:adj_fdiv.obj
 0001:0004d709       __fdivrp_sti_st            00450709 f   libc:adj_fdiv.obj
 0001:0004d71c       __adj_fdiv_m32             0045071c f   libc:adj_fdiv.obj
 0001:0004d768       __adj_fdiv_m64             00450768 f   libc:adj_fdiv.obj
 0001:0004d7b4       __adj_fdiv_m16i            004507b4 f   libc:adj_fdiv.obj
 0001:0004d7e8       __adj_fdiv_m32i            004507e8 f   libc:adj_fdiv.obj
 0001:0004d81c       __adj_fdivr_m32            0045081c f   libc:adj_fdiv.obj
 0001:0004d868       __adj_fdivr_m64            00450868 f   libc:adj_fdiv.obj
 0001:0004d8b4       __adj_fdivr_m16i           004508b4 f   libc:adj_fdiv.obj
 0001:0004d8e8       __adj_fdivr_m32i           004508e8 f   libc:adj_fdiv.obj
 0001:0004d91c       __safe_fdiv                0045091c f   libc:adj_fdiv.obj
 0001:0004d931       __safe_fdivr               00450931 f   libc:adj_fdiv.obj
 0001:0004d946       __fprem_common             00450946 f   libc:adj_fdiv.obj
 0001:0004db4c       __adj_fprem                00450b4c f   libc:adj_fdiv.obj
 0001:0004dbfe       __fprem1_common            00450bfe f   libc:adj_fdiv.obj
 0001:0004de04       __adj_fprem1               00450e04 f   libc:adj_fdiv.obj
 0001:0004deb9       __safe_fprem               00450eb9 f   libc:adj_fdiv.obj
 0001:0004debf       __safe_fprem1              00450ebf f   libc:adj_fdiv.obj
 0001:0004dec5       __adj_fpatan               00450ec5 f   libc:adj_fdiv.obj
 0001:0004dec8       __adj_fptan                00450ec8 f   libc:adj_fdiv.obj
 0001:0004decb       __87except                 00450ecb f   libc:87except.obj
 0001:0004df9b       __set_exp                  00450f9b f   libc:util.obj
 0001:0004dfc4       __get_exp                  00450fc4 f   libc:util.obj
 0001:0004dfd8       __add_exp                  00450fd8 f   libc:util.obj
 0001:0004e004       __set_bexp                 00451004 f   libc:util.obj
 0001:0004e028       __sptype                   00451028 f   libc:util.obj
 0001:0004e082       __decomp                   00451082 f   libc:util.obj
 0001:0004e143       __frnd                     00451143 f   libc:frnd.obj
 0001:0004e155       __copysign                 00451155 f   libc:ieeemisc.obj
 0001:0004e176       __chgsign                  00451176 f   libc:ieeemisc.obj
 0001:0004e19b       __scalb                    0045119b f   libc:ieeemisc.obj
 0001:0004e1b1       __logb                     004511b1 f   libc:ieeemisc.obj
 0001:0004e298       __nextafter                00451298 f   libc:ieeemisc.obj
 0001:0004e52d       __finite                   0045152d f   libc:ieeemisc.obj
 0001:0004e541       __isnan                    00451541 f   libc:ieeemisc.obj
 0001:0004e56f       __fpclass                  0045156f f   libc:ieeemisc.obj
 0001:0004e601       __ZeroTail                 00451601 f   libc:intrncvt.obj
 0001:0004e64a       __IncMan                   0045164a f   libc:intrncvt.obj
 0001:0004e6a0       __RoundMan                 004516a0 f   libc:intrncvt.obj
 0001:0004e72c       __CopyMan                  0045172c f   libc:intrncvt.obj
 0001:0004e747       __FillZeroMan              00451747 f   libc:intrncvt.obj
 0001:0004e753       __IsZeroMan                00451753 f   libc:intrncvt.obj
 0001:0004e76e       __ShrMan                   0045176e f   libc:intrncvt.obj
 0001:0004e7fb       __ld12cvt                  004517fb f   libc:intrncvt.obj
 0001:0004e967       __ld12tod                  00451967 f   libc:intrncvt.obj
 0001:0004e97d       __ld12tof                  0045197d f   libc:intrncvt.obj
 0001:0004e993       __ld12told                 00451993 f   libc:intrncvt.obj
 0001:0004ea0d       __atodbl                   00451a0d f   libc:intrncvt.obj
 0001:0004ea3a       __atoldbl                  00451a3a f   libc:intrncvt.obj
 0001:0004ea68       __atoflt                   00451a68 f   libc:intrncvt.obj
 0001:0004ea95       __fptostr                  00451a95 f   libc:_fptostr.obj
 0001:0004eb0c       __fltout                   00451b0c f   libc:cfout.obj
 0001:0004eb70       ___dtold                   00451b70 f   libc:cfout.obj
 0001:0004ec26       __fptrap                   00451c26 f   libc:crt0fp.obj
 0001:0004ec2f       _open                      00451c2f f   libc:open.obj
 0001:0004ec2f       __open                     00451c2f f   libc:open.obj
 0001:0004ec46       __sopen                    00451c46 f   libc:open.obj
 0001:0004ef00       __strcmpi                  00451f00 f   libc:stricmp.obj
 0001:0004ef00       __stricmp                  00451f00 f   libc:stricmp.obj
 0001:0004ef90       _strrchr                   00451f90 f   libc:strrchr.obj
 0001:0004efc0       _strcmp                    00451fc0 f   libc:strcmp.obj
 0001:0004f044       __mbschr                   00452044 f   libc:mbschr.obj
 0001:0004f0b7       __strdup                   004520b7 f   libc:strdup.obj
 0001:0004f0e2       __handle_qnan1             004520e2 f   libc:fpexcept.obj
 0001:0004f135       __handle_qnan2             00452135 f   libc:fpexcept.obj
 0001:0004f194       __except1                  00452194 f   libc:fpexcept.obj
 0001:0004f22c       __except2                  0045222c f   libc:fpexcept.obj
 0001:0004f2d1       __raise_exc                004522d1 f   libc:fpexcept.obj
 0001:0004f584       __handle_exc               00452584 f   libc:fpexcept.obj
 0001:0004f79b       __umatherr                 0045279b f   libc:fpexcept.obj
 0001:0004f823       __set_errno                00452823 f   libc:fpexcept.obj
 0001:0004f86e       __errcode                  0045286e f   libc:fpexcept.obj
 0001:0004f89b       __matherr                  0045289b f   libc:matherr.obj
 0001:0004f89e       __statfp                   0045289e f   libc:fpctrl.obj
 0001:0004f8ac       __clrfp                    004528ac f   libc:fpctrl.obj
 0001:0004f8bb       __ctrlfp                   004528bb f   libc:fpctrl.obj
 0001:0004f8de       __set_statfp               004528de f   libc:fpctrl.obj
 0001:0004f934       _ldexp                     00452934 f   libc:ldexp.obj
 0001:0004fb1a       ___addl                    00452b1a f   libc:mantold.obj
 0001:0004fb3b       ___add_12                  00452b3b f   libc:mantold.obj
 0001:0004fb99       ___shl_12                  00452b99 f   libc:mantold.obj
 0001:0004fbc7       ___shr_12                  00452bc7 f   libc:mantold.obj
 0001:0004fbf4       ___mtold12                 00452bf4 f   libc:mantold.obj
 0001:0004fcbb       ___strgtold12              00452cbb f   libc:strgtold.obj
 0001:0005018c       ___STRINGTOLD              0045318c f   libc:strgtold.obj
 0001:000501c8       _$I10_OUTPUT               004531c8 f   libc:x10fout.obj
 0001:0005045b       __chsize                   0045345b f   libc:chsize.obj
 0001:000505a1       ___ld12mul                 004535a1 f   libc:tenpow.obj
 0001:000507c1       ___multtenpow12            004537c1 f   libc:tenpow.obj
 0001:0005083d       __setmode                  0045383d f   libc:setmode.obj
 0001:000508b4       _MessageBoxA@16            004538b4 f   user32:USER32.dll
 0001:000508c0       _GetCommandLineA@0         004538c0 f   kernel32:KERNEL32.dll
 0001:000508c6       _AllocConsole@0            004538c6 f   kernel32:KERNEL32.dll
 0001:000508cc       _GetStdHandle@4            004538cc f   kernel32:KERNEL32.dll
 0001:000508d2       _QueryPerformanceCounter@4 004538d2 f   kernel32:KERNEL32.dll
 0001:000508d8       _QueryPerformanceFrequency@4 004538d8 f   kernel32:KERNEL32.dll
 0001:000508de       _GetVersionExA@4           004538de f   kernel32:KERNEL32.dll
 0001:000508e4       _GetProcAddress@8          004538e4 f   kernel32:KERNEL32.dll
 0001:000508ea       _GetModuleHandleA@4        004538ea f   kernel32:KERNEL32.dll
 0001:000508f0       _FormatMessageA@28         004538f0 f   kernel32:KERNEL32.dll
 0001:000508f6       _GetLastError@0            004538f6 f   kernel32:KERNEL32.dll
 0001:000508fc       _DeleteFileA@4             004538fc f   kernel32:KERNEL32.dll
 0001:00050902       _WriteFile@20              00453902 f   kernel32:KERNEL32.dll
 0001:00050908       _ReadFile@20               00453908 f   kernel32:KERNEL32.dll
 0001:0005090e       _SetFilePointer@16         0045390e f   kernel32:KERNEL32.dll
 0001:00050914       _CreateFileA@28            00453914 f   kernel32:KERNEL32.dll
 0001:0005091a       _CloseHandle@4             0045391a f   kernel32:KERNEL32.dll
 0001:00050920       _GetFileSize@8             00453920 f   kernel32:KERNEL32.dll
 0001:00050926       _UnmapViewOfFile@4         00453926 f   kernel32:KERNEL32.dll
 0001:0005092c       _IsBadReadPtr@8            0045392c f   kernel32:KERNEL32.dll
 0001:00050932       _MapViewOfFile@20          00453932 f   kernel32:KERNEL32.dll
 0001:00050938       _CreateFileMappingA@24     00453938 f   kernel32:KERNEL32.dll
 0001:0005093e       _GetFileType@4             0045393e f   kernel32:KERNEL32.dll
 0001:00050944       _GetFileAttributesA@4      00453944 f   kernel32:KERNEL32.dll
 0001:0005094a       _SearchPathA@24            0045394a f   kernel32:KERNEL32.dll
 0001:00050950       _LoadLibraryExA@12         00453950 f   kernel32:KERNEL32.dll
 0001:00050956       _GetVersion@0              00453956 f   kernel32:KERNEL32.dll
 0001:0005095c       _ExitProcess@4             0045395c f   kernel32:KERNEL32.dll
 0001:00050962       _FindClose@4               00453962 f   kernel32:KERNEL32.dll
 0001:00050968       _FileTimeToSystemTime@8    00453968 f   kernel32:KERNEL32.dll
 0001:0005096e       _FileTimeToLocalFileTime@8 0045396e f   kernel32:KERNEL32.dll
 0001:00050974       _GetDriveTypeA@4           00453974 f   kernel32:KERNEL32.dll
 0001:0005097a       _FindFirstFileA@8          0045397a f   kernel32:KERNEL32.dll
 0001:00050980       _HeapReAlloc@16            00453980 f   kernel32:KERNEL32.dll
 0001:00050986       _HeapAlloc@12              00453986 f   kernel32:KERNEL32.dll
 0001:0005098c       _HeapFree@12               0045398c f   kernel32:KERNEL32.dll
 0001:00050992       _TerminateProcess@8        00453992 f   kernel32:KERNEL32.dll
 0001:00050998       _GetCurrentProcess@0       00453998 f   kernel32:KERNEL32.dll
 0001:0005099e       _GetFileInformationByHandle@8 0045399e f   kernel32:KERNEL32.dll
 0001:000509a4       _PeekNamedPipe@24          004539a4 f   kernel32:KERNEL32.dll
 0001:000509aa       _UnhandledExceptionFilter@4 004539aa f   kernel32:KERNEL32.dll
 0001:000509b0       _GetModuleFileNameA@12     004539b0 f   kernel32:KERNEL32.dll
 0001:000509b6       _FreeEnvironmentStringsA@4 004539b6 f   kernel32:KERNEL32.dll
 0001:000509bc       _FreeEnvironmentStringsW@4 004539bc f   kernel32:KERNEL32.dll
 0001:000509c2       _WideCharToMultiByte@32    004539c2 f   kernel32:KERNEL32.dll
 0001:000509c8       _GetEnvironmentStrings@0   004539c8 f   kernel32:KERNEL32.dll
 0001:000509ce       _GetEnvironmentStringsW@0  004539ce f   kernel32:KERNEL32.dll
 0001:000509d4       _SetHandleCount@4          004539d4 f   kernel32:KERNEL32.dll
 0001:000509da       _GetStartupInfoA@4         004539da f   kernel32:KERNEL32.dll
 0001:000509e0       _GetEnvironmentVariableA@12 004539e0 f   kernel32:KERNEL32.dll
 0001:000509e6       _HeapDestroy@4             004539e6 f   kernel32:KERNEL32.dll
 0001:000509ec       _HeapCreate@12             004539ec f   kernel32:KERNEL32.dll
 0001:000509f2       _VirtualFree@12            004539f2 f   kernel32:KERNEL32.dll
 0001:000509f8       _RtlUnwind@16              004539f8 f   kernel32:KERNEL32.dll
 0001:000509fe       _GetFullPathNameA@16       004539fe f   kernel32:KERNEL32.dll
 0001:00050a04       _GetCurrentDirectoryA@8    00453a04 f   kernel32:KERNEL32.dll
 0001:00050a0a       _SetCurrentDirectoryA@4    00453a0a f   kernel32:KERNEL32.dll
 0001:00050a10       _FlushFileBuffers@4        00453a10 f   kernel32:KERNEL32.dll
 0001:00050a16       _MultiByteToWideChar@24    00453a16 f   kernel32:KERNEL32.dll
 0001:00050a1c       _GetStringTypeA@20         00453a1c f   kernel32:KERNEL32.dll
 0001:00050a22       _GetStringTypeW@16         00453a22 f   kernel32:KERNEL32.dll
 0001:00050a28       _VirtualAlloc@16           00453a28 f   kernel32:KERNEL32.dll
 0001:00050a2e       _IsBadWritePtr@8           00453a2e f   kernel32:KERNEL32.dll
 0001:00050a34       _LCMapStringA@24           00453a34 f   kernel32:KERNEL32.dll
 0001:00050a3a       _LCMapStringW@24           00453a3a f   kernel32:KERNEL32.dll
 0001:00050a40       _SetConsoleCtrlHandler@8   00453a40 f   kernel32:KERNEL32.dll
 0001:00050a46       _SetStdHandle@8            00453a46 f   kernel32:KERNEL32.dll
 0001:00050a4c       _GetCPInfo@8               00453a4c f   kernel32:KERNEL32.dll
 0001:00050a52       _GetACP@0                  00453a52 f   kernel32:KERNEL32.dll
 0001:00050a58       _GetOEMCP@0                00453a58 f   kernel32:KERNEL32.dll
 0001:00050a5e       _LoadLibraryA@4            00453a5e f   kernel32:KERNEL32.dll
 0001:00050a64       _GetTimeZoneInformation@4  00453a64 f   kernel32:KERNEL32.dll
 0001:00050a6a       _CompareStringA@24         00453a6a f   kernel32:KERNEL32.dll
 0001:00050a70       _CompareStringW@24         00453a70 f   kernel32:KERNEL32.dll
 0001:00050a76       _SetEnvironmentVariableA@8 00453a76 f   kernel32:KERNEL32.dll
 0001:00050a7c       _RaiseException@16         00453a7c f   kernel32:KERNEL32.dll
 0001:00050a82       _SetEndOfFile@4            00453a82 f   kernel32:KERNEL32.dll
 0001:00050a90       _jwe_fjci                  00453a90 f   fj90f:jwe_fjci.obj
 0001:00050ac0       _jwe_fvav                  00453ac0 f   fj90f:jwe_fu8f.obj
 0001:00050b10       _jwe_fumu                  00453b10 f   fj90f:jwe_fu8f.obj
 0001:00050ba0       _jwe_fvvv                  00453ba0 f   fj90f:jwe_fu8f.obj
 0001:00050bf0       _jwe_fjcv                  00453bf0 f   fj90f:jwe_fjcv.obj
 0001:00050c10       _jwe_fjdu                  00453c10 f   fj90f:jwe_fjdu.obj
 0001:00050db0       _jwe_fnzb                  00453db0 f   fj90f:jwe_fnzb.obj
 0001:00050ef0       _f_a8sb                    00453ef0 f   fj90f:jwe_fjsb.obj
 0001:00051060       _g_dbleq                   00454060 f   fj90g:jwe_gdbq.obj
 0001:00051230       _g_aqcj                    00454230 f   fj90g:jwe_gqcj.obj
 0001:000513c0       _main                      004543c0 f   fj90i:jwe_xrt0.obj
 0001:000514b0       __fstat                    004544b0 f   libc:fstat.obj
 0001:000514b0       _fstat                     004544b0 f   libc:fstat.obj
 0001:00051728       __fileno                   00454728 f   libc:fileno.obj
 0001:00051728       _fileno                    00454728 f   libc:fileno.obj
 0001:00051730       __cprintf                  00454730 f   libc:cprintf.obj
 0001:00051730       _cprintf                   00454730 f   libc:cprintf.obj
 0001:00051f12       __tempnam                  00454f12 f   libc:tempnam.obj
 0001:00051f12       _tempnam                   00454f12 f   libc:tempnam.obj
 0001:000520f9       _remove                    004550f9 f   libc:unlink.obj
 0001:00052123       _unlink                    00455123 f   libc:unlink.obj
 0001:00052123       __unlink                   00455123 f   libc:unlink.obj
 0001:00052130       _strnicmp                  00455130 f   libc:strnicmp.obj
 0001:00052130       __strnicmp                 00455130 f   libc:strnicmp.obj
 0001:000521dd       __putch                    004551dd f   libc:putch.obj
 0001:00052221       __itoa                     00455221 f   libc:xtoa.obj
 0001:000522aa       __ltoa                     004552aa f   libc:xtoa.obj
 0001:000522d4       __ultoa                    004552d4 f   libc:xtoa.obj
 0001:000522ef       __i64toa                   004552ef f   libc:xtoa.obj
 0001:000523a6       __ui64toa                  004553a6 f   libc:xtoa.obj
 0001:000523c1       __rmtmp                    004553c1 f   libc:rmtmp.obj
 0001:000523fd       __access                   004553fd f   libc:access.obj
 0001:00052441       ___initconin               00455441 f   libc:initcon.obj
 0001:00052460       ___initconout              00455460 f   libc:initcon.obj
 0001:0005247f       ___termcon                 0045547f f   libc:initcon.obj
 0001:000524ac       _WriteConsoleA@20          004554ac f   kernel32:KERNEL32.dll
 0002:00000000       __imp__PeekNamedPipe@24    00456000     kernel32:KERNEL32.dll
 0002:00000004       __imp__GetCommandLineA@0   00456004     kernel32:KERNEL32.dll
 0002:00000008       __imp__AllocConsole@0      00456008     kernel32:KERNEL32.dll
 0002:0000000c       __imp__GetStdHandle@4      0045600c     kernel32:KERNEL32.dll
 0002:00000010       __imp__QueryPerformanceCounter@4 00456010     kernel32:KERNEL32.dll
 0002:00000014       __imp__QueryPerformanceFrequency@4 00456014     kernel32:KERNEL32.dll
 0002:00000018       __imp__GetVersionExA@4     00456018     kernel32:KERNEL32.dll
 0002:0000001c       __imp__GetProcAddress@8    0045601c     kernel32:KERNEL32.dll
 0002:00000020       __imp__GetModuleHandleA@4  00456020     kernel32:KERNEL32.dll
 0002:00000024       __imp__FormatMessageA@28   00456024     kernel32:KERNEL32.dll
 0002:00000028       __imp__GetLastError@0      00456028     kernel32:KERNEL32.dll
 0002:0000002c       __imp__DeleteFileA@4       0045602c     kernel32:KERNEL32.dll
 0002:00000030       __imp__WriteFile@20        00456030     kernel32:KERNEL32.dll
 0002:00000034       __imp__ReadFile@20         00456034     kernel32:KERNEL32.dll
 0002:00000038       __imp__SetFilePointer@16   00456038     kernel32:KERNEL32.dll
 0002:0000003c       __imp__CreateFileA@28      0045603c     kernel32:KERNEL32.dll
 0002:00000040       __imp__CloseHandle@4       00456040     kernel32:KERNEL32.dll
 0002:00000044       __imp__GetFileSize@8       00456044     kernel32:KERNEL32.dll
 0002:00000048       __imp__UnmapViewOfFile@4   00456048     kernel32:KERNEL32.dll
 0002:0000004c       __imp__IsBadReadPtr@8      0045604c     kernel32:KERNEL32.dll
 0002:00000050       __imp__MapViewOfFile@20    00456050     kernel32:KERNEL32.dll
 0002:00000054       __imp__CreateFileMappingA@24 00456054     kernel32:KERNEL32.dll
 0002:00000058       __imp__GetFileType@4       00456058     kernel32:KERNEL32.dll
 0002:0000005c       __imp__GetFileAttributesA@4 0045605c     kernel32:KERNEL32.dll
 0002:00000060       __imp__SearchPathA@24      00456060     kernel32:KERNEL32.dll
 0002:00000064       __imp__LoadLibraryExA@12   00456064     kernel32:KERNEL32.dll
 0002:00000068       __imp__GetVersion@0        00456068     kernel32:KERNEL32.dll
 0002:0000006c       __imp__ExitProcess@4       0045606c     kernel32:KERNEL32.dll
 0002:00000070       __imp__FindClose@4         00456070     kernel32:KERNEL32.dll
 0002:00000074       __imp__FileTimeToSystemTime@8 00456074     kernel32:KERNEL32.dll
 0002:00000078       __imp__FileTimeToLocalFileTime@8 00456078     kernel32:KERNEL32.dll
 0002:0000007c       __imp__GetDriveTypeA@4     0045607c     kernel32:KERNEL32.dll
 0002:00000080       __imp__FindFirstFileA@8    00456080     kernel32:KERNEL32.dll
 0002:00000084       __imp__HeapReAlloc@16      00456084     kernel32:KERNEL32.dll
 0002:00000088       __imp__HeapAlloc@12        00456088     kernel32:KERNEL32.dll
 0002:0000008c       __imp__HeapFree@12         0045608c     kernel32:KERNEL32.dll
 0002:00000090       __imp__TerminateProcess@8  00456090     kernel32:KERNEL32.dll
 0002:00000094       __imp__GetCurrentProcess@0 00456094     kernel32:KERNEL32.dll
 0002:00000098       __imp__GetFileInformationByHandle@8 00456098     kernel32:KERNEL32.dll
 0002:0000009c       __imp__WriteConsoleA@20    0045609c     kernel32:KERNEL32.dll
 0002:000000a0       __imp__UnhandledExceptionFilter@4 004560a0     kernel32:KERNEL32.dll
 0002:000000a4       __imp__GetModuleFileNameA@12 004560a4     kernel32:KERNEL32.dll
 0002:000000a8       __imp__FreeEnvironmentStringsA@4 004560a8     kernel32:KERNEL32.dll
 0002:000000ac       __imp__FreeEnvironmentStringsW@4 004560ac     kernel32:KERNEL32.dll
 0002:000000b0       __imp__WideCharToMultiByte@32 004560b0     kernel32:KERNEL32.dll
 0002:000000b4       __imp__GetEnvironmentStrings@0 004560b4     kernel32:KERNEL32.dll
 0002:000000b8       __imp__GetEnvironmentStringsW@0 004560b8     kernel32:KERNEL32.dll
 0002:000000bc       __imp__SetHandleCount@4    004560bc     kernel32:KERNEL32.dll
 0002:000000c0       __imp__GetStartupInfoA@4   004560c0     kernel32:KERNEL32.dll
 0002:000000c4       __imp__GetEnvironmentVariableA@12 004560c4     kernel32:KERNEL32.dll
 0002:000000c8       __imp__HeapDestroy@4       004560c8     kernel32:KERNEL32.dll
 0002:000000cc       __imp__HeapCreate@12       004560cc     kernel32:KERNEL32.dll
 0002:000000d0       __imp__VirtualFree@12      004560d0     kernel32:KERNEL32.dll
 0002:000000d4       __imp__RtlUnwind@16        004560d4     kernel32:KERNEL32.dll
 0002:000000d8       __imp__GetFullPathNameA@16 004560d8     kernel32:KERNEL32.dll
 0002:000000dc       __imp__GetCurrentDirectoryA@8 004560dc     kernel32:KERNEL32.dll
 0002:000000e0       __imp__SetCurrentDirectoryA@4 004560e0     kernel32:KERNEL32.dll
 0002:000000e4       __imp__FlushFileBuffers@4  004560e4     kernel32:KERNEL32.dll
 0002:000000e8       __imp__MultiByteToWideChar@24 004560e8     kernel32:KERNEL32.dll
 0002:000000ec       __imp__GetStringTypeA@20   004560ec     kernel32:KERNEL32.dll
 0002:000000f0       __imp__GetStringTypeW@16   004560f0     kernel32:KERNEL32.dll
 0002:000000f4       __imp__VirtualAlloc@16     004560f4     kernel32:KERNEL32.dll
 0002:000000f8       __imp__IsBadWritePtr@8     004560f8     kernel32:KERNEL32.dll
 0002:000000fc       __imp__LCMapStringA@24     004560fc     kernel32:KERNEL32.dll
 0002:00000100       __imp__LCMapStringW@24     00456100     kernel32:KERNEL32.dll
 0002:00000104       __imp__SetConsoleCtrlHandler@8 00456104     kernel32:KERNEL32.dll
 0002:00000108       __imp__SetStdHandle@8      00456108     kernel32:KERNEL32.dll
 0002:0000010c       __imp__GetCPInfo@8         0045610c     kernel32:KERNEL32.dll
 0002:00000110       __imp__GetACP@0            00456110     kernel32:KERNEL32.dll
 0002:00000114       __imp__GetOEMCP@0          00456114     kernel32:KERNEL32.dll
 0002:00000118       __imp__LoadLibraryA@4      00456118     kernel32:KERNEL32.dll
 0002:0000011c       __imp__GetTimeZoneInformation@4 0045611c     kernel32:KERNEL32.dll
 0002:00000120       __imp__CompareStringA@24   00456120     kernel32:KERNEL32.dll
 0002:00000124       __imp__CompareStringW@24   00456124     kernel32:KERNEL32.dll
 0002:00000128       __imp__SetEnvironmentVariableA@8 00456128     kernel32:KERNEL32.dll
 0002:0000012c       __imp__RaiseException@16   0045612c     kernel32:KERNEL32.dll
 0002:00000130       __imp__SetEndOfFile@4      00456130     kernel32:KERNEL32.dll
 0002:00000134       \177KERNEL32_NULL_THUNK_DATA 00456134     kernel32:KERNEL32.dll
 0002:00000138       __imp__MessageBoxA@16      00456138     user32:USER32.dll
 0002:0000013c       \177USER32_NULL_THUNK_DATA 0045613c     user32:USER32.dll
 0002:00000198       _jwe_sz__utilitarios_float_ 00456198     neutyp.obj
 0002:0000019c       _jwe_sz__utilitarios_float@_diracof_ 0045619c     neutyp.obj
 0002:000001a0       _jwe_sz__utilitarios_float@_diracoi_ 004561a0     neutyp.obj
 0002:000001a4       _jwe_ssn__utilitarios_float@_diracoi_ 004561a4     neutyp.obj
 0002:000002a0       _jwe_ssn__utilitarios_float@_diracof_ 004562a0     neutyp.obj
 0002:0000042c       _jwe_sz__MAIN__            0045642c     neutyp.obj
 0002:00000430       _jwe_ssn__MAIN__           00456430     neutyp.obj
 0002:00000858       __real@3fb999999999999a    00456858     fj90i:jwe_inao.obj
 0002:00000860       __real@0000000000000000    00456860     fj90i:jwe_inao.obj
 0002:00000868       __real@3fb2492492492492    00456868     fj90i:jwe_irio.obj
 0002:00000870       __real@4024000000000000    00456870     fj90i:jwe_irio.obj
 0002:00000878       __real@3e112e0be826d695    00456878     fj90i:jwe_irio.obj
 0002:00000880       __real@bfb2492492492492    00456880     fj90i:jwe_irio.obj
 0002:00000888       __real@416312d000000000    00456888     fj90i:jwe_irio.obj
 0002:00000890       __real@3ff0000000000000    00456890     fj90i:jwe_irio.obj
 0002:00000898       __real@4180000000000000    00456898     fj90i:jwe_irio.obj
 0002:000008a0       __real@bfb999999999999a    004568a0     fj90i:jwe_irio.obj
 0002:0000090c       ??_C@_03MNBA@?4?1?2?$AA@   0045690c     libc:stati64.obj
 0002:00000910       ??_C@_02DIIM@?$DP?$CK?$AA@ 00456910     libc:stati64.obj
 0002:00000914       ??_C@_0BH@PHHF@__GLOBAL_HEAP_SELECTED?$AA@ 00456914     libc:heapinit.obj
 0002:0000092c       ??_C@_0BF@BBGL@__MSVCRT_HEAP_SELECT?$AA@ 0045692c     libc:heapinit.obj
 0002:00000944       ??_C@_0P@GGKG@runtime?5error?5?$AA@ 00456944     libc:crt0msg.obj
 0002:00000954       ??_C@_02PIMC@?$AN?6?$AA@   00456954     libc:crt0msg.obj
 0002:00000958       ??_C@_0O@DELO@TLOSS?5error?$AN?6?$AA@ 00456958     libc:crt0msg.obj
 0002:00000968       ??_C@_0N@OMLL@SING?5error?$AN?6?$AA@ 00456968     libc:crt0msg.obj
 0002:00000978       ??_C@_0P@OJAK@DOMAIN?5error?$AN?6?$AA@ 00456978     libc:crt0msg.obj
 0002:00000988       ??_C@_0CF@EANP@R6028?$AN?6?9?5unable?5to?5initialize?5he@ 00456988     libc:crt0msg.obj
 0002:000009b0       ??_C@_0DF@ECGN@R6027?$AN?6?9?5not?5enough?5space?5for?5lo@ 004569b0     libc:crt0msg.obj
 0002:000009e8       ??_C@_0DF@FKAC@R6026?$AN?6?9?5not?5enough?5space?5for?5st@ 004569e8     libc:crt0msg.obj
 0002:00000a20       ??_C@_0CG@DPMN@R6025?$AN?6?9?5pure?5virtual?5function?5c@ 00456a20     libc:crt0msg.obj
 0002:00000a48       ??_C@_0DF@CKIP@R6024?$AN?6?9?5not?5enough?5space?5for?5_o@ 00456a48     libc:crt0msg.obj
 0002:00000a80       ??_C@_0CJ@GGOE@R6019?$AN?6?9?5unable?5to?5open?5console?5@ 00456a80     libc:crt0msg.obj
 0002:00000aac       ??_C@_0CB@LBOB@R6018?$AN?6?9?5unexpected?5heap?5error?$AN?6@ 00456aac     libc:crt0msg.obj
 0002:00000ad0       ??_C@_0CN@FPEG@R6017?$AN?6?9?5unexpected?5multithread?5@ 00456ad0     libc:crt0msg.obj
 0002:00000b00       ??_C@_0CM@OBIC@R6016?$AN?6?9?5not?5enough?5space?5for?5th@ 00456b00     libc:crt0msg.obj
 0002:00000b2c       ??_C@_0CB@HPAL@?$AN?6abnormal?5program?5termination?$AN?6@ 00456b2c     libc:crt0msg.obj
 0002:00000b50       ??_C@_0CM@JOOB@R6009?$AN?6?9?5not?5enough?5space?5for?5en@ 00456b50     libc:crt0msg.obj
 0002:00000b7c       ??_C@_0CK@OIBL@R6008?$AN?6?9?5not?5enough?5space?5for?5ar@ 00456b7c     libc:crt0msg.obj
 0002:00000ba8       ??_C@_0CF@LKPB@R6002?$AN?6?9?5floating?5point?5not?5load@ 00456ba8     libc:crt0msg.obj
 0002:00000bd0       ??_C@_0CF@JPDF@Microsoft?5Visual?5C?$CL?$CL?5Runtime?5Lib@ 00456bd0     libc:crt0msg.obj
 0002:00000bf8       ??_C@_02JJJH@?6?6?$AA@     00456bf8     libc:crt0msg.obj
 0002:00000bfc       ??_C@_0BK@DEOK@Runtime?5Error?$CB?6?6Program?3?5?$AA@ 00456bfc     libc:crt0msg.obj
 0002:00000c18       ??_C@_03NAME@?4?4?4?$AA@   00456c18     libc:crt0msg.obj
 0002:00000c1c       ??_C@_0BH@NNCD@?$DMprogram?5name?5unknown?$DO?$AA@ 00456c1c     libc:crt0msg.obj
 0002:00000c34       ??_C@_04GGNP@?4com?$AA@    00456c34     libc:stat.obj
 0002:00000c3c       ??_C@_04KBDN@?4bat?$AA@    00456c3c     libc:stat.obj
 0002:00000c44       ??_C@_04LFKF@?4cmd?$AA@    00456c44     libc:stat.obj
 0002:00000c4c       ??_C@_04NFOM@?4exe?$AA@    00456c4c     libc:stat.obj
 0002:00000c54       ___lookuptable             00456c54     libc:output.obj
 0002:00000cb0       ??_C@_1O@POHA@?$AA?$CI?$AAn?$AAu?$AAl?$AAl?$AA?$CJ?$AA?$AA@ 00456cb0     libc:output.obj
 0002:00000cc0       ??_C@_06ONKE@?$CInull?$CJ?$AA@ 00456cc0     libc:output.obj
 0002:00000cc8       ??_C@_01A@?$AA?$AA@        00456cc8     libc:a_str.obj
 0002:00000ccc       ??_C@_13A@?$AA?$AA?$AA?$AA@ 00456ccc     libc:a_str.obj
 0002:00000d08       __DEFAULT_CW_in_mem        00456d08     libc:common.obj
 0002:00000d0a       __pi_by_2_to_61            00456d0a     libc:common.obj
 0002:00000d48       __real@8@3fff8000000000000000 00456d48     libc:powhlp.obj
 0002:00000d50       __real@8@00000000000000000000 00456d50     libc:powhlp.obj
 0002:00000d58       __real@8@40008000000000000000 00456d58     libc:powhlp.obj
 0002:00000d60       __real@8@4015800bf60000000000 00456d60     libc:testfdiv.obj
 0002:00000d68       __real@8@4014bffffc0000000000 00456d68     libc:testfdiv.obj
 0002:00000d70       ??_C@_0BK@JEGK@IsProcessorFeaturePresent?$AA@ 00456d70     libc:testfdiv.obj
 0002:00000d8c       ??_C@_08OBID@KERNEL32?$AA@ 00456d8c     libc:testfdiv.obj
 0002:00000d98       ??_C@_05OFLO@e?$CL000?$AA@ 00456d98     libc:cvt.obj
 0002:00000da0       ??_C@_0BG@JPLP@Illegal?5byte?5sequence?$AA@ 00456da0     libc:syserr.obj
 0002:00000db8       ??_C@_0BE@FLBN@Directory?5not?5empty?$AA@ 00456db8     libc:syserr.obj
 0002:00000dcc       ??_C@_0BJ@KAFL@Function?5not?5implemented?$AA@ 00456dcc     libc:syserr.obj
 0002:00000de8       ??_C@_0BD@CEML@No?5locks?5available?$AA@ 00456de8     libc:syserr.obj
 0002:00000dfc       ??_C@_0BC@GADJ@Filename?5too?5long?$AA@ 00456dfc     libc:syserr.obj
 0002:00000e10       ??_C@_0BK@FNFN@Resource?5deadlock?5avoided?$AA@ 00456e10     libc:syserr.obj
 0002:00000e2c       ??_C@_0BB@EALI@Result?5too?5large?$AA@ 00456e2c     libc:syserr.obj
 0002:00000e40       ??_C@_0N@FIAN@Domain?5error?$AA@ 00456e40     libc:syserr.obj
 0002:00000e50       ??_C@_0M@CLKF@Broken?5pipe?$AA@ 00456e50     libc:syserr.obj
 0002:00000e5c       ??_C@_0P@OFDM@Too?5many?5links?$AA@ 00456e5c     libc:syserr.obj
 0002:00000e6c       ??_C@_0BG@OHDM@Read?9only?5file?5system?$AA@ 00456e6c     libc:syserr.obj
 0002:00000e84       ??_C@_0N@NGPA@Invalid?5seek?$AA@ 00456e84     libc:syserr.obj
 0002:00000e94       ??_C@_0BI@DMFE@No?5space?5left?5on?5device?$AA@ 00456e94     libc:syserr.obj
 0002:00000eac       ??_C@_0P@OPNK@File?5too?5large?$AA@ 00456eac     libc:syserr.obj
 0002:00000ebc       ??_C@_0CE@BADJ@Inappropriate?5I?1O?5control?5operat@ 00456ebc     libc:syserr.obj
 0002:00000ee0       ??_C@_0BE@COOK@Too?5many?5open?5files?$AA@ 00456ee0     libc:syserr.obj
 0002:00000ef4       ??_C@_0BO@ELHF@Too?5many?5open?5files?5in?5system?$AA@ 00456ef4     libc:syserr.obj
 0002:00000f14       ??_C@_0BB@IHAB@Invalid?5argument?$AA@ 00456f14     libc:syserr.obj
 0002:00000f28       ??_C@_0P@NDNC@Is?5a?5directory?$AA@ 00456f28     libc:syserr.obj
 0002:00000f38       ??_C@_0BA@JMMO@Not?5a?5directory?$AA@ 00456f38     libc:syserr.obj
 0002:00000f48       ??_C@_0P@GFAI@No?5such?5device?$AA@ 00456f48     libc:syserr.obj
 0002:00000f58       ??_C@_0O@KHHM@Improper?5link?$AA@ 00456f58     libc:syserr.obj
 0002:00000f68       ??_C@_0M@EPHJ@File?5exists?$AA@ 00456f68     libc:syserr.obj
 0002:00000f74       ??_C@_0BA@LPOH@Resource?5device?$AA@ 00456f74     libc:syserr.obj
 0002:00000f84       ??_C@_0O@NOFB@Unknown?5error?$AA@ 00456f84     libc:syserr.obj
 0002:00000f94       ??_C@_0M@MLJM@Bad?5address?$AA@ 00456f94     libc:syserr.obj
 0002:00000fa0       ??_C@_0BC@DJON@Permission?5denied?$AA@ 00456fa0     libc:syserr.obj
 0002:00000fb4       ??_C@_0BB@KDDC@Not?5enough?5space?$AA@ 00456fb4     libc:syserr.obj
 0002:00000fc8       ??_C@_0CB@BBBH@Resource?5temporarily?5unavailable@ 00456fc8     libc:syserr.obj
 0002:00000fec       ??_C@_0BD@ODIH@No?5child?5processes?$AA@ 00456fec     libc:syserr.obj
 0002:00001000       ??_C@_0BE@CDDH@Bad?5file?5descriptor?$AA@ 00457000     libc:syserr.obj
 0002:00001014       ??_C@_0BC@BICL@Exec?5format?5error?$AA@ 00457014     libc:syserr.obj
 0002:00001028       ??_C@_0BC@IGMC@Arg?5list?5too?5long?$AA@ 00457028     libc:syserr.obj
 0002:0000103c       ??_C@_0BK@HLB@No?5such?5device?5or?5address?$AA@ 0045703c     libc:syserr.obj
 0002:00001058       ??_C@_0BD@MPKK@Input?1output?5error?$AA@ 00457058     libc:syserr.obj
 0002:0000106c       ??_C@_0BK@ODCM@Interrupted?5function?5call?$AA@ 0045706c     libc:syserr.obj
 0002:00001088       ??_C@_0BA@BPKN@No?5such?5process?$AA@ 00457088     libc:syserr.obj
 0002:00001098       ??_C@_0BK@IEMO@No?5such?5file?5or?5directory?$AA@ 00457098     libc:syserr.obj
 0002:000010b4       ??_C@_0BI@IIAE@Operation?5not?5permitted?$AA@ 004570b4     libc:syserr.obj
 0002:000010cc       ??_C@_08KKBH@No?5error?$AA@ 004570cc     libc:syserr.obj
 0002:000010d8       ??_C@_0BD@NJFP@GetLastActivePopup?$AA@ 004570d8     libc:crtmbox.obj
 0002:000010ec       ??_C@_0BA@GILI@GetActiveWindow?$AA@ 004570ec     libc:crtmbox.obj
 0002:000010fc       ??_C@_0M@PKCK@MessageBoxA?$AA@ 004570fc     libc:crtmbox.obj
 0002:00001108       ??_C@_0L@HKL@user32?4dll?$AA@ 00457108     libc:crtmbox.obj
 0002:00001114       ___dnames                  00457114     libc:timeset.obj
 0002:0000112c       ___mnames                  0045712c     libc:timeset.obj
 0002:00001154       ??_C@_02JHIA@TZ?$AA@       00457154     libc:tzset.obj
 0002:00001170       ??_C@_03GAFO@_yn?$AA@      00457170     libc:fpexcept.obj
 0002:00001174       ??_C@_03GNLD@_y1?$AA@      00457174     libc:fpexcept.obj
 0002:00001178       ??_C@_03MHCE@_y0?$AA@      00457178     libc:fpexcept.obj
 0002:0000117c       ??_C@_05PAK@frexp?$AA@     0045717c     libc:fpexcept.obj
 0002:00001184       ??_C@_04JKCH@fmod?$AA@     00457184     libc:fpexcept.obj
 0002:0000118c       ??_C@_06GGHF@_hypot?$AA@   0045718c     libc:fpexcept.obj
 0002:00001194       ??_C@_05JNMC@_cabs?$AA@    00457194     libc:fpexcept.obj
 0002:0000119c       ??_C@_05MEKH@ldexp?$AA@    0045719c     libc:fpexcept.obj
 0002:000011a4       ??_C@_04KAOJ@modf?$AA@     004571a4     libc:fpexcept.obj
 0002:000011ac       ??_C@_04EHAJ@fabs?$AA@     004571ac     libc:fpexcept.obj
 0002:000011b4       ??_C@_05MFBN@floor?$AA@    004571b4     libc:fpexcept.obj
 0002:000011bc       ??_C@_04JJMP@ceil?$AA@     004571bc     libc:fpexcept.obj
 0002:000011c4       ??_C@_03JLPI@tan?$AA@      004571c4     libc:fpexcept.obj
 0002:000011c8       ??_C@_03DLFL@cos?$AA@      004571c8     libc:fpexcept.obj
 0002:000011cc       ??_C@_03JAMN@sin?$AA@      004571cc     libc:fpexcept.obj
 0002:000011d0       ??_C@_04LMBE@sqrt?$AA@     004571d0     libc:fpexcept.obj
 0002:000011d8       ??_C@_05BFPO@atan2?$AA@    004571d8     libc:fpexcept.obj
 0002:000011e0       ??_C@_04EAGN@atan?$AA@     004571e0     libc:fpexcept.obj
 0002:000011e8       ??_C@_04OAMO@acos?$AA@     004571e8     libc:fpexcept.obj
 0002:000011f0       ??_C@_04ELFI@asin?$AA@     004571f0     libc:fpexcept.obj
 0002:000011f8       ??_C@_04LFAD@tanh?$AA@     004571f8     libc:fpexcept.obj
 0002:00001200       ??_C@_04PFKD@cosh?$AA@     00457200     libc:fpexcept.obj
 0002:00001208       ??_C@_04NPAI@sinh?$AA@     00457208     libc:fpexcept.obj
 0002:00001210       ??_C@_05IJHH@log10?$AA@    00457210     libc:fpexcept.obj
 0002:00001218       ??_C@_03BGKD@log?$AA@      00457218     libc:fpexcept.obj
 0002:0000121c       ??_C@_03EGFG@pow?$AA@      0045721c     libc:fpexcept.obj
 0002:00001220       ??_C@_03CDGJ@exp?$AA@      00457220     libc:fpexcept.obj
 0002:00001224       ??_C@_06PAPI@1?$CDQNAN?$AA@ 00457224     libc:x10fout.obj
 0002:0000122c       ??_C@_05BGNL@1?$CDINF?$AA@ 0045722c     libc:x10fout.obj
 0002:00001234       ??_C@_05EDPF@1?$CDIND?$AA@ 00457234     libc:x10fout.obj
 0002:0000123c       ??_C@_06LKFM@1?$CDSNAN?$AA@ 0045723c     libc:x10fout.obj
 0002:000014dc       ??_C@_01PJCK@?4?$AA@       004574dc     libc:tempnam.obj
 0002:000014e0       ??_C@_01PCFE@?2?$AA@       004574e0     libc:tempnam.obj
 0002:000014e4       ??_C@_03LDNL@TMP?$AA@      004574e4     libc:tempnam.obj
 0002:000014e8       ??_C@_06MICP@CONIN$?$AA@   004574e8     libc:initcon.obj
 0002:000014f0       ??_C@_07GLCC@CONOUT$?$AA@  004574f0     libc:initcon.obj
 0002:000014f8       __IMPORT_DESCRIPTOR_USER32 004574f8     user32:USER32.dll
 0002:0000150c       __IMPORT_DESCRIPTOR_KERNEL32 0045750c     kernel32:KERNEL32.dll
 0002:00001520       __NULL_IMPORT_DESCRIPTOR   00457520     user32:USER32.dll
 0003:00000000       ___xc_a                    00458000     libc:crt0init.obj
 0003:00000004       ___xc_z                    00458004     libc:crt0init.obj
 0003:00000008       ___xi_a                    00458008     libc:crt0init.obj
 0003:00000014       ___xi_z                    00458014     libc:crt0init.obj
 0003:00000018       ___xp_a                    00458018     libc:crt0init.obj
 0003:00000028       ___xp_z                    00458028     libc:crt0init.obj
 0003:0000002c       ___xt_a                    0045802c     libc:crt0init.obj
 0003:00000030       ___xt_z                    00458030     libc:crt0init.obj
 0003:000019b8       _jwe_lca                   004599b8     fj90i:jwe_xilc.obj
 0003:00004090       _jwe_efcs                  0045c090     fj90i:jwe_eerm.obj
 0003:00006058       _jwe_iend                  0045e058     fj90i:jwe_iend.obj
 0003:00006968       _jwe_ertb                  0045e968     fj90i:jwe_ertb.obj
 0003:0000847c       _jwe_emto                  0046047c     fj90i:jwe_emso.obj
 0003:00008480       _jwe_emno                  00460480     fj90i:jwe_emso.obj
 0003:00008490       _jwe_emio                  00460490     fj90i:jwe_emso.obj
 0003:00008c98       _jwe_emts                  00460c98     fj90i:jwe_emss.obj
 0003:00008ca4       _jwe_emns                  00460ca4     fj90i:jwe_emss.obj
 0003:00008cc4       _jwe_emis                  00460cc4     fj90i:jwe_emss.obj
 0003:0000b130       _jwe_emtf                  00463130     fj90i:jwe_emsf.obj
 0003:0000b138       _jwe_emnf                  00463138     fj90i:jwe_emsf.obj
 0003:0000b150       _jwe_emif                  00463150     fj90i:jwe_emsf.obj
 0003:0000bbe0       _jwe_emti                  00463be0     fj90i:jwe_emsi.obj
 0003:0000bc00       _jwe_emni                  00463c00     fj90i:jwe_emsi.obj
 0003:0000bc48       _jwe_emii                  00463c48     fj90i:jwe_emsi.obj
 0003:0000c828       _jwe_emtx                  00464828     fj90i:jwe_emsx.obj
 0003:0000c834       _jwe_emnx                  00464834     fj90i:jwe_emsx.obj
 0003:0000c854       _jwe_emix                  00464854     fj90i:jwe_emsx.obj
 0003:0000d000       _jwe_edeb                  00465000     fj90i:jwe_ems5.obj
 0003:0000d3e8       _jwe_esub                  004653e8     fj90i:jwe_ems5.obj
 0003:0000d928       _jwe_esyt                  00465928     fj90i:jwe_ems5.obj
 0003:0000dc08       _jwe_emt5                  00465c08     fj90i:jwe_ems5.obj
 0003:0000dc14       _jwe_emn5                  00465c14     fj90i:jwe_ems5.obj
 0003:0000dc34       _jwe_emi5                  00465c34     fj90i:jwe_ems5.obj
 0003:0000ed98       _jwe_efn1                  00466d98     fj90i:jwe_ems4.obj
 0003:0000fd70       _jwe_efn2                  00467d70     fj90i:jwe_ems4.obj
 0003:000101d0       _jwe_emt4                  004681d0     fj90i:jwe_ems4.obj
 0003:000101d8       _jwe_emn4                  004681d8     fj90i:jwe_ems4.obj
 0003:000101f0       _jwe_emi4                  004681f0     fj90i:jwe_ems4.obj
 0003:00010780       _jwe_eili                  00468780     fj90i:jwe_ems3.obj
 0003:00010d18       _jwe_eifm                  00468d18     fj90i:jwe_ems3.obj
 0003:00011430       _jwe_eide                  00469430     fj90i:jwe_ems3.obj
 0003:00011710       _jwe_emt3                  00469710     fj90i:jwe_ems3.obj
 0003:0001171c       _jwe_emn3                  0046971c     fj90i:jwe_ems3.obj
 0003:0001173c       _jwe_emi3                  0046973c     fj90i:jwe_ems3.obj
 0003:00011bd8       _jwe_eifc                  00469bd8     fj90i:jwe_ems2.obj
 0003:00012808       _jwe_eisp                  0046a808     fj90i:jwe_ems2.obj
 0003:00012ee0       _jwe_eics                  0046aee0     fj90i:jwe_ems2.obj
 0003:000130c0       _jwe_emt2                  0046b0c0     fj90i:jwe_ems2.obj
 0003:000130cc       _jwe_emn2                  0046b0cc     fj90i:jwe_ems2.obj
 0003:000130ec       _jwe_emi2                  0046b0ec     fj90i:jwe_ems2.obj
 0003:00013308       _jwe_estm                  0046b308     fj90i:jwe_ems1.obj
 0003:00013568       _jwe_eexm                  0046b568     fj90i:jwe_ems1.obj
 0003:00013788       _jwe_eimc                  0046b788     fj90i:jwe_ems1.obj
 0003:00013908       _jwe_emt1                  0046b908     fj90i:jwe_ems1.obj
 0003:00013918       _jwe_emn1                  0046b918     fj90i:jwe_ems1.obj
 0003:00013938       _jwe_emi1                  0046b938     fj90i:jwe_ems1.obj
 0003:00013940       __aexit_rtn                0046b940     libc:crt0.obj
 0003:00013944       ___app_type                0046b944     libc:crt0.obj
 0003:00013948       __iob                      0046b948     libc:_file.obj
 0003:00013bc8       __pctype                   0046bbc8     libc:ctype.obj
 0003:00013bcc       __pwctype                  0046bbcc     libc:ctype.obj
 0003:00013bd0       __ctype                    0046bbd0     libc:ctype.obj
 0003:00013dd4       ___mb_cur_max              0046bdd4     libc:nlsdata1.obj
 0003:00013dd8       ___decimal_point           0046bdd8     libc:nlsdata1.obj
 0003:00013ddc       ___decimal_point_length    0046bddc     libc:nlsdata1.obj
 0003:00013de0       __half                     0046bde0     libc:pow.obj
 0003:00013dec       __fltused                  0046bdec     libc:fpinit.obj
[...]
 0001:00019030       _jwe_iioe                  0041c030 f   fj90i:jwe_iedi.obj
 0001:000193a0       _jwe_iios                  0041c3a0 f   fj90i:jwe_iedi.obj
 0001:000196b0       _jwe_iige                  0041c6b0 f   fj90i:jwe_iedi.obj
 0001:000196d0       _jwe_iine                  0041c6d0 f   fj90i:jwe_iedi.obj
 0001:000196e0       _jwe_iief                  0041c6e0 f   fj90i:jwe_iedi.obj
 0001:00019ad0       _jwe_iiqe                  0041cad0 f   fj90i:jwe_iedi.obj
 0001:000134e0       _jwe_iofe                  004164e0 f   fj90i:jwe_iedo.obj
 0001:00013750       _jwe_ioed                  00416750 f   fj90i:jwe_iedo.obj
 0001:000140d0       _jwe_ior0                  004170d0 f   fj90i:jwe_iedo.obj
 0001:00014260       _jwe_ioni                  00417260 f   fj90i:jwe_iedo.obj
 0001:00014320       _jwe_ioic                  00417320 f   fj90i:jwe_iedo.obj
 0001:00014540       _jwe_ioge                  00417540 f   fj90i:jwe_iedo.obj
 0001:00014580       _jwe_iocl                  00417580 f   fj90i:jwe_iedo.obj
 0001:000145b0       _jwe_ioie                  004175b0 f   fj90i:jwe_iedo.obj
 0001:00014870       _jwe_ioig                  00417870 f   fj90i:jwe_iedo.obj
 0001:00014b10       _jwe_iole                  00417b10 f   fj90i:jwe_iedo.obj
 0001:00014bf0       _jwe_ioaw                  00417bf0 f   fj90i:jwe_iedo.obj
 0001:00014c80       _jwe_ioae                  00417c80 f   fj90i:jwe_iedo.obj
 0001:00014cb0       _jwe_iozs                  00417cb0 f   fj90i:jwe_iedo.obj
 0001:00014f00       _jwe_ioze                  00417f00 f   fj90i:jwe_iedo.obj
 0001:00015100       _jwe_ioen                  00418100 f   fj90i:jwe_iedo.obj
 0001:000155b0       _jwe_ioes                  004185b0 f   fj90i:jwe_iedo.obj
 0001:00015950       _jwe_iore                  00418950 f   fj90i:jwe_iedo.obj
 0001:000159e0       _jwe_iobs                  004189e0 f   fj90i:jwe_iedo.obj
 0001:00015cd0       _jwe_iobe                  00418cd0 f   fj90i:jwe_iedo.obj
 0001:00015f80       _jwe_ioos                  00418f80 f   fj90i:jwe_iedo.obj
 0001:00016330       _jwe_iooe                  00419330 f   fj90i:jwe_iedo.obj
 0001:00016540       _jwe_ione                  00419540 f   fj90i:jwe_iedo.obj
 0001:00013440       _jwe_iife                  00416440 f   fj90i:jwe_iipg.obj
 0001:00011cf0       _jwe_ilno                  00414cf0 f   fj90i:jwe_ilni.obj
 0001:00011df0       _jwe_iln1                  00414df0 f   fj90i:jwe_ilni.obj
 0001:00011f20       _jwe_iln2                  00414f20 f   fj90i:jwe_ilni.obj
 0001:00011f40       _jwe_ilnp                  00414f40 f   fj90i:jwe_ilni.obj
 0001:000128e0       _jwe_ilnr                  004158e0 f   fj90i:jwe_ilni.obj
 0001:000129b0       _jwe_ilng                  004159b0 f   fj90i:jwe_ilni.obj
 0001:00012a20       _jwe_ilnc                  00415a20 f   fj90i:jwe_ilni.obj
 0001:00012b40       _jwe_ilns                  00415b40 f   fj90i:jwe_ilni.obj
 0001:00012c20       _jwe_ilnl                  00415c20 f   fj90i:jwe_ilni.obj
 0001:00012e20       _jwe_ilne                  00415e20 f   fj90i:jwe_ilni.obj
 0001:00013050       _jwe_ilnf                  00416050 f   fj90i:jwe_ilni.obj
 0001:00010950       _jwe_inip                  00413950 f   fj90i:jwe_inai.obj
 0001:00010ab0       _jwe_inss                  00413ab0 f   fj90i:jwe_inai.obj
 0001:00010d90       _jwe_inar                  00413d90 f   fj90i:jwe_inai.obj
 0001:00011190       _jwe_insb                  00414190 f   fj90i:jwe_inai.obj
 0001:00011410       _jwe_inst                  00414410 f   fj90i:jwe_inai.obj
 0001:0000d450       _jwe_incs                  00410450 f   fj90i:jwe_inao.obj
 0001:0000d5e0       _jwe_inct                  004105e0 f   fj90i:jwe_inao.obj
 0001:0000d7b0       _jwe_inon                  004107b0 f   fj90i:jwe_inao.obj
 0001:0000d880       _jwe_invo                  00410880 f   fj90i:jwe_inao.obj
 0001:0000e420       _jwe_inop                  00411420 f   fj90i:jwe_inao.obj
 0001:0000e4f0       _jwe_in_n                  004114f0 f   fj90i:jwe_inao.obj
 0001:0000e570       _jwe_inoe                  00411570 f   fj90i:jwe_inao.obj
 0001:0000e610       _jwe_in_c                  00411610 f   fj90i:jwe_inao.obj
 0001:0000e6e0       _jwe_in_r                  004116e0 f   fj90i:jwe_inao.obj
 0001:0000cee0       _jwe_imch                  0040fee0 f   fj90i:jwe_ifmt.obj
 0001:0000d030       _jwe_imgp                  00410030 f   fj90i:jwe_ifmt.obj
 0001:0000d090       _jwe_impp                  00410090 f   fj90i:jwe_ifmt.obj
 0001:0000d120       _jwe_ifme                  00410120 f   fj90i:jwe_ifmt.obj
 0001:00009b00       _jwe_isip                  0040cb00 f   fj90i:jwe_ifct.obj
 0001:0000b8c0       _jwe_ifrp                  0040e8c0 f   fj90i:jwe_ifct.obj
 0001:0000b900       _jwe_ifer                  0040e900 f   fj90i:jwe_ifct.obj
 0001:0000b9f0       _jwe_ifcg                  0040e9f0 f   fj90i:jwe_ifct.obj
 0001:0000bad0       _jwe_iftc                  0040ead0 f   fj90i:jwe_ifct.obj
 0001:00009180       _jwe_errproc               0040c180 f   fj90i:jwe_iflc.obj
 0001:00008000       _jwe_error_call            0040b000 f   fj90i:jwe_xdal.obj
 0001:00007a40       _jwe_error_call            0040aa40 f   fj90i:jwe_xalc.obj
 0001:000066c0       _jwe_xsch                  004096c0 f   fj90i:jwe_xopt.obj
 0001:00005d20       _jwe_iifg                  00408d20 f   fj90i:jwe_iinf.obj
 0001:00005de0       _jwe_iifp                  00408de0 f   fj90i:jwe_iinf.obj
 0001:000030e0       _jwe_iop0                  004060e0 f   fj90i:jwe_iocf.obj
 0001:000035b0       _jwe_iocl                  004065b0 f   fj90i:jwe_iocf.obj
 0001:000037d0       _jwe_iop1                  004067d0 f   fj90i:jwe_iocf.obj
 0001:000042a0       _jwe_iop2                  004072a0 f   fj90i:jwe_iocf.obj
 0001:00004470       _jwe_iop3                  00407470 f   fj90i:jwe_iocf.obj
 0001:000044e0       _jwe_iop5                  004074e0 f   fj90i:jwe_iocf.obj
 0001:00004590       _jwe_iop4                  00407590 f   fj90i:jwe_iocf.obj
 0001:00004650       _jwe_iop6                  00407650 f   fj90i:jwe_iocf.obj
 0001:000046d0       _jwe_iop7                  004076d0 f   fj90i:jwe_iocf.obj
 0001:000048d0       _jwe_iopc                  004078d0 f   fj90i:jwe_iocf.obj
 0001:000049a0       _jwe_iopw                  004079a0 f   fj90i:jwe_iocf.obj
 0001:00004c20       _jwe_iope                  00407c20 f   fj90i:jwe_iocf.obj
 0001:00004e40       _jwe_iops                  00407e40 f   fj90i:jwe_iocf.obj
 0001:00004ef0       _jwe_iop8                  00407ef0 f   fj90i:jwe_iocf.obj
 0001:0005224e       _xtoa                      0045524e f   libc:xtoa.obj
 0001:00052320       _x64toa@20                 00455320 f   libc:xtoa.obj
 0001:000520ad       __stripquote               004550ad f   libc:tempnam.obj
 0001:00051741       _output                    00454741 f   libc:cprintf.obj
 0001:00051e6e       _write_char                00454e6e f   libc:cprintf.obj
 0001:00051e88       _write_multi_char          00454e88 f   libc:cprintf.obj
 0001:00051eb4       _write_string              00454eb4 f   libc:cprintf.obj
 0001:00051ee7       _get_int_arg               00454ee7 f   libc:cprintf.obj
 0001:00051ef4       _get_int64_arg             00454ef4 f   libc:cprintf.obj
 0001:00051f04       _get_short_arg             00454f04 f   libc:cprintf.obj
 0001:0004f849       __get_fname                00452849 f   libc:fpexcept.obj
 0001:0004d264       label0                     00450264 f   libc:adj_fdiv.obj
 0001:0004d26a       label1                     0045026a f   libc:adj_fdiv.obj
 0001:0004d26f       label2                     0045026f f   libc:adj_fdiv.obj
 0001:0004d275       label3                     00450275 f   libc:adj_fdiv.obj
 0001:0004d27a       label4                     0045027a f   libc:adj_fdiv.obj
 0001:0004d280       label5                     00450280 f   libc:adj_fdiv.obj
 0001:0004d286       label6                     00450286 f   libc:adj_fdiv.obj
 0001:0004d28c       label7                     0045028c f   libc:adj_fdiv.obj
 0001:0004d292       label8                     00450292 f   libc:adj_fdiv.obj
 0001:0004d2ae       label9                     004502ae f   libc:adj_fdiv.obj
 0001:0004d2b3       label10                    004502b3 f   libc:adj_fdiv.obj
 0001:0004d2c9       label11                    004502c9 f   libc:adj_fdiv.obj
 0001:0004d2ce       label12                    004502ce f   libc:adj_fdiv.obj
 0001:0004d2ea       label13                    004502ea f   libc:adj_fdiv.obj
 0001:0004d2fa       label14                    004502fa f   libc:adj_fdiv.obj
 0001:0004d30e       label15                    0045030e f   libc:adj_fdiv.obj
 0001:0004d31e       label16                    0045031e f   libc:adj_fdiv.obj
 0001:0004d33e       label17                    0045033e f   libc:adj_fdiv.obj
 0001:0004d343       label18                    00450343 f   libc:adj_fdiv.obj
 0001:0004d35d       label19                    0045035d f   libc:adj_fdiv.obj
 0001:0004d362       label20                    00450362 f   libc:adj_fdiv.obj
 0001:0004d382       label21                    00450382 f   libc:adj_fdiv.obj
 0001:0004d396       label22                    00450396 f   libc:adj_fdiv.obj
 0001:0004d3ae       label23                    004503ae f   libc:adj_fdiv.obj
 0001:0004d3c2       label24                    004503c2 f   libc:adj_fdiv.obj
 0001:0004d3e2       label25                    004503e2 f   libc:adj_fdiv.obj
 0001:0004d3e7       label26                    004503e7 f   libc:adj_fdiv.obj
 0001:0004d401       label27                    00450401 f   libc:adj_fdiv.obj
 0001:0004d406       label28                    00450406 f   libc:adj_fdiv.obj
 0001:0004d426       label29                    00450426 f   libc:adj_fdiv.obj
 0001:0004d43a       label30                    0045043a f   libc:adj_fdiv.obj
 0001:0004d452       label31                    00450452 f   libc:adj_fdiv.obj
 0001:0004d466       label32                    00450466 f   libc:adj_fdiv.obj
 0001:0004d486       label33                    00450486 f   libc:adj_fdiv.obj
 0001:0004d48b       label34                    0045048b f   libc:adj_fdiv.obj
 0001:0004d4a5       label35                    004504a5 f   libc:adj_fdiv.obj
 0001:0004d4aa       label36                    004504aa f   libc:adj_fdiv.obj
 0001:0004d4ca       label37                    004504ca f   libc:adj_fdiv.obj
 0001:0004d4de       label38                    004504de f   libc:adj_fdiv.obj
 0001:0004d4f6       label39                    004504f6 f   libc:adj_fdiv.obj
 0001:0004d50a       label40                    0045050a f   libc:adj_fdiv.obj
 0001:0004d52a       label41                    0045052a f   libc:adj_fdiv.obj
 0001:0004d52f       label42                    0045052f f   libc:adj_fdiv.obj
 0001:0004d549       label43                    00450549 f   libc:adj_fdiv.obj
 0001:0004d54e       label44                    0045054e f   libc:adj_fdiv.obj
 0001:0004d56e       label45                    0045056e f   libc:adj_fdiv.obj
 0001:0004d582       label46                    00450582 f   libc:adj_fdiv.obj
 0001:0004d59a       label47                    0045059a f   libc:adj_fdiv.obj
 0001:0004d5ae       label48                    004505ae f   libc:adj_fdiv.obj
 0001:0004d5ce       label49                    004505ce f   libc:adj_fdiv.obj
 0001:0004d5d3       label50                    004505d3 f   libc:adj_fdiv.obj
 0001:0004d5ed       label51                    004505ed f   libc:adj_fdiv.obj
 0001:0004d5f2       label52                    004505f2 f   libc:adj_fdiv.obj
 0001:0004d612       label53                    00450612 f   libc:adj_fdiv.obj
 0001:0004d626       label54                    00450626 f   libc:adj_fdiv.obj
 0001:0004d63e       label55                    0045063e f   libc:adj_fdiv.obj
 0001:0004d652       label56                    00450652 f   libc:adj_fdiv.obj
 0001:0004d672       label57                    00450672 f   libc:adj_fdiv.obj
 0001:0004d677       label58                    00450677 f   libc:adj_fdiv.obj
 0001:0004d691       label59                    00450691 f   libc:adj_fdiv.obj
 0001:0004d696       label60                    00450696 f   libc:adj_fdiv.obj
 0001:0004d6b6       label61                    004506b6 f   libc:adj_fdiv.obj
 0001:0004d6ca       label62                    004506ca f   libc:adj_fdiv.obj
 0001:0004d6e2       label63                    004506e2 f   libc:adj_fdiv.obj
 0001:0004d074       _findenv                   00450074 f   libc:setenv.obj
 0001:0004d0cc       _copy_environ              004500cc f   libc:setenv.obj
 0001:0004cec2       _strncnt                   0044fec2 f   libc:a_cmp.obj
 0001:0004c855       _cvtdate                   0044f855 f   libc:tzset.obj
 0001:0004bdd9       _getSystemCP               0044edd9 f   libc:mbctype.obj
 0001:0004be23       _CPtoLCID                  0044ee23 f   libc:mbctype.obj
 0001:0004be56       _setSBCS                   0044ee56 f   libc:mbctype.obj
 0001:0004be7f       _setSBUpLow                0044ee7f f   libc:mbctype.obj
 0001:0004b445       _ctrlevent_capture@4       0044e445 f   libc:winsig.obj
 0001:0004b5aa       _siglookup                 0044e5aa f   libc:winsig.obj
 0001:0004afb3       __cftoe_g                  0044dfb3 f   libc:cvt.obj
 0001:0004afda       __cftof_g                  0044dfda f   libc:cvt.obj
 0001:0004b04e       __shift                    0044e04e f   libc:cvt.obj
 0001:0004a481       fFEXP                      0044d481 f   libc:87tran.obj
 0001:0004a5c1       _rtforexpinf               0044d5c1 f   libc:87tran.obj
 0001:0004a369       _strncnt                   0044d369 f   libc:a_map.obj
 0001:00049e80       LeadUp1                    0044ce80 f   libc:memcpy.obj
 0001:00049eac       LeadUp2                    0044ceac f   libc:memcpy.obj
 0001:00049ed0       LeadUp3                    0044ced0 f   libc:memcpy.obj
 0001:00049f4f       UnwindUp0                  0044cf4f f   libc:memcpy.obj
 0001:00049f3c       UnwindUp1                  0044cf3c f   libc:memcpy.obj
 0001:00049f34       UnwindUp2                  0044cf34 f   libc:memcpy.obj
 0001:00049f2c       UnwindUp3                  0044cf2c f   libc:memcpy.obj
 0001:00049f24       UnwindUp4                  0044cf24 f   libc:memcpy.obj
 0001:00049f1c       UnwindUp5                  0044cf1c f   libc:memcpy.obj
 0001:00049f14       UnwindUp6                  0044cf14 f   libc:memcpy.obj
 0001:00049f0c       UnwindUp7                  0044cf0c f   libc:memcpy.obj
 0001:00049f68       TrailUp0                   0044cf68 f   libc:memcpy.obj
 0001:00049f70       TrailUp1                   0044cf70 f   libc:memcpy.obj
 0001:00049f7c       TrailUp2                   0044cf7c f   libc:memcpy.obj
 0001:00049f90       TrailUp3                   0044cf90 f   libc:memcpy.obj
 0001:0004a008       LeadDown1                  0044d008 f   libc:memcpy.obj
 0001:0004a028       LeadDown2                  0044d028 f   libc:memcpy.obj
 0001:0004a050       LeadDown3                  0044d050 f   libc:memcpy.obj
 0001:0004a0a4       UnwindDown7                0044d0a4 f   libc:memcpy.obj
 0001:0004a0ac       UnwindDown6                0044d0ac f   libc:memcpy.obj
 0001:0004a0b4       UnwindDown5                0044d0b4 f   libc:memcpy.obj
 0001:0004a0bc       UnwindDown4                0044d0bc f   libc:memcpy.obj
 0001:0004a0c4       UnwindDown3                0044d0c4 f   libc:memcpy.obj
 0001:0004a0cc       UnwindDown2                0044d0cc f   libc:memcpy.obj
 0001:0004a0d4       UnwindDown1                0044d0d4 f   libc:memcpy.obj
 0001:0004a0e7       UnwindDown0                0044d0e7 f   libc:memcpy.obj
 0001:0004a100       TrailDown0                 0044d100 f   libc:memcpy.obj
 0001:0004a108       TrailDown1                 0044d108 f   libc:memcpy.obj
 0001:0004a118       TrailDown2                 0044d118 f   libc:memcpy.obj
 0001:0004a12c       TrailDown3                 0044d12c f   libc:memcpy.obj
 0001:000482b9       _write_char                0044b2b9 f   libc:output.obj
 0001:000482ee       _write_multi_char          0044b2ee f   libc:output.obj
 0001:0004831f       _write_string              0044b31f f   libc:output.obj
 0001:00048357       _get_int_arg               0044b357 f   libc:output.obj
 0001:00048364       _get_int64_arg             0044b364 f   libc:output.obj
 0001:00048374       _get_short_arg             0044b374 f   libc:output.obj
 0001:000474a8       _IsRootUNCName             0044a4a8 f   libc:stat.obj
 0001:00046c58       _gu_return                 00449c58 f   libc:exsup.obj
 0001:00046c60       __unwind_handler           00449c60 f   libc:exsup.obj
 0001:00046511       _parse_cmdline             00449511 f   libc:stdargv.obj
 0001:0004637c       _xcptlookup                0044937c f   libc:winxfltr.obj
 0001:00044f8c       _doexit                    00447f8c f   libc:crt0dat.obj
 0001:00045025       __initterm                 00448025 f   libc:crt0dat.obj
 0001:00044c80       _strtoxl                   00447c80 f   libc:strtol.obj
 0001:00044650       LeadUp1                    00447650 f   libc:memmove.obj
 0001:0004467c       LeadUp2                    0044767c f   libc:memmove.obj
 0001:000446a0       LeadUp3                    004476a0 f   libc:memmove.obj
 0001:0004471f       UnwindUp0                  0044771f f   libc:memmove.obj
 0001:0004470c       UnwindUp1                  0044770c f   libc:memmove.obj
 0001:00044704       UnwindUp2                  00447704 f   libc:memmove.obj
 0001:000446fc       UnwindUp3                  004476fc f   libc:memmove.obj
 0001:000446f4       UnwindUp4                  004476f4 f   libc:memmove.obj
 0001:000446ec       UnwindUp5                  004476ec f   libc:memmove.obj
 0001:000446e4       UnwindUp6                  004476e4 f   libc:memmove.obj
 0001:000446dc       UnwindUp7                  004476dc f   libc:memmove.obj
 0001:00044738       TrailUp0                   00447738 f   libc:memmove.obj
 0001:00044740       TrailUp1                   00447740 f   libc:memmove.obj
 0001:0004474c       TrailUp2                   0044774c f   libc:memmove.obj
 0001:00044760       TrailUp3                   00447760 f   libc:memmove.obj
 0001:000447d8       LeadDown1                  004477d8 f   libc:memmove.obj
 0001:000447f8       LeadDown2                  004477f8 f   libc:memmove.obj
 0001:00044820       LeadDown3                  00447820 f   libc:memmove.obj
 0001:00044874       UnwindDown7                00447874 f   libc:memmove.obj
 0001:0004487c       UnwindDown6                0044787c f   libc:memmove.obj
 0001:00044884       UnwindDown5                00447884 f   libc:memmove.obj
 0001:0004488c       UnwindDown4                0044788c f   libc:memmove.obj
 0001:00044894       UnwindDown3                00447894 f   libc:memmove.obj
 0001:0004489c       UnwindDown2                0044789c f   libc:memmove.obj
 0001:000448a4       UnwindDown1                004478a4 f   libc:memmove.obj
 0001:000448b7       UnwindDown0                004478b7 f   libc:memmove.obj
 0001:000448d0       TrailDown0                 004478d0 f   libc:memmove.obj
 0001:000448d8       TrailDown1                 004478d8 f   libc:memmove.obj
 0001:000448e8       TrailDown2                 004478e8 f   libc:memmove.obj
 0001:000448fc       TrailDown3                 004478fc f   libc:memmove.obj
 0001:00043e4b       _flsall                    00446e4b f   libc:fflush.obj
 0001:00043c5b       __abstract_cw              00446c5b f   libc:ieee87.obj
 0001:00043ced       __hw_cw                    00446ced f   libc:ieee87.obj
 0001:00043d76       __abstract_sw              00446d76 f   libc:ieee87.obj
 0001:00043b4f       _IsRootUNCName             00446b4f f   libc:stati64.obj
 0001:000437a3       _fast_error_exit           004467a3 f   libc:crt0.obj
